<svg viewBox="0 0 956 577" preserveAspectRatio="none"><g class="multi"><g><line class="gridline-y" stroke="#bbb"></line><line class="gridline-y" stroke="#bbb"></line><line class="gridline-y" stroke="#bbb"></line><line class="gridline-y" stroke="#bbb"></line><line class="gridline-y" stroke="#bbb"></line><line class="gridline-y" stroke="#bbb"></line><line class="gridline-y" stroke="#bbb"></line><line class="gridline-y" stroke="#bbb"></line><line class="gridline-y" stroke="#bbb"></line><line class="gridline-y" stroke="#bbb"></line><line class="gridline-y" stroke="#bbb"></line><line class="gridline-y" stroke="#bbb"></line><line class="gridline-y" stroke="#bbb"></line><line class="gridline-x" stroke="#bbb"></line><line class="gridline-x" stroke="#bbb"></line><line class="gridline-x" stroke="#bbb"></line><line class="gridline-x" stroke="#bbb"></line><line class="gridline-x" stroke="#bbb"></line><line class="gridline-x" stroke="#bbb"></line><line class="gridline-x" stroke="#bbb"></line><line class="gridline-x" stroke="#bbb"></line><line class="gridline-x" stroke="#bbb"></line><line class="gridline-x" stroke="#bbb"></line><line class="gridline-x" stroke="#bbb"></line><line class="gridline-x" stroke="#bbb"></line><line class="gridline-x" stroke="#bbb"></line><line class="gridline-x" stroke="#bbb"></line><line class="gridline-x" stroke="#bbb"></line><line class="gridline-x" stroke="#bbb"></line></g></g><g class="multi"><g><g class="multi"><g><path class="line" fill="none" stroke="#000"></path></g></g></g></g></svg><svg preserveAspectRatio="none" viewBox="0 0 956 32" fill="none" font-size="10" font-family="sans-serif" text-anchor="middle"><path class="domain" stroke="#000"></path><g class="tick"><path stroke="#000"></path><text fill="#000" visibility="false">0</text></g><g class="tick"><path stroke="#000"></path><text fill="#000" visibility="false">0.50</text></g><g class="tick"><path stroke="#000"></path><text fill="#000" visibility="false">1</text></g><g class="tick"><path stroke="#000"></path><text fill="#000" visibility="false">1.50</text></g><g class="tick"><path stroke="#000"></path><text fill="#000" visibility="false">2</text></g><g class="tick"><path stroke="#000"></path><text fill="#000" visibility="false">2.50</text></g><g class="tick"><path stroke="#000"></path><text fill="#000" visibility="false">3</text></g><g class="tick"><path stroke="#000"></path><text fill="#000" visibility="false">3.50</text></g><g class="tick"><path stroke="#000"></path><text fill="#000" visibility="false">4</text></g><g class="tick"><path stroke="#000"></path><text fill="#000" visibility="false">4.50</text></g><g class="tick"><path stroke="#000"></path><text fill="#000" visibility="false">5</text></g><g class="tick"><path stroke="#000"></path><text fill="#000" visibility="false">5.50</text></g><g class="tick"><path stroke="#000"></path><text fill="#000" visibility="false">6</text></g></svg><svg preserveAspectRatio="none" viewBox="-48 0 48 577" fill="none" font-size="10" font-family="sans-serif" text-anchor="end"><path class="domain" stroke="#000"></path><g class="tick"><path stroke="#000"></path><text fill="#000" visibility="false">−2,000</text></g><g class="tick"><path stroke="#000"></path><text fill="#000" visibility="false">−1,800</text></g><g class="tick"><path stroke="#000"></path><text fill="#000" visibility="false">−1,600</text></g><g class="tick"><path stroke="#000"></path><text fill="#000" visibility="false">−1,400</text></g><g class="tick"><path stroke="#000"></path><text fill="#000" visibility="false">−1,200</text></g><g class="tick"><path stroke="#000"></path><text fill="#000" visibility="false">−1,000</text></g><g class="tick"><path stroke="#000"></path><text fill="#000" visibility="false">−800</text></g><g class="tick"><path stroke="#000"></path><text fill="#000" visibility="false">−600</text></g><g class="tick"><path stroke="#000"></path><text fill="#000" visibility="false">−400</text></g><g class="tick"><path stroke="#000"></path><text fill="#000" visibility="false">−200</text></g><g class="tick"><path stroke="#000"></path><text fill="#000" visibility="false">0</text></g><g class="tick"><path stroke="#000"></path><text fill="#000" visibility="false">200</text></g><g class="tick"><path stroke="#000"></path><text fill="#000" visibility="false">400</text></g><g class="tick"><path stroke="#000"></path><text fill="#000" visibility="false">600</text></g><g class="tick"><path stroke="#000"></path><text fill="#000" visibility="false">800</text></g><g class="tick"><path stroke="#000"></path><text fill="#000" visibility="false">1,000</text></g></svg>