<svg viewBox="0 0 956 577" preserveAspectRatio="none"><g class="multi"><g><line class="gridline-y" stroke="#bbb"></line><line class="gridline-y" stroke="#bbb"></line><line class="gridline-y" stroke="#bbb"></line><line class="gridline-y" stroke="#bbb"></line><line class="gridline-y" stroke="#bbb"></line><line class="gridline-y" stroke="#bbb"></line><line class="gridline-y" stroke="#bbb"></line><line class="gridline-y" stroke="#bbb"></line><line class="gridline-y" stroke="#bbb"></line><line class="gridline-y" stroke="#bbb"></line><line class="gridline-y" stroke="#bbb"></line><line class="gridline-y" stroke="#bbb"></line><line class="gridline-y" stroke="#bbb"></line><line class="gridline-x" stroke="#bbb"></line><line class="gridline-x" stroke="#bbb"></line><line class="gridline-x" stroke="#bbb"></line><line class="gridline-x" stroke="#bbb"></line><line class="gridline-x" stroke="#bbb"></line><line class="gridline-x" stroke="#bbb"></line><line class="gridline-x" stroke="#bbb"></line><line class="gridline-x" stroke="#bbb"></line><line class="gridline-x" stroke="#bbb"></line><line class="gridline-x" stroke="#bbb"></line><line class="gridline-x" stroke="#bbb"></line><line class="gridline-x" stroke="#bbb"></line><line class="gridline-x" stroke="#bbb"></line><line class="gridline-x" stroke="#bbb"></line><line class="gridline-x" stroke="#bbb"></line><line class="gridline-x" stroke="#bbb"></line></g></g><g class="multi"><g><g class="multi"><g><path class="line" fill="none" stroke="#000"></path></g></g><g class="multi"><g><path class="line" fill="none" stroke="#000"></path></g></g><g class="multi"><g><path class="line" fill="none" stroke="#000"></path></g></g></g></g></svg><svg preserveAspectRatio="none" viewBox="0 0 956 32" fill="none" font-size="10" font-family="sans-serif" text-anchor="middle"><path class="domain" stroke="#000"></path><g class="tick"><path stroke="#000"></path><text fill="#000" visibility="false">0</text></g><g class="tick"><path stroke="#000"></path><text fill="#000" visibility="false">0.50</text></g><g class="tick"><path stroke="#000"></path><text fill="#000" visibility="false">1</text></g><g class="tick"><path stroke="#000"></path><text fill="#000" visibility="false">1.50</text></g><g class="tick"><path stroke="#000"></path><text fill="#000" visibility="false">2</text></g><g class="tick"><path stroke="#000"></path><text fill="#000" visibility="false">2.50</text></g><g class="tick"><path stroke="#000"></path><text fill="#000" visibility="false">3</text></g><g class="tick"><path stroke="#000"></path><text fill="#000" visibility="false">3.50</text></g><g class="tick"><path stroke="#000"></path><text fill="#000" visibility="false">4</text></g><g class="tick"><path stroke="#000"></path><text fill="#000" visibility="false">4.50</text></g><g class="tick"><path stroke="#000"></path><text fill="#000" visibility="false">5</text></g><g class="tick"><path stroke="#000"></path><text fill="#000" visibility="false">5.50</text></g><g class="tick"><path stroke="#000"></path><text fill="#000" visibility="false">6</text></g></svg><svg preserveAspectRatio="none" viewBox="-48 0 48 577" fill="none" font-size="10" font-family="sans-serif" text-anchor="end"><path class="domain" stroke="#000"></path><g class="tick"><path stroke="#000"></path><text fill="#000" visibility="false">−2,000</text></g><g class="tick"><path stroke="#000"></path><text fill="#000" visibility="false">−1,800</text></g><g class="tick"><path stroke="#000"></path><text fill="#000" visibility="false">−1,600</text></g><g class="tick"><path stroke="#000"></path><text fill="#000" visibility="false">−1,400</text></g><g class="tick"><path stroke="#000"></path><text fill="#000" visibility="false">−1,200</text></g><g class="tick"><path stroke="#000"></path><text fill="#000" visibility="false">−1,000</text></g><g class="tick"><path stroke="#000"></path><text fill="#000" visibility="false">−800</text></g><g class="tick"><path stroke="#000"></path><text fill="#000" visibility="false">−600</text></g><g class="tick"><path stroke="#000"></path><text fill="#000" visibility="false">−400</text></g><g class="tick"><path stroke="#000"></path><text fill="#000" visibility="false">−200</text></g><g class="tick"><path stroke="#000"></path><text fill="#000" visibility="false">0</text></g><g class="tick"><path stroke="#000"></path><text fill="#000" visibility="false">200</text></g><g class="tick"><path stroke="#000"></path><text fill="#000" visibility="false">400</text></g><g class="tick"><path stroke="#000"></path><text fill="#000" visibility="false">600</text></g><g class="tick"><path stroke="#000"></path><text fill="#000" visibility="false">800</text></g><g class="tick"><path stroke="#000"></path><text fill="#000" visibility="false">1,000</text></g></svg><svg id="dragHandles" width="150" height="68"><g><rect id="dragleft" class="vertical-drag-handle" y="9" x="0" height="50" width="9" fill="lightgreen" fill-opacity="0" cursor="ew-resize" style="z-index: 3;"></rect><rect id="dragtop" class="horizontal-drag-handle" y="0" x="9" height="9" width="132" fill="lightblue" fill-opacity="0" cursor="ns-resize" style="z-index: 3;"></rect><rect id="dragright" class="vertical-drag-handle" y="9" x="141" height="50" width="9" fill="lightgreen" fill-opacity="0" cursor="ew-resize" style="z-index: 3;"></rect><rect id="dragbottom" class="horizontal-drag-handle" y="59" x="9" height="9" width="132" fill="lightblue" fill-opacity="0" cursor="ns-resize" style="z-index: 3;"></rect><rect id="dragtopleft" class="corner-drag-handle top left" height="9" width="9" fill="red" fill-opacity="0" cursor="nwse-resize" style="z-index: 3;" y="0"></rect><rect id="dragtopright" class="corner-drag-handle top right" height="9" width="9" fill="red" fill-opacity="0" cursor="nesw-resize" style="z-index: 3;" y="0" x="141"></rect><rect id="dragbottomright" class="corner-drag-handle bottom right" height="9" width="9" fill="red" fill-opacity="0" cursor="nwse-resize" style="z-index: 3;" y="59" x="141"></rect><rect id="dragbottomleft" class="corner-drag-handle bottom left" height="9" width="9" fill="red" fill-opacity="0" cursor="nesw-resize" style="z-index: 3;" y="59" x="0"></rect></g></svg><svg class="legend" height="67.5"><g class="legendCells"><g class="cell"><circle class="swatch" r="6" style="fill: rgba(3, 102, 214, 0.8); stroke: rgb(3, 102, 214);"></circle><text class="label">Furniture</text><title>Furniture</title></g><g class="cell"><circle class="swatch" r="6" style="fill: rgba(255, 127, 14, 0.8); stroke: rgb(255, 127, 14);"></circle><text class="label">Office Supplies</text><title>Office Supplies</title></g><g class="cell"><circle class="swatch" r="6" style="fill: rgba(44, 160, 44, 0.8); stroke: rgb(44, 160, 44);"></circle><text class="label">Technology</text><title>Technology</title></g></g></svg>