<div class="split-panel-child"><div id="side_panel" class="column noselect split-panel orient-vertical"><div id="plugin_selector_container"><div data-plugin="Debug" class="plugin-select-item"><span class="plugin-select-item-name">Debug</span></div><div id="plugin_selector_border"></div></div><div class="split-panel-child"><div id="selected-columns"><div id="active-columns"><div style="position:sticky;top:0;transform:translateY(0px);" class="scroll-panel-container"><div slot="top_panel" id="top_panel"><div class="rrow"><div id="group_by"><div class="psp-text-field"><ul for="group_by" class="psp-text-field__input"><div class="pivot-column column-empty"><input spellcheck="false" class="column-empty-input"></div></ul><label for="group_by" class="pivot-selector-label"></label></div></div></div><div class="rrow"><div id="split_by"><div class="psp-text-field"><ul for="split_by" class="psp-text-field__input"><div class="pivot-column column-empty"><input spellcheck="false" class="column-empty-input"></div></ul><label for="split_by" class="pivot-selector-label"></label></div></div></div><div class="rrow"><div id="sort"><div class="psp-text-field"><ul for="sort" class="psp-text-field__input"><div class="pivot-column column-empty"><input spellcheck="false" class="column-empty-input"></div></ul><label for="sort" class="pivot-selector-label"></label></div></div></div><div class="rrow"><div id="filter"><div class="psp-text-field"><ul for="filter" class="psp-text-field__input"><div class="pivot-column column-empty"><input spellcheck="false" class="column-empty-input"></div></ul><label for="filter" class="pivot-selector-label"></label></div></div></div></div><div data-index="0" class="column-selector-column"><span class="select-mode is_column_active"></span><div draggable="true" class="column-selector-draggable"><div class="column-selector-column-border"><span class="column_name integer">Row ID</span><span class="column-selector--spacer"></span></div></div></div><div data-index="1" class="column-selector-column"><span class="select-mode is_column_active"></span><div draggable="true" class="column-selector-draggable"><div class="column-selector-column-border"><span class="column_name string">Order ID</span><span class="column-selector--spacer"></span></div></div></div><div data-index="2" class="column-selector-column"><span class="select-mode is_column_active"></span><div draggable="true" class="column-selector-draggable"><div class="column-selector-column-border"><span class="column_name datetime">Order Date</span><span class="column-selector--spacer"></span></div></div></div><div data-index="3" class="column-selector-column"><span class="select-mode is_column_active"></span><div draggable="true" class="column-selector-draggable"><div class="column-selector-column-border"><span class="column_name datetime">Ship Date</span><span class="column-selector--spacer"></span></div></div></div><div data-index="4" class="column-selector-column"><span class="select-mode is_column_active"></span><div draggable="true" class="column-selector-draggable"><div class="column-selector-column-border"><span class="column_name string">Ship Mode</span><span class="column-selector--spacer"></span></div></div></div><div data-index="5" class="column-selector-column"><span class="select-mode is_column_active"></span><div draggable="true" class="column-selector-draggable"><div class="column-selector-column-border"><span class="column_name string">Customer ID</span><span class="column-selector--spacer"></span></div></div></div><div data-index="6" class="column-selector-column"><span class="select-mode is_column_active"></span><div draggable="true" class="column-selector-draggable"><div class="column-selector-column-border"><span class="column_name string">Segment</span><span class="column-selector--spacer"></span></div></div></div><div data-index="7" class="column-selector-column"><span class="select-mode is_column_active"></span><div draggable="true" class="column-selector-draggable"><div class="column-selector-column-border"><span class="column_name string">Country</span><span class="column-selector--spacer"></span></div></div></div><div data-index="8" class="column-selector-column"><span class="select-mode is_column_active"></span><div draggable="true" class="column-selector-draggable"><div class="column-selector-column-border"><span class="column_name string">City</span><span class="column-selector--spacer"></span></div></div></div><div data-index="9" class="column-selector-column"><span class="select-mode is_column_active"></span><div draggable="true" class="column-selector-draggable"><div class="column-selector-column-border"><span class="column_name string">State</span><span class="column-selector--spacer"></span></div></div></div><div data-index="10" class="column-selector-column"><span class="select-mode is_column_active"></span><div draggable="true" class="column-selector-draggable"><div class="column-selector-column-border"><span class="column_name integer">Postal Code</span><span class="column-selector--spacer"></span></div></div></div><div data-index="11" class="column-selector-column"><span class="select-mode is_column_active"></span><div draggable="true" class="column-selector-draggable"><div class="column-selector-column-border"><span class="column_name string">Region</span><span class="column-selector--spacer"></span></div></div></div><div data-index="12" class="column-selector-column"><span class="select-mode is_column_active"></span><div draggable="true" class="column-selector-draggable"><div class="column-selector-column-border"><span class="column_name string">Product ID</span><span class="column-selector--spacer"></span></div></div></div><div data-index="13" class="column-selector-column"><span class="select-mode is_column_active"></span><div draggable="true" class="column-selector-draggable"><div class="column-selector-column-border"><span class="column_name string">Category</span><span class="column-selector--spacer"></span></div></div></div><div data-index="14" class="column-selector-column"><span class="select-mode is_column_active"></span><div draggable="true" class="column-selector-draggable"><div class="column-selector-column-border"><span class="column_name string">Sub-Category</span><span class="column-selector--spacer"></span></div></div></div><div data-index="15" class="column-selector-column"><span class="select-mode is_column_active"></span><div draggable="true" class="column-selector-draggable"><div class="column-selector-column-border"><span class="column_name float">Sales</span><span class="column-selector--spacer"></span></div></div></div><div data-index="16" class="column-selector-column"><span class="select-mode is_column_active"></span><div draggable="true" class="column-selector-draggable"><div class="column-selector-column-border"><span class="column_name integer">Quantity</span><span class="column-selector--spacer"></span></div></div></div><div style="width:203.0390625px" class="scroll-panel-auto-width"></div></div><div style="height:784px" class="scroll-panel-content"></div></div></div></div></div></div><div class="split-panel-divider"></div><div id="main_column"><div id="status_bar"><div class="section"><span id="status" class="connected"></span></div><label data-value="" class="input-sizer"><input size="10" placeholder="untitled"></label><div id="rows" class="section"><span>99 x 19</span></div><div id="menu-bar" class="section"><div id="plugin-settings"><slot name="plugin-settings"></slot></div><span id="reset" class="button"><span>Reset</span></span><span id="export" class="button"><span>Export</span></span><span id="copy" class="button"><span>Copy</span></span></div></div><div id="main_panel_container"><slot></slot></div><div id="settings_button" class="noselect button open"></div></div>