<svg><g class="sunburst"><circle fill="none" style="pointer-events: all;" r="78"></circle><text class="parent"></text><g class="segment"><path fill-opacity="1" user-select="initial"></path><text class="segment" fill-opacity="1">East</text></g><g class="segment"><path fill-opacity="1" user-select="initial"></path><text class="segment" fill-opacity="1">Central</text></g><g class="segment"><path fill-opacity="0" user-select="none"></path><text class="segment" fill-opacity="0">South</text></g><g class="segment"><path fill-opacity="0" user-select="none"></path><text class="segment" fill-opacity="0">West</text></g><g class="segment"><path fill-opacity="0" user-select="none"></path><text class="segment" fill-opacity="0">New York</text></g><g class="segment"><path fill-opacity="1" user-select="initial"></path><text class="segment" fill-opacity="1">Pennsylv...</text></g><g class="segment"><path fill-opacity="0" user-select="none"></path><text class="segment" fill-opacity="0">Wisconsin</text></g><g class="segment"><path fill-opacity="1" user-select="initial"></path><text class="segment" fill-opacity="1">Texas</text></g><g class="segment"><path fill-opacity="0" user-select="none"></path><text class="segment" fill-opacity="0">Florida</text></g><g class="segment"><path fill-opacity="0" user-select="none"></path><text class="segment" fill-opacity="0">Kentucky</text></g><g class="segment"><path fill-opacity="0" user-select="none"></path><text class="segment" fill-opacity="0">Tennessee</text></g><g class="segment"><path fill-opacity="0" user-select="none"></path><text class="segment" fill-opacity="0">Arizona</text></g><g class="segment"><path fill-opacity="0" user-select="none"></path><text class="segment" fill-opacity="0">Utah</text></g><g class="segment"><path fill-opacity="0" user-select="none"></path><text class="segment" fill-opacity="0">California</text></g></g></svg><svg><g class="sunburst"><circle fill="none" style="pointer-events: all;" r="78"></circle><text class="parent"></text><g class="segment"><path fill-opacity="0" user-select="none"></path><text class="segment" fill-opacity="0">East</text></g><g class="segment"><path fill-opacity="0" user-select="none"></path><text class="segment" fill-opacity="0">Central</text></g><g class="segment"><path fill-opacity="1" user-select="initial"></path><text class="segment" fill-opacity="1">South</text></g><g class="segment"><path fill-opacity="0" user-select="none"></path><text class="segment" fill-opacity="0">West</text></g><g class="segment"><path fill-opacity="0" user-select="none"></path><text class="segment" fill-opacity="0">New York</text></g><g class="segment"><path fill-opacity="0" user-select="none"></path><text class="segment" fill-opacity="0">Pennsylv...</text></g><g class="segment"><path fill-opacity="0" user-select="none"></path><text class="segment" fill-opacity="0">Wisconsin</text></g><g class="segment"><path fill-opacity="0" user-select="none"></path><text class="segment" fill-opacity="0">Texas</text></g><g class="segment"><path fill-opacity="0" user-select="none"></path><text class="segment" fill-opacity="0">Florida</text></g><g class="segment"><path fill-opacity="1" user-select="initial"></path><text class="segment" fill-opacity="1">Kentucky</text></g><g class="segment"><path fill-opacity="1" user-select="initial"></path><text class="segment" fill-opacity="1">Tennessee</text></g><g class="segment"><path fill-opacity="0" user-select="none"></path><text class="segment" fill-opacity="0">Arizona</text></g><g class="segment"><path fill-opacity="0" user-select="none"></path><text class="segment" fill-opacity="0">Utah</text></g><g class="segment"><path fill-opacity="0" user-select="none"></path><text class="segment" fill-opacity="0">California</text></g></g></svg><svg><g class="sunburst"><circle fill="none" style="pointer-events: all;" r="78"></circle><text class="parent"></text><g class="segment"><path fill-opacity="0" user-select="none"></path><text class="segment" fill-opacity="0">East</text></g><g class="segment"><path fill-opacity="0" user-select="none"></path><text class="segment" fill-opacity="0">Central</text></g><g class="segment"><path fill-opacity="1" user-select="initial"></path><text class="segment" fill-opacity="1">South</text></g><g class="segment"><path fill-opacity="1" user-select="initial"></path><text class="segment" fill-opacity="1">West</text></g><g class="segment"><path fill-opacity="0" user-select="none"></path><text class="segment" fill-opacity="0">New York</text></g><g class="segment"><path fill-opacity="0" user-select="none"></path><text class="segment" fill-opacity="0">Pennsylv...</text></g><g class="segment"><path fill-opacity="0" user-select="none"></path><text class="segment" fill-opacity="0">Wisconsin</text></g><g class="segment"><path fill-opacity="0" user-select="none"></path><text class="segment" fill-opacity="0">Texas</text></g><g class="segment"><path fill-opacity="1" user-select="initial"></path><text class="segment" fill-opacity="1">Florida</text></g><g class="segment"><path fill-opacity="0" user-select="none"></path><text class="segment" fill-opacity="0">Kentucky</text></g><g class="segment"><path fill-opacity="0" user-select="none"></path><text class="segment" fill-opacity="0">Tennessee</text></g><g class="segment"><path fill-opacity="0" user-select="none"></path><text class="segment" fill-opacity="0">Arizona</text></g><g class="segment"><path fill-opacity="1" user-select="initial"></path><text class="segment" fill-opacity="1">Utah</text></g><g class="segment"><path fill-opacity="1" user-select="initial"></path><text class="segment" fill-opacity="1">California</text></g></g></svg><svg><g class="sunburst"><circle fill="none" style="pointer-events: all;" r="78"></circle><text class="parent"></text><g class="segment"><path fill-opacity="0" user-select="none"></path><text class="segment" fill-opacity="0">East</text></g><g class="segment"><path fill-opacity="0" user-select="none"></path><text class="segment" fill-opacity="0">Central</text></g><g class="segment"><path fill-opacity="0" user-select="none"></path><text class="segment" fill-opacity="0">South</text></g><g class="segment"><path fill-opacity="1" user-select="initial"></path><text class="segment" fill-opacity="1">West</text></g><g class="segment"><path fill-opacity="0" user-select="none"></path><text class="segment" fill-opacity="0">New York</text></g><g class="segment"><path fill-opacity="0" user-select="none"></path><text class="segment" fill-opacity="0">Pennsylv...</text></g><g class="segment"><path fill-opacity="0" user-select="none"></path><text class="segment" fill-opacity="0">Wisconsin</text></g><g class="segment"><path fill-opacity="0" user-select="none"></path><text class="segment" fill-opacity="0">Texas</text></g><g class="segment"><path fill-opacity="0" user-select="none"></path><text class="segment" fill-opacity="0">Florida</text></g><g class="segment"><path fill-opacity="0" user-select="none"></path><text class="segment" fill-opacity="0">Kentucky</text></g><g class="segment"><path fill-opacity="0" user-select="none"></path><text class="segment" fill-opacity="0">Tennessee</text></g><g class="segment"><path fill-opacity="1" user-select="initial"></path><text class="segment" fill-opacity="1">Arizona</text></g><g class="segment"><path fill-opacity="0" user-select="none"></path><text class="segment" fill-opacity="0">Utah</text></g><g class="segment"><path fill-opacity="0" user-select="none"></path><text class="segment" fill-opacity="0">California</text></g></g></svg><svg><g class="sunburst"><circle fill="none" style="pointer-events: all;" r="78"></circle><text class="parent"></text><g class="segment"><path fill-opacity="0" user-select="none"></path><text class="segment" fill-opacity="0">East</text></g><g class="segment"><path fill-opacity="1" user-select="initial"></path><text class="segment" fill-opacity="1">Central</text></g><g class="segment"><path fill-opacity="0" user-select="none"></path><text class="segment" fill-opacity="0">South</text></g><g class="segment"><path fill-opacity="0" user-select="none"></path><text class="segment" fill-opacity="0">West</text></g><g class="segment"><path fill-opacity="0" user-select="none"></path><text class="segment" fill-opacity="0">New York</text></g><g class="segment"><path fill-opacity="0" user-select="none"></path><text class="segment" fill-opacity="0">Pennsylv...</text></g><g class="segment"><path fill-opacity="1" user-select="initial"></path><text class="segment" fill-opacity="1">Wisconsin</text></g><g class="segment"><path fill-opacity="0" user-select="none"></path><text class="segment" fill-opacity="0">Texas</text></g><g class="segment"><path fill-opacity="0" user-select="none"></path><text class="segment" fill-opacity="0">Florida</text></g><g class="segment"><path fill-opacity="0" user-select="none"></path><text class="segment" fill-opacity="0">Kentucky</text></g><g class="segment"><path fill-opacity="0" user-select="none"></path><text class="segment" fill-opacity="0">Tennessee</text></g><g class="segment"><path fill-opacity="0" user-select="none"></path><text class="segment" fill-opacity="0">Arizona</text></g><g class="segment"><path fill-opacity="0" user-select="none"></path><text class="segment" fill-opacity="0">Utah</text></g><g class="segment"><path fill-opacity="0" user-select="none"></path><text class="segment" fill-opacity="0">California</text></g></g></svg><svg><g class="sunburst"><circle fill="none" style="pointer-events: all;" r="78"></circle><text class="parent"></text><g class="segment"><path fill-opacity="1" user-select="initial"></path><text class="segment" fill-opacity="1">East</text></g><g class="segment"><path fill-opacity="1" user-select="initial"></path><text class="segment" fill-opacity="1">Central</text></g><g class="segment"><path fill-opacity="0" user-select="none"></path><text class="segment" fill-opacity="0">South</text></g><g class="segment"><path fill-opacity="1" user-select="initial"></path><text class="segment" fill-opacity="1">West</text></g><g class="segment"><path fill-opacity="1" user-select="initial"></path><text class="segment" fill-opacity="1">New York</text></g><g class="segment"><path fill-opacity="0" user-select="none"></path><text class="segment" fill-opacity="0">Pennsylv...</text></g><g class="segment"><path fill-opacity="0" user-select="none"></path><text class="segment" fill-opacity="0">Wisconsin</text></g><g class="segment"><path fill-opacity="1" user-select="initial"></path><text class="segment" fill-opacity="1">Texas</text></g><g class="segment"><path fill-opacity="0" user-select="none"></path><text class="segment" fill-opacity="0">Florida</text></g><g class="segment"><path fill-opacity="0" user-select="none"></path><text class="segment" fill-opacity="0">Kentucky</text></g><g class="segment"><path fill-opacity="0" user-select="none"></path><text class="segment" fill-opacity="0">Tennessee</text></g><g class="segment"><path fill-opacity="0" user-select="none"></path><text class="segment" fill-opacity="0">Arizona</text></g><g class="segment"><path fill-opacity="0" user-select="none"></path><text class="segment" fill-opacity="0">Utah</text></g><g class="segment"><path fill-opacity="1" user-select="initial"></path><text class="segment" fill-opacity="1">California</text></g></g></svg><svg><g><g class="bar vertical" fill="#999"><path></path></g><g class="bar vertical" fill="#999"><path></path></g><g class="bar vertical" fill="#999"><path></path></g><g class="bar vertical" fill="#999"><path></path></g><g class="bar vertical" fill="#999"><path></path></g><g class="bar vertical" fill="#999"><path></path></g><g class="bar vertical" fill="#999"><path></path></g><g class="bar vertical" fill="#999"><path></path></g><g class="bar vertical" fill="#999"><path></path></g><g class="bar vertical" fill="#999"><path></path></g><g class="bar vertical" fill="#999"><path></path></g><g class="bar vertical" fill="#999"><path></path></g><g class="bar vertical" fill="#999"><path></path></g><g class="bar vertical" fill="#999"><path></path></g><g class="bar vertical" fill="#999"><path></path></g><g class="bar vertical" fill="#999"><path></path></g><g class="bar vertical" fill="#999"><path></path></g><g class="bar vertical" fill="#999"><path></path></g><g class="bar vertical" fill="#999"><path></path></g><g class="bar vertical" fill="#999"><path></path></g><g class="bar vertical" fill="#999"><path></path></g><g class="bar vertical" fill="#999"><path></path></g><g class="bar vertical" fill="#999"><path></path></g><g class="bar vertical" fill="#999"><path></path></g><g class="bar vertical" fill="#999"><path></path></g><g class="bar vertical" fill="#999"><path></path></g><g class="bar vertical" fill="#999"><path></path></g><g class="bar vertical" fill="#999"><path></path></g><g class="bar vertical" fill="#999"><path></path></g><g class="bar vertical" fill="#999"><path></path></g><g class="bar vertical" fill="#999"><path></path></g><g class="bar vertical" fill="#999"><path></path></g><g class="bar vertical" fill="#999"><path></path></g><g class="bar vertical" fill="#999"><path></path></g><g class="bar vertical" fill="#999"><path></path></g><g class="bar vertical" fill="#999"><path></path></g><g class="bar vertical" fill="#999"><path></path></g><g class="bar vertical" fill="#999"><path></path></g><g class="bar vertical" fill="#999"><path></path></g><g class="bar vertical" fill="#999"><path></path></g><g class="bar vertical" fill="#999"><path></path></g><g class="bar vertical" fill="#999"><path></path></g><g class="bar vertical" fill="#999"><path></path></g><g class="bar vertical" fill="#999"><path></path></g><g class="bar vertical" fill="#999"><path></path></g><g class="bar vertical" fill="#999"><path></path></g><g class="bar vertical" fill="#999"><path></path></g><g class="bar vertical" fill="#999"><path></path></g><g class="bar vertical" fill="#999"><path></path></g><g class="bar vertical" fill="#999"><path></path></g><g class="bar vertical" fill="#999"><path></path></g><g class="bar vertical" fill="#999"><path></path></g><g class="bar vertical" fill="#999"><path></path></g><g class="bar vertical" fill="#999"><path></path></g><g class="bar vertical" fill="#999"><path></path></g><g class="bar vertical" fill="#999"><path></path></g><g class="bar vertical" fill="#999"><path></path></g><g class="bar vertical" fill="#999"><path></path></g><g class="bar vertical" fill="#999"><path></path></g><g class="bar vertical" fill="#999"><path></path></g><g class="bar vertical" fill="#999"><path></path></g><g class="bar vertical" fill="#999"><path></path></g><g class="bar vertical" fill="#999"><path></path></g><g class="bar vertical" fill="#999"><path></path></g><g class="bar vertical" fill="#999"><path></path></g><g class="bar vertical" fill="#999"><path></path></g><g class="bar vertical" fill="#999"><path></path></g><g class="bar vertical" fill="#999"><path></path></g><g class="bar vertical" fill="#999"><path></path></g><g class="bar vertical" fill="#999"><path></path></g><g class="bar vertical" fill="#999"><path></path></g><g class="bar vertical" fill="#999"><path></path></g><g class="bar vertical" fill="#999"><path></path></g><g class="bar vertical" fill="#999"><path></path></g><g class="bar vertical" fill="#999"><path></path></g><g class="bar vertical" fill="#999"><path></path></g><g class="bar vertical" fill="#999"><path></path></g><g class="bar vertical" fill="#999"><path></path></g><g class="bar vertical" fill="#999"><path></path></g><g class="bar vertical" fill="#999"><path></path></g><g class="bar vertical" fill="#999"><path></path></g><g class="bar vertical" fill="#999"><path></path></g><g class="bar vertical" fill="#999"><path></path></g><g class="bar vertical" fill="#999"><path></path></g><g class="bar vertical" fill="#999"><path></path></g><g class="bar vertical" fill="#999"><path></path></g><g class="bar vertical" fill="#999"><path></path></g><g class="bar vertical" fill="#999"><path></path></g><g class="bar vertical" fill="#999"><path></path></g><g class="bar vertical" fill="#999"><path></path></g><g class="bar vertical" fill="#999"><path></path></g><g class="bar vertical" fill="#999"><path></path></g><g class="bar vertical" fill="#999"><path></path></g><g class="bar vertical" fill="#999"><path></path></g><g class="bar vertical" fill="#999"><path></path></g><g class="bar vertical" fill="#999"><path></path></g><g class="bar vertical" fill="#999"><path></path></g><g class="bar vertical" fill="#999"><path></path></g><g class="bar vertical" fill="#999"><path></path></g><g class="bar vertical" fill="#999"><path></path></g><g class="bar vertical" fill="#999"><path></path></g><g class="bar vertical" fill="#999"><path></path></g><g class="bar vertical" fill="#999"><path></path></g><g class="bar vertical" fill="#999"><path></path></g><g class="bar vertical" fill="#999"><path></path></g><g class="bar vertical" fill="#999"><path></path></g><g class="bar vertical" fill="#999"><path></path></g><g class="bar vertical" fill="#999"><path></path></g><g class="bar vertical" fill="#999"><path></path></g><g class="bar vertical" fill="#999"><path></path></g><g class="bar vertical" fill="#999"><path></path></g><g class="bar vertical" fill="#999"><path></path></g><g class="bar vertical" fill="#999"><path></path></g><g class="bar vertical" fill="#999"><path></path></g><g class="bar vertical" fill="#999"><path></path></g><g class="bar vertical" fill="#999"><path></path></g><g class="bar vertical" fill="#999"><path></path></g><g class="bar vertical" fill="#999"><path></path></g><g class="bar vertical" fill="#999"><path></path></g><g class="bar vertical" fill="#999"><path></path></g><g class="bar vertical" fill="#999"><path></path></g><g class="bar vertical" fill="#999"><path></path></g><g class="bar vertical" fill="#999"><path></path></g><g class="bar vertical" fill="#999"><path></path></g><g class="bar vertical" fill="#999"><path></path></g><g class="bar vertical" fill="#999"><path></path></g><g class="bar vertical" fill="#999"><path></path></g><g class="bar vertical" fill="#999"><path></path></g><g class="bar vertical" fill="#999"><path></path></g><g class="bar vertical" fill="#999"><path></path></g><g class="bar vertical" fill="#999"><path></path></g><g class="bar vertical" fill="#999"><path></path></g><g class="bar vertical" fill="#999"><path></path></g><g class="bar vertical" fill="#999"><path></path></g><g class="bar vertical" fill="#999"><path></path></g><g class="bar vertical" fill="#999"><path></path></g><g class="bar vertical" fill="#999"><path></path></g><g class="bar vertical" fill="#999"><path></path></g><g class="bar vertical" fill="#999"><path></path></g><g class="bar vertical" fill="#999"><path></path></g><g class="bar vertical" fill="#999"><path></path></g><g class="bar vertical" fill="#999"><path></path></g><g class="bar vertical" fill="#999"><path></path></g><g class="bar vertical" fill="#999"><path></path></g><g class="bar vertical" fill="#999"><path></path></g><g class="bar vertical" fill="#999"><path></path></g><g class="bar vertical" fill="#999"><path></path></g><g class="bar vertical" fill="#999"><path></path></g><g class="bar vertical" fill="#999"><path></path></g><g class="bar vertical" fill="#999"><path></path></g></g><g id="legend-axis" fill="none" font-size="10" font-family="sans-serif" text-anchor="start"><path class="domain" stroke="#000" visibility="hidden"></path><g class="tick"><path stroke="#000"></path><text fill="#000" visibility="false">0</text></g><g class="tick"><path stroke="#000"></path><text fill="#000" visibility="false">2</text></g><g class="tick"><path stroke="#000"></path><text fill="#000" visibility="false">1</text></g></g></svg>