<svg><g class="sunburst"><circle fill="none" style="pointer-events: all;" r="82.828125"></circle><text class="parent"></text><g class="segment"><path fill-opacity="1" user-select="initial"></path><text class="segment" fill-opacity="1">Central</text></g><g class="segment"><path fill-opacity="1" user-select="initial"></path><text class="segment" fill-opacity="1">Texas</text></g></g></svg><svg><g class="sunburst"><circle fill="none" style="pointer-events: all;" r="82.828125"></circle><text class="parent"></text><g class="segment"><path fill-opacity="1" user-select="initial"></path><text class="segment" fill-opacity="1">Central</text></g><g class="segment"><path fill-opacity="1" user-select="initial"></path><text class="segment" fill-opacity="1">Texas</text></g></g></svg><svg><g class="sunburst"><circle fill="none" style="pointer-events: all;" r="82.828125"></circle><text class="parent"></text><g class="segment"><path fill-opacity="1" user-select="initial"></path><text class="segment" fill-opacity="1">Central</text></g><g class="segment"><path fill-opacity="1" user-select="initial"></path><text class="segment" fill-opacity="1">Texas</text></g></g></svg><svg><g class="sunburst"><circle fill="none" style="pointer-events: all;" r="82.828125"></circle><text class="parent"></text><g class="segment"><path fill-opacity="1" user-select="initial"></path><text class="segment" fill-opacity="1">Central</text></g><g class="segment"><path fill-opacity="1" user-select="initial"></path><text class="segment" fill-opacity="1">Texas</text></g></g></svg><svg><g class="sunburst"><circle fill="none" style="pointer-events: all;" r="82.828125"></circle><text class="parent"></text><g class="segment"><path fill-opacity="1" user-select="initial"></path><text class="segment" fill-opacity="1">Central</text></g><g class="segment"><path fill-opacity="1" user-select="initial"></path><text class="segment" fill-opacity="1">Texas</text></g></g></svg><svg><g class="sunburst"><circle fill="none" style="pointer-events: all;" r="82.828125"></circle><text class="parent"></text><g class="segment"><path fill-opacity="1" user-select="initial"></path><text class="segment" fill-opacity="1">Central</text></g><g class="segment"><path fill-opacity="1" user-select="initial"></path><text class="segment" fill-opacity="1">Texas</text></g></g></svg><svg><g class="sunburst"><circle fill="none" style="pointer-events: all;" r="82.828125"></circle><text class="parent"></text><g class="segment"><path fill-opacity="1" user-select="initial"></path><text class="segment" fill-opacity="1">Central</text></g><g class="segment"><path fill-opacity="1" user-select="initial"></path><text class="segment" fill-opacity="1">Texas</text></g></g></svg><svg><g class="sunburst"><circle fill="none" style="pointer-events: all;" r="82.828125"></circle><text class="parent"></text><g class="segment"><path fill-opacity="1" user-select="initial"></path><text class="segment" fill-opacity="1">Central</text></g><g class="segment"><path fill-opacity="1" user-select="initial"></path><text class="segment" fill-opacity="1">Texas</text></g></g></svg><svg><g class="sunburst"><circle fill="none" style="pointer-events: all;" r="82.828125"></circle><text class="parent"></text><g class="segment"><path fill-opacity="1" user-select="initial"></path><text class="segment" fill-opacity="1">Central</text></g><g class="segment"><path fill-opacity="1" user-select="initial"></path><text class="segment" fill-opacity="1">Texas</text></g></g></svg><svg><g><g class="bar vertical" fill="#999"><path></path></g><g class="bar vertical" fill="#999"><path></path></g><g class="bar vertical" fill="#999"><path></path></g><g class="bar vertical" fill="#999"><path></path></g><g class="bar vertical" fill="#999"><path></path></g><g class="bar vertical" fill="#999"><path></path></g><g class="bar vertical" fill="#999"><path></path></g><g class="bar vertical" fill="#999"><path></path></g><g class="bar vertical" fill="#999"><path></path></g><g class="bar vertical" fill="#999"><path></path></g><g class="bar vertical" fill="#999"><path></path></g><g class="bar vertical" fill="#999"><path></path></g><g class="bar vertical" fill="#999"><path></path></g><g class="bar vertical" fill="#999"><path></path></g><g class="bar vertical" fill="#999"><path></path></g><g class="bar vertical" fill="#999"><path></path></g><g class="bar vertical" fill="#999"><path></path></g><g class="bar vertical" fill="#999"><path></path></g><g class="bar vertical" fill="#999"><path></path></g><g class="bar vertical" fill="#999"><path></path></g><g class="bar vertical" fill="#999"><path></path></g><g class="bar vertical" fill="#999"><path></path></g><g class="bar vertical" fill="#999"><path></path></g><g class="bar vertical" fill="#999"><path></path></g><g class="bar vertical" fill="#999"><path></path></g><g class="bar vertical" fill="#999"><path></path></g><g class="bar vertical" fill="#999"><path></path></g><g class="bar vertical" fill="#999"><path></path></g><g class="bar vertical" fill="#999"><path></path></g><g class="bar vertical" fill="#999"><path></path></g><g class="bar vertical" fill="#999"><path></path></g><g class="bar vertical" fill="#999"><path></path></g><g class="bar vertical" fill="#999"><path></path></g><g class="bar vertical" fill="#999"><path></path></g><g class="bar vertical" fill="#999"><path></path></g><g class="bar vertical" fill="#999"><path></path></g><g class="bar vertical" fill="#999"><path></path></g><g class="bar vertical" fill="#999"><path></path></g><g class="bar vertical" fill="#999"><path></path></g><g class="bar vertical" fill="#999"><path></path></g><g class="bar vertical" fill="#999"><path></path></g><g class="bar vertical" fill="#999"><path></path></g><g class="bar vertical" fill="#999"><path></path></g><g class="bar vertical" fill="#999"><path></path></g><g class="bar vertical" fill="#999"><path></path></g><g class="bar vertical" fill="#999"><path></path></g><g class="bar vertical" fill="#999"><path></path></g><g class="bar vertical" fill="#999"><path></path></g><g class="bar vertical" fill="#999"><path></path></g><g class="bar vertical" fill="#999"><path></path></g><g class="bar vertical" fill="#999"><path></path></g><g class="bar vertical" fill="#999"><path></path></g><g class="bar vertical" fill="#999"><path></path></g><g class="bar vertical" fill="#999"><path></path></g><g class="bar vertical" fill="#999"><path></path></g><g class="bar vertical" fill="#999"><path></path></g><g class="bar vertical" fill="#999"><path></path></g><g class="bar vertical" fill="#999"><path></path></g><g class="bar vertical" fill="#999"><path></path></g><g class="bar vertical" fill="#999"><path></path></g><g class="bar vertical" fill="#999"><path></path></g><g class="bar vertical" fill="#999"><path></path></g><g class="bar vertical" fill="#999"><path></path></g><g class="bar vertical" fill="#999"><path></path></g><g class="bar vertical" fill="#999"><path></path></g><g class="bar vertical" fill="#999"><path></path></g><g class="bar vertical" fill="#999"><path></path></g><g class="bar vertical" fill="#999"><path></path></g><g class="bar vertical" fill="#999"><path></path></g><g class="bar vertical" fill="#999"><path></path></g><g class="bar vertical" fill="#999"><path></path></g><g class="bar vertical" fill="#999"><path></path></g><g class="bar vertical" fill="#999"><path></path></g><g class="bar vertical" fill="#999"><path></path></g><g class="bar vertical" fill="#999"><path></path></g><g class="bar vertical" fill="#999"><path></path></g><g class="bar vertical" fill="#999"><path></path></g><g class="bar vertical" fill="#999"><path></path></g><g class="bar vertical" fill="#999"><path></path></g><g class="bar vertical" fill="#999"><path></path></g><g class="bar vertical" fill="#999"><path></path></g><g class="bar vertical" fill="#999"><path></path></g><g class="bar vertical" fill="#999"><path></path></g><g class="bar vertical" fill="#999"><path></path></g><g class="bar vertical" fill="#999"><path></path></g><g class="bar vertical" fill="#999"><path></path></g><g class="bar vertical" fill="#999"><path></path></g><g class="bar vertical" fill="#999"><path></path></g><g class="bar vertical" fill="#999"><path></path></g><g class="bar vertical" fill="#999"><path></path></g><g class="bar vertical" fill="#999"><path></path></g><g class="bar vertical" fill="#999"><path></path></g><g class="bar vertical" fill="#999"><path></path></g><g class="bar vertical" fill="#999"><path></path></g><g class="bar vertical" fill="#999"><path></path></g><g class="bar vertical" fill="#999"><path></path></g><g class="bar vertical" fill="#999"><path></path></g><g class="bar vertical" fill="#999"><path></path></g><g class="bar vertical" fill="#999"><path></path></g><g class="bar vertical" fill="#999"><path></path></g><g class="bar vertical" fill="#999"><path></path></g><g class="bar vertical" fill="#999"><path></path></g><g class="bar vertical" fill="#999"><path></path></g><g class="bar vertical" fill="#999"><path></path></g><g class="bar vertical" fill="#999"><path></path></g><g class="bar vertical" fill="#999"><path></path></g><g class="bar vertical" fill="#999"><path></path></g><g class="bar vertical" fill="#999"><path></path></g><g class="bar vertical" fill="#999"><path></path></g><g class="bar vertical" fill="#999"><path></path></g><g class="bar vertical" fill="#999"><path></path></g><g class="bar vertical" fill="#999"><path></path></g><g class="bar vertical" fill="#999"><path></path></g><g class="bar vertical" fill="#999"><path></path></g><g class="bar vertical" fill="#999"><path></path></g><g class="bar vertical" fill="#999"><path></path></g><g class="bar vertical" fill="#999"><path></path></g><g class="bar vertical" fill="#999"><path></path></g><g class="bar vertical" fill="#999"><path></path></g><g class="bar vertical" fill="#999"><path></path></g><g class="bar vertical" fill="#999"><path></path></g><g class="bar vertical" fill="#999"><path></path></g><g class="bar vertical" fill="#999"><path></path></g><g class="bar vertical" fill="#999"><path></path></g><g class="bar vertical" fill="#999"><path></path></g><g class="bar vertical" fill="#999"><path></path></g><g class="bar vertical" fill="#999"><path></path></g><g class="bar vertical" fill="#999"><path></path></g><g class="bar vertical" fill="#999"><path></path></g><g class="bar vertical" fill="#999"><path></path></g><g class="bar vertical" fill="#999"><path></path></g><g class="bar vertical" fill="#999"><path></path></g><g class="bar vertical" fill="#999"><path></path></g><g class="bar vertical" fill="#999"><path></path></g><g class="bar vertical" fill="#999"><path></path></g><g class="bar vertical" fill="#999"><path></path></g><g class="bar vertical" fill="#999"><path></path></g><g class="bar vertical" fill="#999"><path></path></g><g class="bar vertical" fill="#999"><path></path></g><g class="bar vertical" fill="#999"><path></path></g><g class="bar vertical" fill="#999"><path></path></g><g class="bar vertical" fill="#999"><path></path></g><g class="bar vertical" fill="#999"><path></path></g><g class="bar vertical" fill="#999"><path></path></g><g class="bar vertical" fill="#999"><path></path></g><g class="bar vertical" fill="#999"><path></path></g><g class="bar vertical" fill="#999"><path></path></g><g class="bar vertical" fill="#999"><path></path></g><g class="bar vertical" fill="#999"><path></path></g><g class="bar vertical" fill="#999"><path></path></g></g><g id="legend-axis" fill="none" font-size="10" font-family="sans-serif" text-anchor="start"><path class="domain" stroke="#000" visibility="hidden"></path><g class="tick"><path stroke="#000"></path><text fill="#000" visibility="false">1</text></g><g class="tick"><path stroke="#000"></path><text fill="#000" visibility="false">3</text></g><g class="tick"><path stroke="#000"></path><text fill="#000" visibility="false">2</text></g></g></svg>