<svg><g class="sunburst"><circle fill="none" style="pointer-events: all;" r="165.65625"></circle><text class="parent"></text><g class="segment"><path fill-opacity="0" user-select="none"></path><text class="segment" fill-opacity="0">Alabama</text></g><g class="segment"><path fill-opacity="0" user-select="none"></path><text class="segment" fill-opacity="0">Arizona</text></g><g class="segment"><path fill-opacity="1" user-select="initial"></path><text class="segment" fill-opacity="1">California</text></g><g class="segment"><path fill-opacity="0" user-select="none"></path><text class="segment" fill-opacity="0">Delaware</text></g><g class="segment"><path fill-opacity="1" user-select="initial"></path><text class="segment" fill-opacity="1">Florida</text></g><g class="segment"><path fill-opacity="1" user-select="initial"></path><text class="segment" fill-opacity="1">Illinois</text></g><g class="segment"><path fill-opacity="0" user-select="none"></path><text class="segment" fill-opacity="0">Indiana</text></g><g class="segment"><path fill-opacity="0" user-select="none"></path><text class="segment" fill-opacity="0">Kentucky</text></g><g class="segment"><path fill-opacity="0" user-select="none"></path><text class="segment" fill-opacity="0">Michigan</text></g><g class="segment"><path fill-opacity="0" user-select="none"></path><text class="segment" fill-opacity="0">Minnesota</text></g><g class="segment"><path fill-opacity="0" user-select="none"></path><text class="segment" fill-opacity="0">Nebraska</text></g><g class="segment"><path fill-opacity="1" user-select="initial"></path><text class="segment" fill-opacity="1">New York</text></g><g class="segment"><path fill-opacity="0" user-select="none"></path><text class="segment" fill-opacity="0">North Carolina</text></g><g class="segment"><path fill-opacity="0" user-select="none"></path><text class="segment" fill-opacity="0">Oregon</text></g><g class="segment"><path fill-opacity="1" user-select="initial"></path><text class="segment" fill-opacity="1">Pennsylvania</text></g><g class="segment"><path fill-opacity="0" user-select="none"></path><text class="segment" fill-opacity="0">South Carolina</text></g><g class="segment"><path fill-opacity="1" user-select="initial"></path><text class="segment" fill-opacity="1">Tennessee</text></g><g class="segment"><path fill-opacity="1" user-select="initial"></path><text class="segment" fill-opacity="1">Texas</text></g><g class="segment"><path fill-opacity="0" user-select="none"></path><text class="segment" fill-opacity="0">Utah</text></g><g class="segment"><path fill-opacity="0" user-select="none"></path><text class="segment" fill-opacity="0">Virginia</text></g><g class="segment"><path fill-opacity="0" user-select="none"></path><text class="segment" fill-opacity="0">Washington</text></g><g class="segment"><path fill-opacity="0" user-select="none"></path><text class="segment" fill-opacity="0">Wisconsin</text></g></g></svg><svg><g class="sunburst"><circle fill="none" style="pointer-events: all;" r="165.65625"></circle><text class="parent"></text><g class="segment"><path fill-opacity="0" user-select="none"></path><text class="segment" fill-opacity="0">Alabama</text></g><g class="segment"><path fill-opacity="1" user-select="initial"></path><text class="segment" fill-opacity="1">Arizona</text></g><g class="segment"><path fill-opacity="1" user-select="initial"></path><text class="segment" fill-opacity="1">California</text></g><g class="segment"><path fill-opacity="0" user-select="none"></path><text class="segment" fill-opacity="0">Delaware</text></g><g class="segment"><path fill-opacity="1" user-select="initial"></path><text class="segment" fill-opacity="1">Florida</text></g><g class="segment"><path fill-opacity="1" user-select="initial"></path><text class="segment" fill-opacity="1">Illinois</text></g><g class="segment"><path fill-opacity="0" user-select="none"></path><text class="segment" fill-opacity="0">Indiana</text></g><g class="segment"><path fill-opacity="0" user-select="none"></path><text class="segment" fill-opacity="0">Kentucky</text></g><g class="segment"><path fill-opacity="0" user-select="none"></path><text class="segment" fill-opacity="0">Michigan</text></g><g class="segment"><path fill-opacity="0" user-select="none"></path><text class="segment" fill-opacity="0">Minnesota</text></g><g class="segment"><path fill-opacity="0" user-select="none"></path><text class="segment" fill-opacity="0">Nebraska</text></g><g class="segment"><path fill-opacity="1" user-select="initial"></path><text class="segment" fill-opacity="1">New York</text></g><g class="segment"><path fill-opacity="1" user-select="initial"></path><text class="segment" fill-opacity="1">North Carolina</text></g><g class="segment"><path fill-opacity="1" user-select="initial"></path><text class="segment" fill-opacity="1">Oregon</text></g><g class="segment"><path fill-opacity="1" user-select="initial"></path><text class="segment" fill-opacity="1">Pennsylvania</text></g><g class="segment"><path fill-opacity="0" user-select="none"></path><text class="segment" fill-opacity="0">South Carolina</text></g><g class="segment"><path fill-opacity="1" user-select="initial"></path><text class="segment" fill-opacity="1">Tennessee</text></g><g class="segment"><path fill-opacity="1" user-select="initial"></path><text class="segment" fill-opacity="1">Texas</text></g><g class="segment"><path fill-opacity="0" user-select="none"></path><text class="segment" fill-opacity="0">Utah</text></g><g class="segment"><path fill-opacity="0" user-select="none"></path><text class="segment" fill-opacity="0">Virginia</text></g><g class="segment"><path fill-opacity="1" user-select="initial"></path><text class="segment" fill-opacity="1">Washington</text></g><g class="segment"><path fill-opacity="0" user-select="none"></path><text class="segment" fill-opacity="0">Wisconsin</text></g></g></svg><svg><g class="sunburst"><circle fill="none" style="pointer-events: all;" r="165.65625"></circle><text class="parent"></text><g class="segment"><path fill-opacity="0" user-select="none"></path><text class="segment" fill-opacity="0">Alabama</text></g><g class="segment"><path fill-opacity="1" user-select="initial"></path><text class="segment" fill-opacity="1">Arizona</text></g><g class="segment"><path fill-opacity="1" user-select="initial"></path><text class="segment" fill-opacity="1">California</text></g><g class="segment"><path fill-opacity="0" user-select="none"></path><text class="segment" fill-opacity="0">Delaware</text></g><g class="segment"><path fill-opacity="0" user-select="none"></path><text class="segment" fill-opacity="0">Florida</text></g><g class="segment"><path fill-opacity="1" user-select="initial"></path><text class="segment" fill-opacity="1">Illinois</text></g><g class="segment"><path fill-opacity="0" user-select="none"></path><text class="segment" fill-opacity="0">Indiana</text></g><g class="segment"><path fill-opacity="0" user-select="none"></path><text class="segment" fill-opacity="0">Kentucky</text></g><g class="segment"><path fill-opacity="0" user-select="none"></path><text class="segment" fill-opacity="0">Michigan</text></g><g class="segment"><path fill-opacity="0" user-select="none"></path><text class="segment" fill-opacity="0">Minnesota</text></g><g class="segment"><path fill-opacity="0" user-select="none"></path><text class="segment" fill-opacity="0">Nebraska</text></g><g class="segment"><path fill-opacity="0" user-select="none"></path><text class="segment" fill-opacity="0">New York</text></g><g class="segment"><path fill-opacity="0" user-select="none"></path><text class="segment" fill-opacity="0">North Carolina</text></g><g class="segment"><path fill-opacity="0" user-select="none"></path><text class="segment" fill-opacity="0">Oregon</text></g><g class="segment"><path fill-opacity="0" user-select="none"></path><text class="segment" fill-opacity="0">Pennsylvania</text></g><g class="segment"><path fill-opacity="0" user-select="none"></path><text class="segment" fill-opacity="0">South Carolina</text></g><g class="segment"><path fill-opacity="0" user-select="none"></path><text class="segment" fill-opacity="0">Tennessee</text></g><g class="segment"><path fill-opacity="1" user-select="initial"></path><text class="segment" fill-opacity="1">Texas</text></g><g class="segment"><path fill-opacity="0" user-select="none"></path><text class="segment" fill-opacity="0">Utah</text></g><g class="segment"><path fill-opacity="0" user-select="none"></path><text class="segment" fill-opacity="0">Virginia</text></g><g class="segment"><path fill-opacity="0" user-select="none"></path><text class="segment" fill-opacity="0">Washington</text></g><g class="segment"><path fill-opacity="0" user-select="none"></path><text class="segment" fill-opacity="0">Wisconsin</text></g></g></svg><svg><g><g class="bar vertical" fill="#999"><path></path></g><g class="bar vertical" fill="#999"><path></path></g><g class="bar vertical" fill="#999"><path></path></g><g class="bar vertical" fill="#999"><path></path></g><g class="bar vertical" fill="#999"><path></path></g><g class="bar vertical" fill="#999"><path></path></g><g class="bar vertical" fill="#999"><path></path></g><g class="bar vertical" fill="#999"><path></path></g><g class="bar vertical" fill="#999"><path></path></g><g class="bar vertical" fill="#999"><path></path></g><g class="bar vertical" fill="#999"><path></path></g><g class="bar vertical" fill="#999"><path></path></g><g class="bar vertical" fill="#999"><path></path></g><g class="bar vertical" fill="#999"><path></path></g><g class="bar vertical" fill="#999"><path></path></g><g class="bar vertical" fill="#999"><path></path></g><g class="bar vertical" fill="#999"><path></path></g><g class="bar vertical" fill="#999"><path></path></g><g class="bar vertical" fill="#999"><path></path></g><g class="bar vertical" fill="#999"><path></path></g><g class="bar vertical" fill="#999"><path></path></g><g class="bar vertical" fill="#999"><path></path></g><g class="bar vertical" fill="#999"><path></path></g><g class="bar vertical" fill="#999"><path></path></g><g class="bar vertical" fill="#999"><path></path></g><g class="bar vertical" fill="#999"><path></path></g><g class="bar vertical" fill="#999"><path></path></g><g class="bar vertical" fill="#999"><path></path></g><g class="bar vertical" fill="#999"><path></path></g><g class="bar vertical" fill="#999"><path></path></g><g class="bar vertical" fill="#999"><path></path></g><g class="bar vertical" fill="#999"><path></path></g><g class="bar vertical" fill="#999"><path></path></g><g class="bar vertical" fill="#999"><path></path></g><g class="bar vertical" fill="#999"><path></path></g><g class="bar vertical" fill="#999"><path></path></g><g class="bar vertical" fill="#999"><path></path></g><g class="bar vertical" fill="#999"><path></path></g><g class="bar vertical" fill="#999"><path></path></g><g class="bar vertical" fill="#999"><path></path></g><g class="bar vertical" fill="#999"><path></path></g><g class="bar vertical" fill="#999"><path></path></g><g class="bar vertical" fill="#999"><path></path></g><g class="bar vertical" fill="#999"><path></path></g><g class="bar vertical" fill="#999"><path></path></g><g class="bar vertical" fill="#999"><path></path></g><g class="bar vertical" fill="#999"><path></path></g><g class="bar vertical" fill="#999"><path></path></g><g class="bar vertical" fill="#999"><path></path></g><g class="bar vertical" fill="#999"><path></path></g><g class="bar vertical" fill="#999"><path></path></g><g class="bar vertical" fill="#999"><path></path></g><g class="bar vertical" fill="#999"><path></path></g><g class="bar vertical" fill="#999"><path></path></g><g class="bar vertical" fill="#999"><path></path></g><g class="bar vertical" fill="#999"><path></path></g><g class="bar vertical" fill="#999"><path></path></g><g class="bar vertical" fill="#999"><path></path></g><g class="bar vertical" fill="#999"><path></path></g><g class="bar vertical" fill="#999"><path></path></g><g class="bar vertical" fill="#999"><path></path></g><g class="bar vertical" fill="#999"><path></path></g><g class="bar vertical" fill="#999"><path></path></g><g class="bar vertical" fill="#999"><path></path></g><g class="bar vertical" fill="#999"><path></path></g><g class="bar vertical" fill="#999"><path></path></g><g class="bar vertical" fill="#999"><path></path></g><g class="bar vertical" fill="#999"><path></path></g><g class="bar vertical" fill="#999"><path></path></g><g class="bar vertical" fill="#999"><path></path></g><g class="bar vertical" fill="#999"><path></path></g><g class="bar vertical" fill="#999"><path></path></g><g class="bar vertical" fill="#999"><path></path></g><g class="bar vertical" fill="#999"><path></path></g><g class="bar vertical" fill="#999"><path></path></g><g class="bar vertical" fill="#999"><path></path></g><g class="bar vertical" fill="#999"><path></path></g><g class="bar vertical" fill="#999"><path></path></g><g class="bar vertical" fill="#999"><path></path></g><g class="bar vertical" fill="#999"><path></path></g><g class="bar vertical" fill="#999"><path></path></g><g class="bar vertical" fill="#999"><path></path></g><g class="bar vertical" fill="#999"><path></path></g><g class="bar vertical" fill="#999"><path></path></g><g class="bar vertical" fill="#999"><path></path></g><g class="bar vertical" fill="#999"><path></path></g><g class="bar vertical" fill="#999"><path></path></g><g class="bar vertical" fill="#999"><path></path></g><g class="bar vertical" fill="#999"><path></path></g><g class="bar vertical" fill="#999"><path></path></g><g class="bar vertical" fill="#999"><path></path></g><g class="bar vertical" fill="#999"><path></path></g><g class="bar vertical" fill="#999"><path></path></g><g class="bar vertical" fill="#999"><path></path></g><g class="bar vertical" fill="#999"><path></path></g><g class="bar vertical" fill="#999"><path></path></g><g class="bar vertical" fill="#999"><path></path></g><g class="bar vertical" fill="#999"><path></path></g><g class="bar vertical" fill="#999"><path></path></g><g class="bar vertical" fill="#999"><path></path></g><g class="bar vertical" fill="#999"><path></path></g><g class="bar vertical" fill="#999"><path></path></g><g class="bar vertical" fill="#999"><path></path></g><g class="bar vertical" fill="#999"><path></path></g><g class="bar vertical" fill="#999"><path></path></g><g class="bar vertical" fill="#999"><path></path></g><g class="bar vertical" fill="#999"><path></path></g><g class="bar vertical" fill="#999"><path></path></g><g class="bar vertical" fill="#999"><path></path></g><g class="bar vertical" fill="#999"><path></path></g><g class="bar vertical" fill="#999"><path></path></g><g class="bar vertical" fill="#999"><path></path></g><g class="bar vertical" fill="#999"><path></path></g><g class="bar vertical" fill="#999"><path></path></g><g class="bar vertical" fill="#999"><path></path></g><g class="bar vertical" fill="#999"><path></path></g><g class="bar vertical" fill="#999"><path></path></g><g class="bar vertical" fill="#999"><path></path></g><g class="bar vertical" fill="#999"><path></path></g><g class="bar vertical" fill="#999"><path></path></g><g class="bar vertical" fill="#999"><path></path></g><g class="bar vertical" fill="#999"><path></path></g><g class="bar vertical" fill="#999"><path></path></g><g class="bar vertical" fill="#999"><path></path></g><g class="bar vertical" fill="#999"><path></path></g><g class="bar vertical" fill="#999"><path></path></g><g class="bar vertical" fill="#999"><path></path></g><g class="bar vertical" fill="#999"><path></path></g><g class="bar vertical" fill="#999"><path></path></g><g class="bar vertical" fill="#999"><path></path></g><g class="bar vertical" fill="#999"><path></path></g><g class="bar vertical" fill="#999"><path></path></g><g class="bar vertical" fill="#999"><path></path></g><g class="bar vertical" fill="#999"><path></path></g><g class="bar vertical" fill="#999"><path></path></g><g class="bar vertical" fill="#999"><path></path></g><g class="bar vertical" fill="#999"><path></path></g><g class="bar vertical" fill="#999"><path></path></g><g class="bar vertical" fill="#999"><path></path></g><g class="bar vertical" fill="#999"><path></path></g><g class="bar vertical" fill="#999"><path></path></g><g class="bar vertical" fill="#999"><path></path></g><g class="bar vertical" fill="#999"><path></path></g><g class="bar vertical" fill="#999"><path></path></g><g class="bar vertical" fill="#999"><path></path></g><g class="bar vertical" fill="#999"><path></path></g><g class="bar vertical" fill="#999"><path></path></g><g class="bar vertical" fill="#999"><path></path></g><g class="bar vertical" fill="#999"><path></path></g><g class="bar vertical" fill="#999"><path></path></g></g><g id="legend-axis" fill="none" font-size="10" font-family="sans-serif" text-anchor="start"><path class="domain" stroke="#000" visibility="hidden"></path><g class="tick"><path stroke="#000"></path><text fill="#000" visibility="false">−2,000</text></g><g class="tick"><path stroke="#000"></path><text fill="#000" visibility="false">2,000</text></g><g class="tick"><path stroke="#000"></path><text fill="#000" visibility="false">0</text></g></g></svg>