<perspective-viewer-datagrid class="edit-mode-allowed"><regular-table tabindex="0"> <table cellspacing="0"> <thead><tr><th class="psp-menu-enabled psp-header-leaf psp-align-right" ><span>Row ID</span><span class="rt-column-resize"></span></th><th class="psp-menu-enabled psp-header-leaf psp-align-left" ><span>Order ID</span><span class="rt-column-resize"></span></th><th class="psp-menu-enabled psp-header-leaf psp-align-left" ><span>Order Date</span><span class="rt-column-resize"></span></th><th class="psp-header-leaf psp-align-left psp-menu-enabled" ><span>Ship Date</span><span class="rt-column-resize"></span></th><th class="psp-header-leaf psp-align-left psp-menu-enabled" ><span>Ship Mode</span><span class="rt-column-resize"></span></th><th class="psp-header-leaf psp-align-left psp-menu-enabled" ><span>Customer ID</span><span class="rt-column-resize"></span></th><th class="psp-header-leaf psp-align-left psp-menu-enabled" ><span>Segment</span><span class="rt-column-resize"></span></th></tr></thead> <tbody><tr><td class="psp-align-right">1</td><td class="psp-align-left">CA-2013-152156</td><td class="psp-align-left">11/8/13, 7:00:00 PM</td><td class="psp-align-left">11/11/13, 7:00:00 PM</td><td class="psp-align-left">Second Class</td><td class="psp-align-left">CG-12520</td><td class="psp-align-left">Consumer</td></tr><tr><td class="psp-align-right">2</td><td class="psp-align-left">CA-2013-152156</td><td class="psp-align-left">11/8/13, 7:00:00 PM</td><td class="psp-align-left">11/11/13, 7:00:00 PM</td><td class="psp-align-left">Second Class</td><td class="psp-align-left">CG-12520</td><td class="psp-align-left">Consumer</td></tr><tr><td class="psp-align-right">3</td><td class="psp-align-left">CA-2013-138688</td><td class="psp-align-left">6/12/13, 8:00:00 PM</td><td class="psp-align-left">6/16/13, 8:00:00 PM</td><td class="psp-align-left">Second Class</td><td class="psp-align-left">DV-13045</td><td class="psp-align-left">Corporate</td></tr><tr><td class="psp-align-right">4</td><td class="psp-align-left">US-2012-108966</td><td class="psp-align-left">10/10/12, 8:00:00 PM</td><td class="psp-align-left">10/17/12, 8:00:00 PM</td><td class="psp-align-left">Standard Class</td><td class="psp-align-left">SO-20335</td><td class="psp-align-left">Consumer</td></tr><tr><td class="psp-align-right">5</td><td class="psp-align-left">US-2012-108966</td><td class="psp-align-left">10/10/12, 8:00:00 PM</td><td class="psp-align-left">10/17/12, 8:00:00 PM</td><td class="psp-align-left">Standard Class</td><td class="psp-align-left">SO-20335</td><td class="psp-align-left">Consumer</td></tr><tr><td class="psp-align-right">6</td><td class="psp-align-left">CA-2011-115812</td><td class="psp-align-left">6/8/11, 8:00:00 PM</td><td class="psp-align-left">6/13/11, 8:00:00 PM</td><td class="psp-align-left">Standard Class</td><td class="psp-align-left">BH-11710</td><td class="psp-align-left">Consumer</td></tr><tr><td class="psp-align-right">7</td><td class="psp-align-left">CA-2011-115812</td><td class="psp-align-left">6/8/11, 8:00:00 PM</td><td class="psp-align-left">6/13/11, 8:00:00 PM</td><td class="psp-align-left">Standard Class</td><td class="psp-align-left">BH-11710</td><td class="psp-align-left">Consumer</td></tr><tr><td class="psp-align-right">8</td><td class="psp-align-left">CA-2011-115812</td><td class="psp-align-left">6/8/11, 8:00:00 PM</td><td class="psp-align-left">6/13/11, 8:00:00 PM</td><td class="psp-align-left">Standard Class</td><td class="psp-align-left">BH-11710</td><td class="psp-align-left">Consumer</td></tr><tr><td class="psp-align-right">9</td><td class="psp-align-left">CA-2011-115812</td><td class="psp-align-left">6/8/11, 8:00:00 PM</td><td class="psp-align-left">6/13/11, 8:00:00 PM</td><td class="psp-align-left">Standard Class</td><td class="psp-align-left">BH-11710</td><td class="psp-align-left">Consumer</td></tr><tr><td class="psp-align-right">10</td><td class="psp-align-left">CA-2011-115812</td><td class="psp-align-left">6/8/11, 8:00:00 PM</td><td class="psp-align-left">6/13/11, 8:00:00 PM</td><td class="psp-align-left">Standard Class</td><td class="psp-align-left">BH-11710</td><td class="psp-align-left">Consumer</td></tr><tr><td class="psp-align-right" >11</td><td class="psp-align-left">CA-2011-115812</td><td class="psp-align-left">6/8/11, 8:00:00 PM</td><td class="psp-align-left">6/13/11, 8:00:00 PM</td><td class="psp-align-left">Standard Class</td><td class="psp-align-left">BH-11710</td><td class="psp-align-left">Consumer</td></tr><tr><td class="psp-align-right" >12</td><td class="psp-align-left">CA-2011-115812</td><td class="psp-align-left">6/8/11, 8:00:00 PM</td><td class="psp-align-left">6/13/11, 8:00:00 PM</td><td class="psp-align-left">Standard Class</td><td class="psp-align-left">BH-11710</td><td class="psp-align-left">Consumer</td></tr><tr><td class="psp-align-right" >13</td><td class="psp-align-left">CA-2014-114412</td><td class="psp-align-left">4/15/14, 8:00:00 PM</td><td class="psp-align-left">4/20/14, 8:00:00 PM</td><td class="psp-align-left">Standard Class</td><td class="psp-align-left">AA-10480</td><td class="psp-align-left">Consumer</td></tr><tr><td class="psp-align-right" >14</td><td class="psp-align-left">CA-2013-161389</td><td class="psp-align-left">12/5/13, 7:00:00 PM</td><td class="psp-align-left">12/10/13, 7:00:00 PM</td><td class="psp-align-left">Standard Class</td><td class="psp-align-left">IM-15070</td><td class="psp-align-left">Consumer</td></tr><tr><td class="psp-align-right" >15</td><td class="psp-align-left">US-2012-118983</td><td class="psp-align-left">11/21/12, 7:00:00 PM</td><td class="psp-align-left">11/25/12, 7:00:00 PM</td><td class="psp-align-left">Standard Class</td><td class="psp-align-left">HP-14815</td><td class="psp-align-left">Home Office</td></tr><tr><td class="psp-align-right" >16</td><td class="psp-align-left">US-2012-118983</td><td class="psp-align-left">11/21/12, 7:00:00 PM</td><td class="psp-align-left">11/25/12, 7:00:00 PM</td><td class="psp-align-left">Standard Class</td><td class="psp-align-left">HP-14815</td><td class="psp-align-left">Home Office</td></tr><tr><td class="psp-align-right" >17</td><td class="psp-align-left">CA-2011-105893</td><td class="psp-align-left">11/10/11, 7:00:00 PM</td><td class="psp-align-left">11/17/11, 7:00:00 PM</td><td class="psp-align-left">Standard Class</td><td class="psp-align-left">PK-19075</td><td class="psp-align-left">Consumer</td></tr><tr><td class="psp-align-right" >18</td><td class="psp-align-left">CA-2011-167164</td><td class="psp-align-left">5/12/11, 8:00:00 PM</td><td class="psp-align-left">5/14/11, 8:00:00 PM</td><td class="psp-align-left">Second Class</td><td class="psp-align-left">AG-10270</td><td class="psp-align-left">Consumer</td></tr><tr><td class="psp-align-right" >19</td><td class="psp-align-left">CA-2011-143336</td><td class="psp-align-left">8/26/11, 8:00:00 PM</td><td class="psp-align-left">8/31/11, 8:00:00 PM</td><td class="psp-align-left">Second Class</td><td class="psp-align-left">ZD-21925</td><td class="psp-align-left">Consumer</td></tr><tr><td class="psp-align-right" >20</td><td class="psp-align-left">CA-2011-143336</td><td class="psp-align-left">8/26/11, 8:00:00 PM</td><td class="psp-align-left">8/31/11, 8:00:00 PM</td><td class="psp-align-left">Second Class</td><td class="psp-align-left">ZD-21925</td><td class="psp-align-left">Consumer</td></tr><tr><td class="psp-align-right" >21</td><td class="psp-align-left">CA-2011-143336</td><td class="psp-align-left">8/26/11, 8:00:00 PM</td><td class="psp-align-left">8/31/11, 8:00:00 PM</td><td class="psp-align-left">Second Class</td><td class="psp-align-left">ZD-21925</td><td class="psp-align-left">Consumer</td></tr><tr><td class="psp-align-right" >22</td><td class="psp-align-left">CA-2013-137330</td><td class="psp-align-left">12/9/13, 7:00:00 PM</td><td class="psp-align-left">12/13/13, 7:00:00 PM</td><td class="psp-align-left">Standard Class</td><td class="psp-align-left">KB-16585</td><td class="psp-align-left">Corporate</td></tr><tr><td class="psp-align-right" >23</td><td class="psp-align-left">CA-2013-137330</td><td class="psp-align-left">12/9/13, 7:00:00 PM</td><td class="psp-align-left">12/13/13, 7:00:00 PM</td><td class="psp-align-left">Standard Class</td><td class="psp-align-left">KB-16585</td><td class="psp-align-left">Corporate</td></tr></tbody> </table> </regular-table></perspective-viewer-datagrid><perspective-viewer-datagrid-toolbar slot="plugin-settings"></perspective-viewer-datagrid-toolbar>