<perspective-viewer-datagrid class="edit-mode-allowed" ><regular-table tabindex="0"> <table cellspacing="0"> <thead><tr><th class="psp-menu-enabled psp-header-leaf psp-align-right" ><span>Row ID</span><span class="rt-column-resize"></span></th><th class="psp-menu-enabled psp-header-leaf psp-align-left" ><span>Order ID</span><span class="rt-column-resize"></span></th><th class="psp-menu-enabled psp-header-leaf psp-align-left" ><span>Order Date</span><span class="rt-column-resize"></span></th><th class="psp-menu-enabled psp-header-leaf psp-align-left" ><span>Ship Date</span><span class="rt-column-resize"></span></th><th class="psp-menu-enabled psp-header-leaf psp-align-left" ><span>Ship Mode</span><span class="rt-column-resize"></span></th><th class="psp-menu-enabled psp-header-leaf psp-align-left" ><span>Customer ID</span><span class="rt-column-resize"></span></th><th class="psp-menu-enabled psp-header-leaf psp-align-left" ><span>Segment</span><span class="rt-column-resize"></span></th><th class="psp-menu-enabled psp-header-leaf psp-align-left" ><span>Country</span><span class="rt-column-resize"></span></th><th class="psp-menu-enabled psp-header-leaf psp-align-left" ><span>City</span><span class="rt-column-resize"></span></th><th class="psp-menu-enabled psp-header-leaf psp-align-left" ><span>State</span><span class="rt-column-resize"></span></th><th class="psp-menu-enabled psp-header-leaf psp-align-right" ><span>Postal Code</span><span class="rt-column-resize"></span></th><th class="psp-menu-enabled psp-header-leaf psp-align-left" ><span>Region</span><span class="rt-column-resize"></span></th><th class="psp-menu-enabled psp-header-leaf psp-align-left" ><span>Product ID</span><span class="rt-column-resize"></span></th><th class="psp-menu-enabled psp-header-leaf psp-align-left" ><span>Category</span><span class="rt-column-resize"></span></th><th class="psp-menu-enabled psp-header-leaf psp-align-left" ><span>Sub-Category</span><span class="rt-column-resize"></span></th></tr></thead> <tbody><tr><td class="psp-align-right" >1</td><td class="psp-align-left">CA-2013-152156</td><td class="psp-align-left">11/8/13, 7:00:00 PM</td><td class="psp-align-left">11/11/13, 7:00:00 PM</td><td class="psp-align-left">Second Class</td><td class="psp-align-left">CG-12520</td><td class="psp-align-left">Consumer</td><td class="psp-align-left">United States</td><td class="psp-align-left">Henderson</td><td class="psp-align-left">Kentucky</td><td class="psp-align-right" >42,420</td><td class="psp-align-left">South</td><td class="psp-align-left">FUR-BO-10001798</td><td class="psp-align-left">Furniture</td><td class="psp-align-left">Bookcases</td></tr><tr><td class="psp-align-right" >2</td><td class="psp-align-left">CA-2013-152156</td><td class="psp-align-left">11/8/13, 7:00:00 PM</td><td class="psp-align-left">11/11/13, 7:00:00 PM</td><td class="psp-align-left">Second Class</td><td class="psp-align-left">CG-12520</td><td class="psp-align-left">Consumer</td><td class="psp-align-left">United States</td><td class="psp-align-left">Henderson</td><td class="psp-align-left">Kentucky</td><td class="psp-align-right" >42,420</td><td class="psp-align-left">South</td><td class="psp-align-left">FUR-CH-10000454</td><td class="psp-align-left">Furniture</td><td class="psp-align-left">Chairs</td></tr><tr><td class="psp-align-right" >3</td><td class="psp-align-left">CA-2013-138688</td><td class="psp-align-left">6/12/13, 8:00:00 PM</td><td class="psp-align-left">6/16/13, 8:00:00 PM</td><td class="psp-align-left">Second Class</td><td class="psp-align-left">DV-13045</td><td class="psp-align-left">Corporate</td><td class="psp-align-left">United States</td><td class="psp-align-left">Los Angeles</td><td class="psp-align-left">California</td><td class="psp-align-right" >90,036</td><td class="psp-align-left">West</td><td class="psp-align-left">OFF-LA-10000240</td><td class="psp-align-left">Office Supplies</td><td class="psp-align-left">Labels</td></tr><tr><td class="psp-align-right" >4</td><td class="psp-align-left">US-2012-108966</td><td class="psp-align-left">10/10/12, 8:00:00 PM</td><td class="psp-align-left">10/17/12, 8:00:00 PM</td><td class="psp-align-left">Standard Class</td><td class="psp-align-left">SO-20335</td><td class="psp-align-left">Consumer</td><td class="psp-align-left">United States</td><td class="psp-align-left">Fort Lauderdale</td><td class="psp-align-left">Florida</td><td class="psp-align-right" >33,311</td><td class="psp-align-left">South</td><td class="psp-align-left">FUR-TA-10000577</td><td class="psp-align-left">Furniture</td><td class="psp-align-left">Tables</td></tr><tr><td class="psp-align-right" >5</td><td class="psp-align-left">US-2012-108966</td><td class="psp-align-left">10/10/12, 8:00:00 PM</td><td class="psp-align-left">10/17/12, 8:00:00 PM</td><td class="psp-align-left">Standard Class</td><td class="psp-align-left">SO-20335</td><td class="psp-align-left">Consumer</td><td class="psp-align-left">United States</td><td class="psp-align-left">Fort Lauderdale</td><td class="psp-align-left">Florida</td><td class="psp-align-right" >33,311</td><td class="psp-align-left">South</td><td class="psp-align-left">OFF-ST-10000760</td><td class="psp-align-left">Office Supplies</td><td class="psp-align-left">Storage</td></tr><tr><td class="psp-align-right" >6</td><td class="psp-align-left">CA-2011-115812</td><td class="psp-align-left">6/8/11, 8:00:00 PM</td><td class="psp-align-left">6/13/11, 8:00:00 PM</td><td class="psp-align-left">Standard Class</td><td class="psp-align-left">BH-11710</td><td class="psp-align-left">Consumer</td><td class="psp-align-left">United States</td><td class="psp-align-left">Los Angeles</td><td class="psp-align-left">California</td><td class="psp-align-right" >90,032</td><td class="psp-align-left">West</td><td class="psp-align-left">FUR-FU-10001487</td><td class="psp-align-left">Furniture</td><td class="psp-align-left">Furnishings</td></tr><tr><td class="psp-align-right" >7</td><td class="psp-align-left">CA-2011-115812</td><td class="psp-align-left">6/8/11, 8:00:00 PM</td><td class="psp-align-left">6/13/11, 8:00:00 PM</td><td class="psp-align-left">Standard Class</td><td class="psp-align-left">BH-11710</td><td class="psp-align-left">Consumer</td><td class="psp-align-left">United States</td><td class="psp-align-left">Los Angeles</td><td class="psp-align-left">California</td><td class="psp-align-right" >90,032</td><td class="psp-align-left">West</td><td class="psp-align-left">OFF-AR-10002833</td><td class="psp-align-left">Office Supplies</td><td class="psp-align-left">Art</td></tr><tr><td class="psp-align-right" >8</td><td class="psp-align-left">CA-2011-115812</td><td class="psp-align-left">6/8/11, 8:00:00 PM</td><td class="psp-align-left">6/13/11, 8:00:00 PM</td><td class="psp-align-left">Standard Class</td><td class="psp-align-left">BH-11710</td><td class="psp-align-left">Consumer</td><td class="psp-align-left">United States</td><td class="psp-align-left">Los Angeles</td><td class="psp-align-left">California</td><td class="psp-align-right" >90,032</td><td class="psp-align-left">West</td><td class="psp-align-left">TEC-PH-10002275</td><td class="psp-align-left">Technology</td><td class="psp-align-left">Phones</td></tr><tr><td class="psp-align-right" >9</td><td class="psp-align-left">CA-2011-115812</td><td class="psp-align-left">6/8/11, 8:00:00 PM</td><td class="psp-align-left">6/13/11, 8:00:00 PM</td><td class="psp-align-left">Standard Class</td><td class="psp-align-left">BH-11710</td><td class="psp-align-left">Consumer</td><td class="psp-align-left">United States</td><td class="psp-align-left">Los Angeles</td><td class="psp-align-left">California</td><td class="psp-align-right" >90,032</td><td class="psp-align-left">West</td><td class="psp-align-left">OFF-BI-10003910</td><td class="psp-align-left">Office Supplies</td><td class="psp-align-left">Binders</td></tr><tr><td class="psp-align-right" >10</td><td class="psp-align-left">CA-2011-115812</td><td class="psp-align-left">6/8/11, 8:00:00 PM</td><td class="psp-align-left">6/13/11, 8:00:00 PM</td><td class="psp-align-left">Standard Class</td><td class="psp-align-left">BH-11710</td><td class="psp-align-left">Consumer</td><td class="psp-align-left">United States</td><td class="psp-align-left">Los Angeles</td><td class="psp-align-left">California</td><td class="psp-align-right" >90,032</td><td class="psp-align-left">West</td><td class="psp-align-left">OFF-AP-10002892</td><td class="psp-align-left">Office Supplies</td><td class="psp-align-left">Appliances</td></tr><tr><td class="psp-align-right" >11</td><td class="psp-align-left">CA-2011-115812</td><td class="psp-align-left">6/8/11, 8:00:00 PM</td><td class="psp-align-left">6/13/11, 8:00:00 PM</td><td class="psp-align-left">Standard Class</td><td class="psp-align-left">BH-11710</td><td class="psp-align-left">Consumer</td><td class="psp-align-left">United States</td><td class="psp-align-left">Los Angeles</td><td class="psp-align-left">California</td><td class="psp-align-right" >90,032</td><td class="psp-align-left">West</td><td class="psp-align-left">FUR-TA-10001539</td><td class="psp-align-left">Furniture</td><td class="psp-align-left">Tables</td></tr><tr><td class="psp-align-right" >12</td><td class="psp-align-left">CA-2011-115812</td><td class="psp-align-left">6/8/11, 8:00:00 PM</td><td class="psp-align-left">6/13/11, 8:00:00 PM</td><td class="psp-align-left">Standard Class</td><td class="psp-align-left">BH-11710</td><td class="psp-align-left">Consumer</td><td class="psp-align-left">United States</td><td class="psp-align-left">Los Angeles</td><td class="psp-align-left">California</td><td class="psp-align-right" >90,032</td><td class="psp-align-left">West</td><td class="psp-align-left">TEC-PH-10002033</td><td class="psp-align-left">Technology</td><td class="psp-align-left">Phones</td></tr><tr><td class="psp-align-right" >13</td><td class="psp-align-left">CA-2014-114412</td><td class="psp-align-left">4/15/14, 8:00:00 PM</td><td class="psp-align-left">4/20/14, 8:00:00 PM</td><td class="psp-align-left">Standard Class</td><td class="psp-align-left">AA-10480</td><td class="psp-align-left">Consumer</td><td class="psp-align-left">United States</td><td class="psp-align-left">Concord</td><td class="psp-align-left">North Carolina</td><td class="psp-align-right" >28,027</td><td class="psp-align-left">South</td><td class="psp-align-left">OFF-PA-10002365</td><td class="psp-align-left">Office Supplies</td><td class="psp-align-left">Paper</td></tr><tr><td class="psp-align-right" >14</td><td class="psp-align-left">CA-2013-161389</td><td class="psp-align-left">12/5/13, 7:00:00 PM</td><td class="psp-align-left">12/10/13, 7:00:00 PM</td><td class="psp-align-left">Standard Class</td><td class="psp-align-left">IM-15070</td><td class="psp-align-left">Consumer</td><td class="psp-align-left">United States</td><td class="psp-align-left">Seattle</td><td class="psp-align-left">Washington</td><td class="psp-align-right" >98,103</td><td class="psp-align-left">West</td><td class="psp-align-left">OFF-BI-10003656</td><td class="psp-align-left">Office Supplies</td><td class="psp-align-left">Binders</td></tr><tr><td class="psp-align-right" >15</td><td class="psp-align-left">US-2012-118983</td><td class="psp-align-left">11/21/12, 7:00:00 PM</td><td class="psp-align-left">11/25/12, 7:00:00 PM</td><td class="psp-align-left">Standard Class</td><td class="psp-align-left">HP-14815</td><td class="psp-align-left">Home Office</td><td class="psp-align-left">United States</td><td class="psp-align-left">Fort Worth</td><td class="psp-align-left">Texas</td><td class="psp-align-right" >76,106</td><td class="psp-align-left">Central</td><td class="psp-align-left">OFF-AP-10002311</td><td class="psp-align-left">Office Supplies</td><td class="psp-align-left">Appliances</td></tr><tr><td class="psp-align-right" >16</td><td class="psp-align-left">US-2012-118983</td><td class="psp-align-left">11/21/12, 7:00:00 PM</td><td class="psp-align-left">11/25/12, 7:00:00 PM</td><td class="psp-align-left">Standard Class</td><td class="psp-align-left">HP-14815</td><td class="psp-align-left">Home Office</td><td class="psp-align-left">United States</td><td class="psp-align-left">Fort Worth</td><td class="psp-align-left">Texas</td><td class="psp-align-right" >76,106</td><td class="psp-align-left">Central</td><td class="psp-align-left">OFF-BI-10000756</td><td class="psp-align-left">Office Supplies</td><td class="psp-align-left">Binders</td></tr><tr><td class="psp-align-right" >17</td><td class="psp-align-left">CA-2011-105893</td><td class="psp-align-left">11/10/11, 7:00:00 PM</td><td class="psp-align-left">11/17/11, 7:00:00 PM</td><td class="psp-align-left">Standard Class</td><td class="psp-align-left">PK-19075</td><td class="psp-align-left">Consumer</td><td class="psp-align-left">United States</td><td class="psp-align-left">Madison</td><td class="psp-align-left">Wisconsin</td><td class="psp-align-right" >53,711</td><td class="psp-align-left">Central</td><td class="psp-align-left">OFF-ST-10004186</td><td class="psp-align-left">Office Supplies</td><td class="psp-align-left">Storage</td></tr><tr><td class="psp-align-right" >18</td><td class="psp-align-left">CA-2011-167164</td><td class="psp-align-left">5/12/11, 8:00:00 PM</td><td class="psp-align-left">5/14/11, 8:00:00 PM</td><td class="psp-align-left">Second Class</td><td class="psp-align-left">AG-10270</td><td class="psp-align-left">Consumer</td><td class="psp-align-left">United States</td><td class="psp-align-left">West Jordan</td><td class="psp-align-left">Utah</td><td class="psp-align-right" >84,084</td><td class="psp-align-left">West</td><td class="psp-align-left">OFF-ST-10000107</td><td class="psp-align-left">Office Supplies</td><td class="psp-align-left">Storage</td></tr><tr><td class="psp-align-right" >19</td><td class="psp-align-left">CA-2011-143336</td><td class="psp-align-left">8/26/11, 8:00:00 PM</td><td class="psp-align-left">8/31/11, 8:00:00 PM</td><td class="psp-align-left">Second Class</td><td class="psp-align-left">ZD-21925</td><td class="psp-align-left">Consumer</td><td class="psp-align-left">United States</td><td class="psp-align-left">San Francisco</td><td class="psp-align-left">California</td><td class="psp-align-right" >94,109</td><td class="psp-align-left">West</td><td class="psp-align-left">OFF-AR-10003056</td><td class="psp-align-left">Office Supplies</td><td class="psp-align-left">Art</td></tr><tr><td class="psp-align-right" >20</td><td class="psp-align-left">CA-2011-143336</td><td class="psp-align-left">8/26/11, 8:00:00 PM</td><td class="psp-align-left">8/31/11, 8:00:00 PM</td><td class="psp-align-left">Second Class</td><td class="psp-align-left">ZD-21925</td><td class="psp-align-left">Consumer</td><td class="psp-align-left">United States</td><td class="psp-align-left">San Francisco</td><td class="psp-align-left">California</td><td class="psp-align-right" >94,109</td><td class="psp-align-left">West</td><td class="psp-align-left">TEC-PH-10001949</td><td class="psp-align-left">Technology</td><td class="psp-align-left">Phones</td></tr><tr><td class="psp-align-right" >21</td><td class="psp-align-left">CA-2011-143336</td><td class="psp-align-left">8/26/11, 8:00:00 PM</td><td class="psp-align-left">8/31/11, 8:00:00 PM</td><td class="psp-align-left">Second Class</td><td class="psp-align-left">ZD-21925</td><td class="psp-align-left">Consumer</td><td class="psp-align-left">United States</td><td class="psp-align-left">San Francisco</td><td class="psp-align-left">California</td><td class="psp-align-right" >94,109</td><td class="psp-align-left">West</td><td class="psp-align-left">OFF-BI-10002215</td><td class="psp-align-left">Office Supplies</td><td class="psp-align-left">Binders</td></tr><tr><td class="psp-align-right" >22</td><td class="psp-align-left">CA-2013-137330</td><td class="psp-align-left">12/9/13, 7:00:00 PM</td><td class="psp-align-left">12/13/13, 7:00:00 PM</td><td class="psp-align-left">Standard Class</td><td class="psp-align-left">KB-16585</td><td class="psp-align-left">Corporate</td><td class="psp-align-left">United States</td><td class="psp-align-left">Fremont</td><td class="psp-align-left">Nebraska</td><td class="psp-align-right" >68,025</td><td class="psp-align-left">Central</td><td class="psp-align-left">OFF-AR-10000246</td><td class="psp-align-left">Office Supplies</td><td class="psp-align-left">Art</td></tr><tr><td class="psp-align-right" >23</td><td class="psp-align-left">CA-2013-137330</td><td class="psp-align-left">12/9/13, 7:00:00 PM</td><td class="psp-align-left">12/13/13, 7:00:00 PM</td><td class="psp-align-left">Standard Class</td><td class="psp-align-left">KB-16585</td><td class="psp-align-left">Corporate</td><td class="psp-align-left">United States</td><td class="psp-align-left">Fremont</td><td class="psp-align-left">Nebraska</td><td class="psp-align-right" >68,025</td><td class="psp-align-left">Central</td><td class="psp-align-left">OFF-AP-10001492</td><td class="psp-align-left">Office Supplies</td><td class="psp-align-left">Appliances</td></tr><tr><td class="psp-align-right" >24</td><td class="psp-align-left">US-2014-156909</td><td class="psp-align-left">7/16/14, 8:00:00 PM</td><td class="psp-align-left">7/18/14, 8:00:00 PM</td><td class="psp-align-left">Second Class</td><td class="psp-align-left">SF-20065</td><td class="psp-align-left">Consumer</td><td class="psp-align-left">United States</td><td class="psp-align-left">Philadelphia</td><td class="psp-align-left">Pennsylvania</td><td class="psp-align-right" >19,140</td><td class="psp-align-left">East</td><td class="psp-align-left">FUR-CH-10002774</td><td class="psp-align-left">Furniture</td><td class="psp-align-left">Chairs</td></tr><tr><td class="psp-align-right" >25</td><td class="psp-align-left">CA-2012-106320</td><td class="psp-align-left">9/24/12, 8:00:00 PM</td><td class="psp-align-left">9/29/12, 8:00:00 PM</td><td class="psp-align-left">Standard Class</td><td class="psp-align-left">EB-13870</td><td class="psp-align-left">Consumer</td><td class="psp-align-left">United States</td><td class="psp-align-left">Orem</td><td class="psp-align-left">Utah</td><td class="psp-align-right" >84,057</td><td class="psp-align-left">West</td><td class="psp-align-left">FUR-TA-10000577</td><td class="psp-align-left">Furniture</td><td class="psp-align-left">Tables</td></tr><tr><td class="psp-align-right" >26</td><td class="psp-align-left">CA-2013-121755</td><td class="psp-align-left">1/15/13, 7:00:00 PM</td><td class="psp-align-left">1/19/13, 7:00:00 PM</td><td class="psp-align-left">Second Class</td><td class="psp-align-left">EH-13945</td><td class="psp-align-left">Consumer</td><td class="psp-align-left">United States</td><td class="psp-align-left">Los Angeles</td><td class="psp-align-left">California</td><td class="psp-align-right" >90,049</td><td class="psp-align-left">West</td><td class="psp-align-left">OFF-BI-10001634</td><td class="psp-align-left">Office Supplies</td><td class="psp-align-left">Binders</td></tr><tr><td class="psp-align-right" >27</td><td class="psp-align-left">CA-2013-121755</td><td class="psp-align-left">1/15/13, 7:00:00 PM</td><td class="psp-align-left">1/19/13, 7:00:00 PM</td><td class="psp-align-left">Second Class</td><td class="psp-align-left">EH-13945</td><td class="psp-align-left">Consumer</td><td class="psp-align-left">United States</td><td class="psp-align-left">Los Angeles</td><td class="psp-align-left">California</td><td class="psp-align-right" >90,049</td><td class="psp-align-left">West</td><td class="psp-align-left">TEC-AC-10003027</td><td class="psp-align-left">Technology</td><td class="psp-align-left">Accessories</td></tr><tr><td class="psp-align-right" >28</td><td class="psp-align-left">US-2012-150630</td><td class="psp-align-left">9/16/12, 8:00:00 PM</td><td class="psp-align-left">9/20/12, 8:00:00 PM</td><td class="psp-align-left">Standard Class</td><td class="psp-align-left">TB-21520</td><td class="psp-align-left">Consumer</td><td class="psp-align-left">United States</td><td class="psp-align-left">Philadelphia</td><td class="psp-align-left">Pennsylvania</td><td class="psp-align-right" >19,140</td><td class="psp-align-left">East</td><td class="psp-align-left">FUR-BO-10004834</td><td class="psp-align-left">Furniture</td><td class="psp-align-left">Bookcases</td></tr><tr><td class="psp-align-right" >29</td><td class="psp-align-left">US-2012-150630</td><td class="psp-align-left">9/16/12, 8:00:00 PM</td><td class="psp-align-left">9/20/12, 8:00:00 PM</td><td class="psp-align-left">Standard Class</td><td class="psp-align-left">TB-21520</td><td class="psp-align-left">Consumer</td><td class="psp-align-left">United States</td><td class="psp-align-left">Philadelphia</td><td class="psp-align-left">Pennsylvania</td><td class="psp-align-right" >19,140</td><td class="psp-align-left">East</td><td class="psp-align-left">OFF-BI-10000474</td><td class="psp-align-left">Office Supplies</td><td class="psp-align-left">Binders</td></tr><tr><td class="psp-align-right" >30</td><td class="psp-align-left">US-2012-150630</td><td class="psp-align-left">9/16/12, 8:00:00 PM</td><td class="psp-align-left">9/20/12, 8:00:00 PM</td><td class="psp-align-left">Standard Class</td><td class="psp-align-left">TB-21520</td><td class="psp-align-left">Consumer</td><td class="psp-align-left">United States</td><td class="psp-align-left">Philadelphia</td><td class="psp-align-left">Pennsylvania</td><td class="psp-align-right" >19,140</td><td class="psp-align-left">East</td><td class="psp-align-left">FUR-FU-10004848</td><td class="psp-align-left">Furniture</td><td class="psp-align-left">Furnishings</td></tr><tr><td class="psp-align-right" >31</td><td class="psp-align-left">US-2012-150630</td><td class="psp-align-left">9/16/12, 8:00:00 PM</td><td class="psp-align-left">9/20/12, 8:00:00 PM</td><td class="psp-align-left">Standard Class</td><td class="psp-align-left">TB-21520</td><td class="psp-align-left">Consumer</td><td class="psp-align-left">United States</td><td class="psp-align-left">Philadelphia</td><td class="psp-align-left">Pennsylvania</td><td class="psp-align-right" >19,140</td><td class="psp-align-left">East</td><td class="psp-align-left">OFF-EN-10001509</td><td class="psp-align-left">Office Supplies</td><td class="psp-align-left">Envelopes</td></tr></tbody> </table> </regular-table></perspective-viewer-datagrid><perspective-viewer-datagrid-toolbar slot="plugin-settings"></perspective-viewer-datagrid-toolbar>