<svg viewBox="0 0 956 577" preserveAspectRatio="none"><g class="multi"><g><line class="gridline-x" stroke="#bbb"></line><line class="gridline-x" stroke="#bbb"></line><line class="gridline-x" stroke="#bbb"></line><line class="gridline-x" stroke="#bbb"></line><line class="gridline-x" stroke="#bbb"></line><line class="gridline-x" stroke="#bbb"></line><line class="gridline-x" stroke="#bbb"></line><line class="gridline-x" stroke="#bbb"></line><line class="gridline-x" stroke="#bbb"></line><line class="gridline-x" stroke="#bbb"></line><line class="gridline-x" stroke="#bbb"></line><line class="gridline-x" stroke="#bbb"></line></g></g><g class="multi"><g><g class="multi"><g><g class="point" fill="#ddd" stroke="#000"><path></path></g><g class="point" fill="#ddd" stroke="#000"><path></path></g><g class="point" fill="#ddd" stroke="#000"><path></path></g><g class="point" fill="#ddd" stroke="#000"><path></path></g><g class="point" fill="#ddd" stroke="#000"><path></path></g><g class="point" fill="#ddd" stroke="#000"><path></path></g><g class="point" fill="#ddd" stroke="#000"><path></path></g><g class="point" fill="#ddd" stroke="#000"><path></path></g><g class="point" fill="#ddd" stroke="#000"><path></path></g><g class="point" fill="#ddd" stroke="#000"><path></path></g><g class="point" fill="#ddd" stroke="#000"><path></path></g><g class="point" fill="#ddd" stroke="#000"><path></path></g><g class="point" fill="#ddd" stroke="#000"><path></path></g><g class="point" fill="#ddd" stroke="#000"><path></path></g><g class="point" fill="#ddd" stroke="#000"><path></path></g><g class="point" fill="#ddd" stroke="#000"><path></path></g><g class="point" fill="#ddd" stroke="#000"><path></path></g><g class="point" fill="#ddd" stroke="#000"><path></path></g><g class="point" fill="#ddd" stroke="#000"><path></path></g><g class="point" fill="#ddd" stroke="#000"><path></path></g><g class="point" fill="#ddd" stroke="#000"><path></path></g><g class="point" fill="#ddd" stroke="#000"><path></path></g><g class="point" fill="#ddd" stroke="#000"><path></path></g><g class="point" fill="#ddd" stroke="#000"><path></path></g><g class="point" fill="#ddd" stroke="#000"><path></path></g><g class="point" fill="#ddd" stroke="#000"><path></path></g><g class="point" fill="#ddd" stroke="#000"><path></path></g><g class="point" fill="#ddd" stroke="#000"><path></path></g><g class="point" fill="#ddd" stroke="#000"><path></path></g><g class="point" fill="#ddd" stroke="#000"><path></path></g><g class="point" fill="#ddd" stroke="#000"><path></path></g><g class="point" fill="#ddd" stroke="#000"><path></path></g><g class="point" fill="#ddd" stroke="#000"><path></path></g><g class="point" fill="#ddd" stroke="#000"><path></path></g><g class="point" fill="#ddd" stroke="#000"><path></path></g><g class="point" fill="#ddd" stroke="#000"><path></path></g><g class="point" fill="#ddd" stroke="#000"><path></path></g><g class="point" fill="#ddd" stroke="#000"><path></path></g><g class="point" fill="#ddd" stroke="#000"><path></path></g><g class="point" fill="#ddd" stroke="#000"><path></path></g><g class="point" fill="#ddd" stroke="#000"><path></path></g><g class="point" fill="#ddd" stroke="#000"><path></path></g><g class="point" fill="#ddd" stroke="#000"><path></path></g><g class="point" fill="#ddd" stroke="#000"><path></path></g><g class="point" fill="#ddd" stroke="#000"><path></path></g><g class="point" fill="#ddd" stroke="#000"><path></path></g><g class="point" fill="#ddd" stroke="#000"><path></path></g><g class="point" fill="#ddd" stroke="#000"><path></path></g><g class="point" fill="#ddd" stroke="#000"><path></path></g><g class="point" fill="#ddd" stroke="#000"><path></path></g></g></g><g class="multi"><g><g class="point" fill="#ddd" stroke="#000"><path></path></g><g class="point" fill="#ddd" stroke="#000"><path></path></g><g class="point" fill="#ddd" stroke="#000"><path></path></g><g class="point" fill="#ddd" stroke="#000"><path></path></g><g class="point" fill="#ddd" stroke="#000"><path></path></g><g class="point" fill="#ddd" stroke="#000"><path></path></g><g class="point" fill="#ddd" stroke="#000"><path></path></g><g class="point" fill="#ddd" stroke="#000"><path></path></g><g class="point" fill="#ddd" stroke="#000"><path></path></g><g class="point" fill="#ddd" stroke="#000"><path></path></g><g class="point" fill="#ddd" stroke="#000"><path></path></g><g class="point" fill="#ddd" stroke="#000"><path></path></g><g class="point" fill="#ddd" stroke="#000"><path></path></g><g class="point" fill="#ddd" stroke="#000"><path></path></g><g class="point" fill="#ddd" stroke="#000"><path></path></g><g class="point" fill="#ddd" stroke="#000"><path></path></g><g class="point" fill="#ddd" stroke="#000"><path></path></g><g class="point" fill="#ddd" stroke="#000"><path></path></g><g class="point" fill="#ddd" stroke="#000"><path></path></g><g class="point" fill="#ddd" stroke="#000"><path></path></g><g class="point" fill="#ddd" stroke="#000"><path></path></g><g class="point" fill="#ddd" stroke="#000"><path></path></g><g class="point" fill="#ddd" stroke="#000"><path></path></g><g class="point" fill="#ddd" stroke="#000"><path></path></g><g class="point" fill="#ddd" stroke="#000"><path></path></g><g class="point" fill="#ddd" stroke="#000"><path></path></g><g class="point" fill="#ddd" stroke="#000"><path></path></g><g class="point" fill="#ddd" stroke="#000"><path></path></g><g class="point" fill="#ddd" stroke="#000"><path></path></g><g class="point" fill="#ddd" stroke="#000"><path></path></g><g class="point" fill="#ddd" stroke="#000"><path></path></g><g class="point" fill="#ddd" stroke="#000"><path></path></g><g class="point" fill="#ddd" stroke="#000"><path></path></g><g class="point" fill="#ddd" stroke="#000"><path></path></g><g class="point" fill="#ddd" stroke="#000"><path></path></g><g class="point" fill="#ddd" stroke="#000"><path></path></g><g class="point" fill="#ddd" stroke="#000"><path></path></g><g class="point" fill="#ddd" stroke="#000"><path></path></g><g class="point" fill="#ddd" stroke="#000"><path></path></g><g class="point" fill="#ddd" stroke="#000"><path></path></g><g class="point" fill="#ddd" stroke="#000"><path></path></g><g class="point" fill="#ddd" stroke="#000"><path></path></g><g class="point" fill="#ddd" stroke="#000"><path></path></g><g class="point" fill="#ddd" stroke="#000"><path></path></g><g class="point" fill="#ddd" stroke="#000"><path></path></g><g class="point" fill="#ddd" stroke="#000"><path></path></g><g class="point" fill="#ddd" stroke="#000"><path></path></g><g class="point" fill="#ddd" stroke="#000"><path></path></g><g class="point" fill="#ddd" stroke="#000"><path></path></g><g class="point" fill="#ddd" stroke="#000"><path></path></g><g class="point" fill="#ddd" stroke="#000"><path></path></g><g class="point" fill="#ddd" stroke="#000"><path></path></g><g class="point" fill="#ddd" stroke="#000"><path></path></g><g class="point" fill="#ddd" stroke="#000"><path></path></g><g class="point" fill="#ddd" stroke="#000"><path></path></g><g class="point" fill="#ddd" stroke="#000"><path></path></g><g class="point" fill="#ddd" stroke="#000"><path></path></g><g class="point" fill="#ddd" stroke="#000"><path></path></g><g class="point" fill="#ddd" stroke="#000"><path></path></g><g class="point" fill="#ddd" stroke="#000"><path></path></g><g class="point" fill="#ddd" stroke="#000"><path></path></g><g class="point" fill="#ddd" stroke="#000"><path></path></g><g class="point" fill="#ddd" stroke="#000"><path></path></g><g class="point" fill="#ddd" stroke="#000"><path></path></g><g class="point" fill="#ddd" stroke="#000"><path></path></g><g class="point" fill="#ddd" stroke="#000"><path></path></g><g class="point" fill="#ddd" stroke="#000"><path></path></g><g class="point" fill="#ddd" stroke="#000"><path></path></g><g class="point" fill="#ddd" stroke="#000"><path></path></g><g class="point" fill="#ddd" stroke="#000"><path></path></g><g class="point" fill="#ddd" stroke="#000"><path></path></g><g class="point" fill="#ddd" stroke="#000"><path></path></g><g class="point" fill="#ddd" stroke="#000"><path></path></g><g class="point" fill="#ddd" stroke="#000"><path></path></g><g class="point" fill="#ddd" stroke="#000"><path></path></g><g class="point" fill="#ddd" stroke="#000"><path></path></g><g class="point" fill="#ddd" stroke="#000"><path></path></g><g class="point" fill="#ddd" stroke="#000"><path></path></g><g class="point" fill="#ddd" stroke="#000"><path></path></g><g class="point" fill="#ddd" stroke="#000"><path></path></g><g class="point" fill="#ddd" stroke="#000"><path></path></g><g class="point" fill="#ddd" stroke="#000"><path></path></g><g class="point" fill="#ddd" stroke="#000"><path></path></g><g class="point" fill="#ddd" stroke="#000"><path></path></g><g class="point" fill="#ddd" stroke="#000"><path></path></g><g class="point" fill="#ddd" stroke="#000"><path></path></g><g class="point" fill="#ddd" stroke="#000"><path></path></g><g class="point" fill="#ddd" stroke="#000"><path></path></g><g class="point" fill="#ddd" stroke="#000"><path></path></g><g class="point" fill="#ddd" stroke="#000"><path></path></g><g class="point" fill="#ddd" stroke="#000"><path></path></g><g class="point" fill="#ddd" stroke="#000"><path></path></g><g class="point" fill="#ddd" stroke="#000"><path></path></g><g class="point" fill="#ddd" stroke="#000"><path></path></g><g class="point" fill="#ddd" stroke="#000"><path></path></g><g class="point" fill="#ddd" stroke="#000"><path></path></g><g class="point" fill="#ddd" stroke="#000"><path></path></g><g class="point" fill="#ddd" stroke="#000"><path></path></g><g class="point" fill="#ddd" stroke="#000"><path></path></g></g></g><g class="multi"><g><g class="point" fill="#ddd" stroke="#000"><path></path></g><g class="point" fill="#ddd" stroke="#000"><path></path></g><g class="point" fill="#ddd" stroke="#000"><path></path></g><g class="point" fill="#ddd" stroke="#000"><path></path></g><g class="point" fill="#ddd" stroke="#000"><path></path></g><g class="point" fill="#ddd" stroke="#000"><path></path></g><g class="point" fill="#ddd" stroke="#000"><path></path></g><g class="point" fill="#ddd" stroke="#000"><path></path></g><g class="point" fill="#ddd" stroke="#000"><path></path></g><g class="point" fill="#ddd" stroke="#000"><path></path></g><g class="point" fill="#ddd" stroke="#000"><path></path></g><g class="point" fill="#ddd" stroke="#000"><path></path></g><g class="point" fill="#ddd" stroke="#000"><path></path></g><g class="point" fill="#ddd" stroke="#000"><path></path></g><g class="point" fill="#ddd" stroke="#000"><path></path></g><g class="point" fill="#ddd" stroke="#000"><path></path></g><g class="point" fill="#ddd" stroke="#000"><path></path></g><g class="point" fill="#ddd" stroke="#000"><path></path></g><g class="point" fill="#ddd" stroke="#000"><path></path></g><g class="point" fill="#ddd" stroke="#000"><path></path></g><g class="point" fill="#ddd" stroke="#000"><path></path></g><g class="point" fill="#ddd" stroke="#000"><path></path></g><g class="point" fill="#ddd" stroke="#000"><path></path></g><g class="point" fill="#ddd" stroke="#000"><path></path></g><g class="point" fill="#ddd" stroke="#000"><path></path></g><g class="point" fill="#ddd" stroke="#000"><path></path></g><g class="point" fill="#ddd" stroke="#000"><path></path></g><g class="point" fill="#ddd" stroke="#000"><path></path></g><g class="point" fill="#ddd" stroke="#000"><path></path></g><g class="point" fill="#ddd" stroke="#000"><path></path></g><g class="point" fill="#ddd" stroke="#000"><path></path></g><g class="point" fill="#ddd" stroke="#000"><path></path></g><g class="point" fill="#ddd" stroke="#000"><path></path></g><g class="point" fill="#ddd" stroke="#000"><path></path></g><g class="point" fill="#ddd" stroke="#000"><path></path></g><g class="point" fill="#ddd" stroke="#000"><path></path></g><g class="point" fill="#ddd" stroke="#000"><path></path></g><g class="point" fill="#ddd" stroke="#000"><path></path></g><g class="point" fill="#ddd" stroke="#000"><path></path></g><g class="point" fill="#ddd" stroke="#000"><path></path></g><g class="point" fill="#ddd" stroke="#000"><path></path></g><g class="point" fill="#ddd" stroke="#000"><path></path></g><g class="point" fill="#ddd" stroke="#000"><path></path></g><g class="point" fill="#ddd" stroke="#000"><path></path></g><g class="point" fill="#ddd" stroke="#000"><path></path></g><g class="point" fill="#ddd" stroke="#000"><path></path></g><g class="point" fill="#ddd" stroke="#000"><path></path></g><g class="point" fill="#ddd" stroke="#000"><path></path></g><g class="point" fill="#ddd" stroke="#000"><path></path></g><g class="point" fill="#ddd" stroke="#000"><path></path></g><g class="point" fill="#ddd" stroke="#000"><path></path></g><g class="point" fill="#ddd" stroke="#000"><path></path></g><g class="point" fill="#ddd" stroke="#000"><path></path></g><g class="point" fill="#ddd" stroke="#000"><path></path></g><g class="point" fill="#ddd" stroke="#000"><path></path></g><g class="point" fill="#ddd" stroke="#000"><path></path></g><g class="point" fill="#ddd" stroke="#000"><path></path></g><g class="point" fill="#ddd" stroke="#000"><path></path></g><g class="point" fill="#ddd" stroke="#000"><path></path></g><g class="point" fill="#ddd" stroke="#000"><path></path></g><g class="point" fill="#ddd" stroke="#000"><path></path></g><g class="point" fill="#ddd" stroke="#000"><path></path></g><g class="point" fill="#ddd" stroke="#000"><path></path></g><g class="point" fill="#ddd" stroke="#000"><path></path></g><g class="point" fill="#ddd" stroke="#000"><path></path></g><g class="point" fill="#ddd" stroke="#000"><path></path></g><g class="point" fill="#ddd" stroke="#000"><path></path></g><g class="point" fill="#ddd" stroke="#000"><path></path></g><g class="point" fill="#ddd" stroke="#000"><path></path></g><g class="point" fill="#ddd" stroke="#000"><path></path></g><g class="point" fill="#ddd" stroke="#000"><path></path></g><g class="point" fill="#ddd" stroke="#000"><path></path></g><g class="point" fill="#ddd" stroke="#000"><path></path></g><g class="point" fill="#ddd" stroke="#000"><path></path></g><g class="point" fill="#ddd" stroke="#000"><path></path></g><g class="point" fill="#ddd" stroke="#000"><path></path></g><g class="point" fill="#ddd" stroke="#000"><path></path></g><g class="point" fill="#ddd" stroke="#000"><path></path></g><g class="point" fill="#ddd" stroke="#000"><path></path></g><g class="point" fill="#ddd" stroke="#000"><path></path></g><g class="point" fill="#ddd" stroke="#000"><path></path></g><g class="point" fill="#ddd" stroke="#000"><path></path></g><g class="point" fill="#ddd" stroke="#000"><path></path></g><g class="point" fill="#ddd" stroke="#000"><path></path></g><g class="point" fill="#ddd" stroke="#000"><path></path></g><g class="point" fill="#ddd" stroke="#000"><path></path></g><g class="point" fill="#ddd" stroke="#000"><path></path></g><g class="point" fill="#ddd" stroke="#000"><path></path></g><g class="point" fill="#ddd" stroke="#000"><path></path></g><g class="point" fill="#ddd" stroke="#000"><path></path></g><g class="point" fill="#ddd" stroke="#000"><path></path></g><g class="point" fill="#ddd" stroke="#000"><path></path></g><g class="point" fill="#ddd" stroke="#000"><path></path></g><g class="point" fill="#ddd" stroke="#000"><path></path></g><g class="point" fill="#ddd" stroke="#000"><path></path></g><g class="point" fill="#ddd" stroke="#000"><path></path></g><g class="point" fill="#ddd" stroke="#000"><path></path></g><g class="point" fill="#ddd" stroke="#000"><path></path></g><g class="point" fill="#ddd" stroke="#000"><path></path></g></g></g><g class="multi"><g><g class="point" fill="#ddd" stroke="#000"><path></path></g><g class="point" fill="#ddd" stroke="#000"><path></path></g><g class="point" fill="#ddd" stroke="#000"><path></path></g><g class="point" fill="#ddd" stroke="#000"><path></path></g><g class="point" fill="#ddd" stroke="#000"><path></path></g><g class="point" fill="#ddd" stroke="#000"><path></path></g><g class="point" fill="#ddd" stroke="#000"><path></path></g><g class="point" fill="#ddd" stroke="#000"><path></path></g><g class="point" fill="#ddd" stroke="#000"><path></path></g><g class="point" fill="#ddd" stroke="#000"><path></path></g><g class="point" fill="#ddd" stroke="#000"><path></path></g><g class="point" fill="#ddd" stroke="#000"><path></path></g><g class="point" fill="#ddd" stroke="#000"><path></path></g><g class="point" fill="#ddd" stroke="#000"><path></path></g><g class="point" fill="#ddd" stroke="#000"><path></path></g><g class="point" fill="#ddd" stroke="#000"><path></path></g><g class="point" fill="#ddd" stroke="#000"><path></path></g><g class="point" fill="#ddd" stroke="#000"><path></path></g><g class="point" fill="#ddd" stroke="#000"><path></path></g><g class="point" fill="#ddd" stroke="#000"><path></path></g><g class="point" fill="#ddd" stroke="#000"><path></path></g><g class="point" fill="#ddd" stroke="#000"><path></path></g><g class="point" fill="#ddd" stroke="#000"><path></path></g><g class="point" fill="#ddd" stroke="#000"><path></path></g><g class="point" fill="#ddd" stroke="#000"><path></path></g><g class="point" fill="#ddd" stroke="#000"><path></path></g><g class="point" fill="#ddd" stroke="#000"><path></path></g><g class="point" fill="#ddd" stroke="#000"><path></path></g><g class="point" fill="#ddd" stroke="#000"><path></path></g><g class="point" fill="#ddd" stroke="#000"><path></path></g><g class="point" fill="#ddd" stroke="#000"><path></path></g><g class="point" fill="#ddd" stroke="#000"><path></path></g><g class="point" fill="#ddd" stroke="#000"><path></path></g><g class="point" fill="#ddd" stroke="#000"><path></path></g><g class="point" fill="#ddd" stroke="#000"><path></path></g><g class="point" fill="#ddd" stroke="#000"><path></path></g><g class="point" fill="#ddd" stroke="#000"><path></path></g><g class="point" fill="#ddd" stroke="#000"><path></path></g><g class="point" fill="#ddd" stroke="#000"><path></path></g><g class="point" fill="#ddd" stroke="#000"><path></path></g><g class="point" fill="#ddd" stroke="#000"><path></path></g><g class="point" fill="#ddd" stroke="#000"><path></path></g><g class="point" fill="#ddd" stroke="#000"><path></path></g><g class="point" fill="#ddd" stroke="#000"><path></path></g><g class="point" fill="#ddd" stroke="#000"><path></path></g><g class="point" fill="#ddd" stroke="#000"><path></path></g><g class="point" fill="#ddd" stroke="#000"><path></path></g><g class="point" fill="#ddd" stroke="#000"><path></path></g><g class="point" fill="#ddd" stroke="#000"><path></path></g><g class="point" fill="#ddd" stroke="#000"><path></path></g><g class="point" fill="#ddd" stroke="#000"><path></path></g><g class="point" fill="#ddd" stroke="#000"><path></path></g><g class="point" fill="#ddd" stroke="#000"><path></path></g><g class="point" fill="#ddd" stroke="#000"><path></path></g><g class="point" fill="#ddd" stroke="#000"><path></path></g><g class="point" fill="#ddd" stroke="#000"><path></path></g><g class="point" fill="#ddd" stroke="#000"><path></path></g><g class="point" fill="#ddd" stroke="#000"><path></path></g><g class="point" fill="#ddd" stroke="#000"><path></path></g><g class="point" fill="#ddd" stroke="#000"><path></path></g><g class="point" fill="#ddd" stroke="#000"><path></path></g><g class="point" fill="#ddd" stroke="#000"><path></path></g><g class="point" fill="#ddd" stroke="#000"><path></path></g><g class="point" fill="#ddd" stroke="#000"><path></path></g><g class="point" fill="#ddd" stroke="#000"><path></path></g><g class="point" fill="#ddd" stroke="#000"><path></path></g><g class="point" fill="#ddd" stroke="#000"><path></path></g><g class="point" fill="#ddd" stroke="#000"><path></path></g><g class="point" fill="#ddd" stroke="#000"><path></path></g><g class="point" fill="#ddd" stroke="#000"><path></path></g><g class="point" fill="#ddd" stroke="#000"><path></path></g><g class="point" fill="#ddd" stroke="#000"><path></path></g><g class="point" fill="#ddd" stroke="#000"><path></path></g><g class="point" fill="#ddd" stroke="#000"><path></path></g><g class="point" fill="#ddd" stroke="#000"><path></path></g><g class="point" fill="#ddd" stroke="#000"><path></path></g><g class="point" fill="#ddd" stroke="#000"><path></path></g><g class="point" fill="#ddd" stroke="#000"><path></path></g><g class="point" fill="#ddd" stroke="#000"><path></path></g><g class="point" fill="#ddd" stroke="#000"><path></path></g><g class="point" fill="#ddd" stroke="#000"><path></path></g><g class="point" fill="#ddd" stroke="#000"><path></path></g><g class="point" fill="#ddd" stroke="#000"><path></path></g><g class="point" fill="#ddd" stroke="#000"><path></path></g><g class="point" fill="#ddd" stroke="#000"><path></path></g><g class="point" fill="#ddd" stroke="#000"><path></path></g><g class="point" fill="#ddd" stroke="#000"><path></path></g><g class="point" fill="#ddd" stroke="#000"><path></path></g><g class="point" fill="#ddd" stroke="#000"><path></path></g><g class="point" fill="#ddd" stroke="#000"><path></path></g><g class="point" fill="#ddd" stroke="#000"><path></path></g><g class="point" fill="#ddd" stroke="#000"><path></path></g><g class="point" fill="#ddd" stroke="#000"><path></path></g><g class="point" fill="#ddd" stroke="#000"><path></path></g><g class="point" fill="#ddd" stroke="#000"><path></path></g><g class="point" fill="#ddd" stroke="#000"><path></path></g><g class="point" fill="#ddd" stroke="#000"><path></path></g><g class="point" fill="#ddd" stroke="#000"><path></path></g><g class="point" fill="#ddd" stroke="#000"><path></path></g></g></g></g></g></svg><svg preserveAspectRatio="none" viewBox="0 0 956 32" fill="none" font-size="10" font-family="sans-serif" text-anchor="middle"><path class="domain" stroke="#000"></path></svg><svg preserveAspectRatio="none" viewBox="-48 0 48 577" fill="none" font-size="10" font-family="sans-serif" text-anchor="end"><path class="domain" stroke="#000"></path><g class="tick"><path stroke="#000"></path><text fill="#000" visibility="false">−2,000</text></g><g class="tick"><path stroke="#000"></path><text fill="#000" visibility="false">−1,500</text></g><g class="tick"><path stroke="#000"></path><text fill="#000" visibility="false">−1,000</text></g><g class="tick"><path stroke="#000"></path><text fill="#000" visibility="false">−500</text></g><g class="tick"><path stroke="#000"></path><text fill="#000" visibility="false">0</text></g><g class="tick"><path stroke="#000"></path><text fill="#000" visibility="false">500</text></g><g class="tick"><path stroke="#000"></path><text fill="#000" visibility="false">1,000</text></g><g class="tick"><path stroke="#000"></path><text fill="#000" visibility="false">1,500</text></g><g class="tick"><path stroke="#000"></path><text fill="#000" visibility="false">2,000</text></g><g class="tick"><path stroke="#000"></path><text fill="#000" visibility="false">2,500</text></g><g class="tick"><path stroke="#000"></path><text fill="#000" visibility="false">3,000</text></g><g class="tick"><path stroke="#000"></path><text fill="#000" visibility="false">3,500</text></g></svg><svg id="dragHandles" width="150" height="84"><g><rect id="dragleft" class="vertical-drag-handle" y="9" x="0" height="66" width="9" fill="lightgreen" fill-opacity="0" cursor="ew-resize" style="z-index: 3;"></rect><rect id="dragtop" class="horizontal-drag-handle" y="0" x="9" height="9" width="132" fill="lightblue" fill-opacity="0" cursor="ns-resize" style="z-index: 3;"></rect><rect id="dragright" class="vertical-drag-handle" y="9" x="141" height="66" width="9" fill="lightgreen" fill-opacity="0" cursor="ew-resize" style="z-index: 3;"></rect><rect id="dragbottom" class="horizontal-drag-handle" y="75" x="9" height="9" width="132" fill="lightblue" fill-opacity="0" cursor="ns-resize" style="z-index: 3;"></rect><rect id="dragtopleft" class="corner-drag-handle top left" height="9" width="9" fill="red" fill-opacity="0" cursor="nwse-resize" style="z-index: 3;" y="0"></rect><rect id="dragtopright" class="corner-drag-handle top right" height="9" width="9" fill="red" fill-opacity="0" cursor="nesw-resize" style="z-index: 3;" y="0" x="141"></rect><rect id="dragbottomright" class="corner-drag-handle bottom right" height="9" width="9" fill="red" fill-opacity="0" cursor="nwse-resize" style="z-index: 3;" y="75" x="141"></rect><rect id="dragbottomleft" class="corner-drag-handle bottom left" height="9" width="9" fill="red" fill-opacity="0" cursor="nesw-resize" style="z-index: 3;" y="75" x="0"></rect></g></svg><svg class="legend" height="82.16903305053711"><g class="legendCells"><g class="cell"><path class="swatch"></path><text class="label">Discount</text><title>Discount</title></g><g class="cell"><path class="swatch"></path><text class="label">Profit</text><title>Profit</title></g><g class="cell"><path class="swatch"></path><text class="label">Sales</text><title>Sales</title></g><g class="cell"><path class="swatch"></path><text class="label">Quantity</text><title>Quantity</title></g></g></svg>