<svg viewBox="0 0 956 537" preserveAspectRatio="none"><g class="multi"><g><line class="gridline-y" stroke="#bbb"></line><line class="gridline-y" stroke="#bbb"></line><line class="gridline-y" stroke="#bbb"></line><line class="gridline-y" stroke="#bbb"></line><line class="gridline-y" stroke="#bbb"></line><line class="gridline-y" stroke="#bbb"></line><line class="gridline-y" stroke="#bbb"></line><line class="gridline-y" stroke="#bbb"></line><line class="gridline-y" stroke="#bbb"></line><line class="gridline-y" stroke="#bbb"></line><line class="gridline-y" stroke="#bbb"></line><line class="gridline-y" stroke="#bbb"></line><line class="gridline-y" stroke="#bbb"></line><line class="gridline-y" stroke="#bbb"></line><line class="gridline-y" stroke="#bbb"></line><line class="gridline-y" stroke="#bbb"></line><line class="gridline-y" stroke="#bbb"></line><line class="gridline-y" stroke="#bbb"></line><line class="gridline-y" stroke="#bbb"></line><line class="gridline-y" stroke="#bbb"></line><line class="gridline-y" stroke="#bbb"></line><line class="gridline-y" stroke="#bbb"></line><line class="gridline-x" stroke="#bbb"></line><line class="gridline-x" stroke="#bbb"></line><line class="gridline-x" stroke="#bbb"></line><line class="gridline-x" stroke="#bbb"></line><line class="gridline-x" stroke="#bbb"></line><line class="gridline-x" stroke="#bbb"></line><line class="gridline-x" stroke="#bbb"></line><line class="gridline-x" stroke="#bbb"></line><line class="gridline-x" stroke="#bbb"></line><line class="gridline-x" stroke="#bbb"></line><line class="gridline-x" stroke="#bbb"></line><line class="gridline-x" stroke="#bbb"></line><line class="gridline-x" stroke="#bbb"></line></g></g><g class="multi"><g><g class="multi"><g><g class="point" fill="#ddd" stroke="#000"><path></path></g><g class="point" fill="#ddd" stroke="#000"><path></path></g><g class="point" fill="#ddd" stroke="#000"><path></path></g><g class="point" fill="#ddd" stroke="#000"><path></path></g><g class="point" fill="#ddd" stroke="#000"><path></path></g><g class="point" fill="#ddd" stroke="#000"><path></path></g><g class="point" fill="#ddd" stroke="#000"><path></path></g></g></g><g class="multi"><g><g class="point" fill="#ddd" stroke="#000"><path></path></g><g class="point" fill="#ddd" stroke="#000"><path></path></g><g class="point" fill="#ddd" stroke="#000"><path></path></g><g class="point" fill="#ddd" stroke="#000"><path></path></g><g class="point" fill="#ddd" stroke="#000"><path></path></g><g class="point" fill="#ddd" stroke="#000"><path></path></g><g class="point" fill="#ddd" stroke="#000"><path></path></g><g class="point" fill="#ddd" stroke="#000"><path></path></g><g class="point" fill="#ddd" stroke="#000"><path></path></g><g class="point" fill="#ddd" stroke="#000"><path></path></g><g class="point" fill="#ddd" stroke="#000"><path></path></g><g class="point" fill="#ddd" stroke="#000"><path></path></g></g></g><g class="multi"><g><g class="point" fill="#ddd" stroke="#000"><path></path></g><g class="point" fill="#ddd" stroke="#000"><path></path></g><g class="point" fill="#ddd" stroke="#000"><path></path></g><g class="point" fill="#ddd" stroke="#000"><path></path></g><g class="point" fill="#ddd" stroke="#000"><path></path></g><g class="point" fill="#ddd" stroke="#000"><path></path></g><g class="point" fill="#ddd" stroke="#000"><path></path></g><g class="point" fill="#ddd" stroke="#000"><path></path></g><g class="point" fill="#ddd" stroke="#000"><path></path></g><g class="point" fill="#ddd" stroke="#000"><path></path></g><g class="point" fill="#ddd" stroke="#000"><path></path></g><g class="point" fill="#ddd" stroke="#000"><path></path></g></g></g><g class="multi"><g><g class="point" fill="#ddd" stroke="#000"><path></path></g><g class="point" fill="#ddd" stroke="#000"><path></path></g><g class="point" fill="#ddd" stroke="#000"><path></path></g><g class="point" fill="#ddd" stroke="#000"><path></path></g><g class="point" fill="#ddd" stroke="#000"><path></path></g><g class="point" fill="#ddd" stroke="#000"><path></path></g><g class="point" fill="#ddd" stroke="#000"><path></path></g><g class="point" fill="#ddd" stroke="#000"><path></path></g><g class="point" fill="#ddd" stroke="#000"><path></path></g><g class="point" fill="#ddd" stroke="#000"><path></path></g><g class="point" fill="#ddd" stroke="#000"><path></path></g><g class="point" fill="#ddd" stroke="#000"><path></path></g></g></g><g class="multi"><g><g class="point" fill="#ddd" stroke="#000"><path></path></g><g class="point" fill="#ddd" stroke="#000"><path></path></g><g class="point" fill="#ddd" stroke="#000"><path></path></g><g class="point" fill="#ddd" stroke="#000"><path></path></g><g class="point" fill="#ddd" stroke="#000"><path></path></g><g class="point" fill="#ddd" stroke="#000"><path></path></g><g class="point" fill="#ddd" stroke="#000"><path></path></g><g class="point" fill="#ddd" stroke="#000"><path></path></g><g class="point" fill="#ddd" stroke="#000"><path></path></g><g class="point" fill="#ddd" stroke="#000"><path></path></g><g class="point" fill="#ddd" stroke="#000"><path></path></g></g></g><g class="multi"><g><g class="point" fill="#ddd" stroke="#000"><path></path></g><g class="point" fill="#ddd" stroke="#000"><path></path></g><g class="point" fill="#ddd" stroke="#000"><path></path></g><g class="point" fill="#ddd" stroke="#000"><path></path></g><g class="point" fill="#ddd" stroke="#000"><path></path></g><g class="point" fill="#ddd" stroke="#000"><path></path></g><g class="point" fill="#ddd" stroke="#000"><path></path></g><g class="point" fill="#ddd" stroke="#000"><path></path></g><g class="point" fill="#ddd" stroke="#000"><path></path></g><g class="point" fill="#ddd" stroke="#000"><path></path></g><g class="point" fill="#ddd" stroke="#000"><path></path></g><g class="point" fill="#ddd" stroke="#000"><path></path></g><g class="point" fill="#ddd" stroke="#000"><path></path></g><g class="point" fill="#ddd" stroke="#000"><path></path></g><g class="point" fill="#ddd" stroke="#000"><path></path></g><g class="point" fill="#ddd" stroke="#000"><path></path></g><g class="point" fill="#ddd" stroke="#000"><path></path></g><g class="point" fill="#ddd" stroke="#000"><path></path></g><g class="point" fill="#ddd" stroke="#000"><path></path></g></g></g><g class="multi"><g><g class="point" fill="#ddd" stroke="#000"><path></path></g><g class="point" fill="#ddd" stroke="#000"><path></path></g><g class="point" fill="#ddd" stroke="#000"><path></path></g><g class="point" fill="#ddd" stroke="#000"><path></path></g><g class="point" fill="#ddd" stroke="#000"><path></path></g><g class="point" fill="#ddd" stroke="#000"><path></path></g><g class="point" fill="#ddd" stroke="#000"><path></path></g><g class="point" fill="#ddd" stroke="#000"><path></path></g><g class="point" fill="#ddd" stroke="#000"><path></path></g><g class="point" fill="#ddd" stroke="#000"><path></path></g><g class="point" fill="#ddd" stroke="#000"><path></path></g><g class="point" fill="#ddd" stroke="#000"><path></path></g><g class="point" fill="#ddd" stroke="#000"><path></path></g><g class="point" fill="#ddd" stroke="#000"><path></path></g><g class="point" fill="#ddd" stroke="#000"><path></path></g><g class="point" fill="#ddd" stroke="#000"><path></path></g><g class="point" fill="#ddd" stroke="#000"><path></path></g><g class="point" fill="#ddd" stroke="#000"><path></path></g><g class="point" fill="#ddd" stroke="#000"><path></path></g></g></g><g class="multi"><g><g class="point" fill="#ddd" stroke="#000"><path></path></g><g class="point" fill="#ddd" stroke="#000"><path></path></g><g class="point" fill="#ddd" stroke="#000"><path></path></g><g class="point" fill="#ddd" stroke="#000"><path></path></g><g class="point" fill="#ddd" stroke="#000"><path></path></g><g class="point" fill="#ddd" stroke="#000"><path></path></g><g class="point" fill="#ddd" stroke="#000"><path></path></g><g class="point" fill="#ddd" stroke="#000"><path></path></g><g class="point" fill="#ddd" stroke="#000"><path></path></g><g class="point" fill="#ddd" stroke="#000"><path></path></g><g class="point" fill="#ddd" stroke="#000"><path></path></g><g class="point" fill="#ddd" stroke="#000"><path></path></g><g class="point" fill="#ddd" stroke="#000"><path></path></g><g class="point" fill="#ddd" stroke="#000"><path></path></g><g class="point" fill="#ddd" stroke="#000"><path></path></g><g class="point" fill="#ddd" stroke="#000"><path></path></g><g class="point" fill="#ddd" stroke="#000"><path></path></g><g class="point" fill="#ddd" stroke="#000"><path></path></g><g class="point" fill="#ddd" stroke="#000"><path></path></g></g></g><g class="multi"><g><g class="point" fill="#ddd" stroke="#000"><path></path></g><g class="point" fill="#ddd" stroke="#000"><path></path></g><g class="point" fill="#ddd" stroke="#000"><path></path></g><g class="point" fill="#ddd" stroke="#000"><path></path></g></g></g><g class="multi"><g><g class="point" fill="#ddd" stroke="#000"><path></path></g><g class="point" fill="#ddd" stroke="#000"><path></path></g><g class="point" fill="#ddd" stroke="#000"><path></path></g><g class="point" fill="#ddd" stroke="#000"><path></path></g><g class="point" fill="#ddd" stroke="#000"><path></path></g><g class="point" fill="#ddd" stroke="#000"><path></path></g><g class="point" fill="#ddd" stroke="#000"><path></path></g></g></g><g class="multi"><g><g class="point" fill="#ddd" stroke="#000"><path></path></g><g class="point" fill="#ddd" stroke="#000"><path></path></g><g class="point" fill="#ddd" stroke="#000"><path></path></g><g class="point" fill="#ddd" stroke="#000"><path></path></g><g class="point" fill="#ddd" stroke="#000"><path></path></g><g class="point" fill="#ddd" stroke="#000"><path></path></g><g class="point" fill="#ddd" stroke="#000"><path></path></g></g></g><g class="multi"><g><g class="point" fill="#ddd" stroke="#000"><path></path></g><g class="point" fill="#ddd" stroke="#000"><path></path></g><g class="point" fill="#ddd" stroke="#000"><path></path></g><g class="point" fill="#ddd" stroke="#000"><path></path></g><g class="point" fill="#ddd" stroke="#000"><path></path></g><g class="point" fill="#ddd" stroke="#000"><path></path></g><g class="point" fill="#ddd" stroke="#000"><path></path></g></g></g></g></g></svg><svg preserveAspectRatio="none" viewBox="0 0 956 72" fill="none" font-size="10" font-family="sans-serif" text-anchor="middle"><path class="domain" stroke="#000"></path><g class="tick" visibility=""><path stroke="#000" visibility="false"></path><text fill="#000">Alabama</text></g><g class="tick" visibility=""><path stroke="#000" visibility="false"></path><text fill="#000">Arizona</text></g><g class="tick" visibility=""><path stroke="#000" visibility="false"></path><text fill="#000">California</text></g><g class="tick" visibility=""><path stroke="#000" visibility="false"></path><text fill="#000">Delaware</text></g><g class="tick" visibility=""><path stroke="#000" visibility="false"></path><text fill="#000">Florida</text></g><g class="tick" visibility=""><path stroke="#000" visibility="false"></path><text fill="#000">Illinois</text></g><g class="tick" visibility=""><path stroke="#000" visibility="false"></path><text fill="#000">Indiana</text></g><g class="tick" visibility=""><path stroke="#000" visibility="false"></path><text fill="#000">Kentucky</text></g><g class="tick" visibility=""><path stroke="#000" visibility="false"></path><text fill="#000">Michigan</text></g><g class="tick" visibility=""><path stroke="#000" visibility="false"></path><text fill="#000">Minnesota</text></g><g class="tick" visibility=""><path stroke="#000" visibility="false"></path><text fill="#000">Nebraska</text></g><g class="tick" visibility=""><path stroke="#000" visibility="false"></path><text fill="#000">New York</text></g><g class="tick" visibility=""><path stroke="#000" visibility="false"></path><text fill="#000">North Carolina</text></g><g class="tick" visibility=""><path stroke="#000" visibility="false"></path><text fill="#000">Oregon</text></g><g class="tick" visibility=""><path stroke="#000" visibility="false"></path><text fill="#000">Pennsylvania</text></g><g class="tick" visibility=""><path stroke="#000" visibility="false"></path><text fill="#000">South Carolina</text></g><g class="tick" visibility=""><path stroke="#000" visibility="false"></path><text fill="#000">Tennessee</text></g><g class="tick" visibility=""><path stroke="#000" visibility="false"></path><text fill="#000">Texas</text></g><g class="tick" visibility=""><path stroke="#000" visibility="false"></path><text fill="#000">Utah</text></g><g class="tick" visibility=""><path stroke="#000" visibility="false"></path><text fill="#000">Virginia</text></g><g class="tick" visibility=""><path stroke="#000" visibility="false"></path><text fill="#000">Washington</text></g><g class="tick" visibility=""><path stroke="#000" visibility="hidden"></path><text fill="#000">Wisconsin</text></g></svg><svg preserveAspectRatio="none" viewBox="-48 0 48 537" fill="none" font-size="10" font-family="sans-serif" text-anchor="end"><path class="domain" stroke="#000"></path><g class="tick"><path stroke="#000"></path><text fill="#000" visibility="false">−2,000</text></g><g class="tick"><path stroke="#000"></path><text fill="#000" visibility="false">−1,500</text></g><g class="tick"><path stroke="#000"></path><text fill="#000" visibility="false">−1,000</text></g><g class="tick"><path stroke="#000"></path><text fill="#000" visibility="false">−500</text></g><g class="tick"><path stroke="#000"></path><text fill="#000" visibility="false">0</text></g><g class="tick"><path stroke="#000"></path><text fill="#000" visibility="false">500</text></g><g class="tick"><path stroke="#000"></path><text fill="#000" visibility="false">1,000</text></g><g class="tick"><path stroke="#000"></path><text fill="#000" visibility="false">1,500</text></g><g class="tick"><path stroke="#000"></path><text fill="#000" visibility="false">2,000</text></g><g class="tick"><path stroke="#000"></path><text fill="#000" visibility="false">2,500</text></g><g class="tick"><path stroke="#000"></path><text fill="#000" visibility="false">3,000</text></g><g class="tick"><path stroke="#000"></path><text fill="#000" visibility="false">3,500</text></g><g class="tick"><path stroke="#000"></path><text fill="#000" visibility="false">4,000</text></g></svg><svg id="dragHandles" width="150" height="212"><g><rect id="dragleft" class="vertical-drag-handle" y="9" x="0" height="194" width="9" fill="lightgreen" fill-opacity="0" cursor="ew-resize" style="z-index: 3;"></rect><rect id="dragtop" class="horizontal-drag-handle" y="0" x="9" height="9" width="132" fill="lightblue" fill-opacity="0" cursor="ns-resize" style="z-index: 3;"></rect><rect id="dragright" class="vertical-drag-handle" y="9" x="141" height="194" width="9" fill="lightgreen" fill-opacity="0" cursor="ew-resize" style="z-index: 3;"></rect><rect id="dragbottom" class="horizontal-drag-handle" y="203" x="9" height="9" width="132" fill="lightblue" fill-opacity="0" cursor="ns-resize" style="z-index: 3;"></rect><rect id="dragtopleft" class="corner-drag-handle top left" height="9" width="9" fill="red" fill-opacity="0" cursor="nwse-resize" style="z-index: 3;" y="0"></rect><rect id="dragtopright" class="corner-drag-handle top right" height="9" width="9" fill="red" fill-opacity="0" cursor="nesw-resize" style="z-index: 3;" y="0" x="141"></rect><rect id="dragbottomright" class="corner-drag-handle bottom right" height="9" width="9" fill="red" fill-opacity="0" cursor="nwse-resize" style="z-index: 3;" y="203" x="141"></rect><rect id="dragbottomleft" class="corner-drag-handle bottom left" height="9" width="9" fill="red" fill-opacity="0" cursor="nesw-resize" style="z-index: 3;" y="203" x="0"></rect></g></svg><svg class="legend" height="208.5654296875"><g class="legendCells"><g class="cell"><path class="swatch"></path><text class="label">Furniture|Discount</text><title>Furniture|Discount</title></g><g class="cell"><path class="swatch"></path><text class="label">Furniture|Profit</text><title>Furniture|Profit</title></g><g class="cell"><path class="swatch"></path><text class="label">Furniture|Sales</text><title>Furniture|Sales</title></g><g class="cell"><path class="swatch"></path><text class="label">Furniture|Quantity</text><title>Furniture|Quantity</title></g><g class="cell"><path class="swatch"></path><text class="label">Office Supplies|Di...</text><title>Office Supplies|Discount</title></g><g class="cell"><path class="swatch"></path><text class="label">Office Supplies|Profit</text><title>Office Supplies|Profit</title></g><g class="cell"><path class="swatch"></path><text class="label">Office Supplies|Sales</text><title>Office Supplies|Sales</title></g><g class="cell"><path class="swatch"></path><text class="label">Office Supplies|Q...</text><title>Office Supplies|Quantity</title></g><g class="cell"><path class="swatch"></path><text class="label">Technology|Discount</text><title>Technology|Discount</title></g><g class="cell"><path class="swatch"></path><text class="label">Technology|Profit</text><title>Technology|Profit</title></g><g class="cell"><path class="swatch"></path><text class="label">Technology|Sales</text><title>Technology|Sales</title></g><g class="cell"><path class="swatch"></path><text class="label">Technology|Quantity</text><title>Technology|Quantity</title></g></g></svg>