<svg viewBox="0 0 956 512" preserveAspectRatio="none"><g class="multi"><g><line class="gridline-y" stroke="#bbb"></line><line class="gridline-y" stroke="#bbb"></line><line class="gridline-y" stroke="#bbb"></line><line class="gridline-y" stroke="#bbb"></line><line class="gridline-y" stroke="#bbb"></line><line class="gridline-y" stroke="#bbb"></line><line class="gridline-y" stroke="#bbb"></line><line class="gridline-y" stroke="#bbb"></line><line class="gridline-y" stroke="#bbb"></line><line class="gridline-y" stroke="#bbb"></line><line class="gridline-y" stroke="#bbb"></line><line class="gridline-y" stroke="#bbb"></line><line class="gridline-y" stroke="#bbb"></line><line class="gridline-y" stroke="#bbb"></line><line class="gridline-y" stroke="#bbb"></line><line class="gridline-y" stroke="#bbb"></line><line class="gridline-y" stroke="#bbb"></line><line class="gridline-y" stroke="#bbb"></line><line class="gridline-y" stroke="#bbb"></line><line class="gridline-y" stroke="#bbb"></line><line class="gridline-y" stroke="#bbb"></line><line class="gridline-y" stroke="#bbb"></line><line class="gridline-x" stroke="#bbb"></line><line class="gridline-x" stroke="#bbb"></line><line class="gridline-x" stroke="#bbb"></line><line class="gridline-x" stroke="#bbb"></line><line class="gridline-x" stroke="#bbb"></line><line class="gridline-x" stroke="#bbb"></line><line class="gridline-x" stroke="#bbb"></line><line class="gridline-x" stroke="#bbb"></line><line class="gridline-x" stroke="#bbb"></line><line class="gridline-x" stroke="#bbb"></line><line class="gridline-x" stroke="#bbb"></line><line class="gridline-x" stroke="#bbb"></line><line class="gridline-x" stroke="#bbb"></line></g></g><g class="multi"><g><g class="multi"><g><g class="point" fill="#ddd" stroke="#000"><path></path></g><g class="point" fill="#ddd" stroke="#000"><path></path></g><g class="point" fill="#ddd" stroke="#000"><path></path></g></g></g><g class="multi"><g><g class="point" fill="#ddd" stroke="#000"><path></path></g><g class="point" fill="#ddd" stroke="#000"><path></path></g><g class="point" fill="#ddd" stroke="#000"><path></path></g></g></g><g class="multi"><g><g class="point" fill="#ddd" stroke="#000"><path></path></g><g class="point" fill="#ddd" stroke="#000"><path></path></g><g class="point" fill="#ddd" stroke="#000"><path></path></g><g class="point" fill="#ddd" stroke="#000"><path></path></g><g class="point" fill="#ddd" stroke="#000"><path></path></g><g class="point" fill="#ddd" stroke="#000"><path></path></g><g class="point" fill="#ddd" stroke="#000"><path></path></g><g class="point" fill="#ddd" stroke="#000"><path></path></g></g></g><g class="multi"><g><g class="point" fill="#ddd" stroke="#000"><path></path></g><g class="point" fill="#ddd" stroke="#000"><path></path></g><g class="point" fill="#ddd" stroke="#000"><path></path></g><g class="point" fill="#ddd" stroke="#000"><path></path></g><g class="point" fill="#ddd" stroke="#000"><path></path></g><g class="point" fill="#ddd" stroke="#000"><path></path></g><g class="point" fill="#ddd" stroke="#000"><path></path></g><g class="point" fill="#ddd" stroke="#000"><path></path></g></g></g><g class="multi"><g><g class="point" fill="#ddd" stroke="#000"><path></path></g><g class="point" fill="#ddd" stroke="#000"><path></path></g><g class="point" fill="#ddd" stroke="#000"><path></path></g><g class="point" fill="#ddd" stroke="#000"><path></path></g><g class="point" fill="#ddd" stroke="#000"><path></path></g><g class="point" fill="#ddd" stroke="#000"><path></path></g><g class="point" fill="#ddd" stroke="#000"><path></path></g></g></g><g class="multi"><g><g class="point" fill="#ddd" stroke="#000"><path></path></g><g class="point" fill="#ddd" stroke="#000"><path></path></g><g class="point" fill="#ddd" stroke="#000"><path></path></g><g class="point" fill="#ddd" stroke="#000"><path></path></g><g class="point" fill="#ddd" stroke="#000"><path></path></g><g class="point" fill="#ddd" stroke="#000"><path></path></g><g class="point" fill="#ddd" stroke="#000"><path></path></g></g></g><g class="multi"><g><g class="point" fill="#ddd" stroke="#000"><path></path></g><g class="point" fill="#ddd" stroke="#000"><path></path></g><g class="point" fill="#ddd" stroke="#000"><path></path></g></g></g><g class="multi"><g><g class="point" fill="#ddd" stroke="#000"><path></path></g><g class="point" fill="#ddd" stroke="#000"><path></path></g><g class="point" fill="#ddd" stroke="#000"><path></path></g></g></g><g class="multi"><g><g class="point" fill="#ddd" stroke="#000"><path></path></g><g class="point" fill="#ddd" stroke="#000"><path></path></g><g class="point" fill="#ddd" stroke="#000"><path></path></g><g class="point" fill="#ddd" stroke="#000"><path></path></g><g class="point" fill="#ddd" stroke="#000"><path></path></g></g></g><g class="multi"><g><g class="point" fill="#ddd" stroke="#000"><path></path></g><g class="point" fill="#ddd" stroke="#000"><path></path></g><g class="point" fill="#ddd" stroke="#000"><path></path></g><g class="point" fill="#ddd" stroke="#000"><path></path></g><g class="point" fill="#ddd" stroke="#000"><path></path></g></g></g><g class="multi"><g><g class="point" fill="#ddd" stroke="#000"><path></path></g><g class="point" fill="#ddd" stroke="#000"><path></path></g><g class="point" fill="#ddd" stroke="#000"><path></path></g><g class="point" fill="#ddd" stroke="#000"><path></path></g><g class="point" fill="#ddd" stroke="#000"><path></path></g></g></g><g class="multi"><g><g class="point" fill="#ddd" stroke="#000"><path></path></g><g class="point" fill="#ddd" stroke="#000"><path></path></g><g class="point" fill="#ddd" stroke="#000"><path></path></g><g class="point" fill="#ddd" stroke="#000"><path></path></g><g class="point" fill="#ddd" stroke="#000"><path></path></g></g></g><g class="multi"><g><g class="point" fill="#ddd" stroke="#000"><path></path></g><g class="point" fill="#ddd" stroke="#000"><path></path></g><g class="point" fill="#ddd" stroke="#000"><path></path></g><g class="point" fill="#ddd" stroke="#000"><path></path></g><g class="point" fill="#ddd" stroke="#000"><path></path></g><g class="point" fill="#ddd" stroke="#000"><path></path></g><g class="point" fill="#ddd" stroke="#000"><path></path></g><g class="point" fill="#ddd" stroke="#000"><path></path></g><g class="point" fill="#ddd" stroke="#000"><path></path></g></g></g><g class="multi"><g><g class="point" fill="#ddd" stroke="#000"><path></path></g><g class="point" fill="#ddd" stroke="#000"><path></path></g><g class="point" fill="#ddd" stroke="#000"><path></path></g><g class="point" fill="#ddd" stroke="#000"><path></path></g><g class="point" fill="#ddd" stroke="#000"><path></path></g><g class="point" fill="#ddd" stroke="#000"><path></path></g><g class="point" fill="#ddd" stroke="#000"><path></path></g><g class="point" fill="#ddd" stroke="#000"><path></path></g><g class="point" fill="#ddd" stroke="#000"><path></path></g></g></g><g class="multi"><g><g class="point" fill="#ddd" stroke="#000"><path></path></g><g class="point" fill="#ddd" stroke="#000"><path></path></g><g class="point" fill="#ddd" stroke="#000"><path></path></g></g></g><g class="multi"><g><g class="point" fill="#ddd" stroke="#000"><path></path></g><g class="point" fill="#ddd" stroke="#000"><path></path></g><g class="point" fill="#ddd" stroke="#000"><path></path></g></g></g><g class="multi"><g><g class="point" fill="#ddd" stroke="#000"><path></path></g></g></g><g class="multi"><g><g class="point" fill="#ddd" stroke="#000"><path></path></g></g></g><g class="multi"><g><g class="point" fill="#ddd" stroke="#000"><path></path></g><g class="point" fill="#ddd" stroke="#000"><path></path></g><g class="point" fill="#ddd" stroke="#000"><path></path></g></g></g><g class="multi"><g><g class="point" fill="#ddd" stroke="#000"><path></path></g><g class="point" fill="#ddd" stroke="#000"><path></path></g><g class="point" fill="#ddd" stroke="#000"><path></path></g></g></g><g class="multi"><g><g class="point" fill="#ddd" stroke="#000"><path></path></g><g class="point" fill="#ddd" stroke="#000"><path></path></g><g class="point" fill="#ddd" stroke="#000"><path></path></g><g class="point" fill="#ddd" stroke="#000"><path></path></g><g class="point" fill="#ddd" stroke="#000"><path></path></g><g class="point" fill="#ddd" stroke="#000"><path></path></g><g class="point" fill="#ddd" stroke="#000"><path></path></g></g></g><g class="multi"><g><g class="point" fill="#ddd" stroke="#000"><path></path></g><g class="point" fill="#ddd" stroke="#000"><path></path></g><g class="point" fill="#ddd" stroke="#000"><path></path></g><g class="point" fill="#ddd" stroke="#000"><path></path></g><g class="point" fill="#ddd" stroke="#000"><path></path></g><g class="point" fill="#ddd" stroke="#000"><path></path></g><g class="point" fill="#ddd" stroke="#000"><path></path></g></g></g><g class="multi"><g><g class="point" fill="#ddd" stroke="#000"><path></path></g><g class="point" fill="#ddd" stroke="#000"><path></path></g><g class="point" fill="#ddd" stroke="#000"><path></path></g><g class="point" fill="#ddd" stroke="#000"><path></path></g><g class="point" fill="#ddd" stroke="#000"><path></path></g><g class="point" fill="#ddd" stroke="#000"><path></path></g><g class="point" fill="#ddd" stroke="#000"><path></path></g><g class="point" fill="#ddd" stroke="#000"><path></path></g><g class="point" fill="#ddd" stroke="#000"><path></path></g></g></g><g class="multi"><g><g class="point" fill="#ddd" stroke="#000"><path></path></g><g class="point" fill="#ddd" stroke="#000"><path></path></g><g class="point" fill="#ddd" stroke="#000"><path></path></g><g class="point" fill="#ddd" stroke="#000"><path></path></g><g class="point" fill="#ddd" stroke="#000"><path></path></g><g class="point" fill="#ddd" stroke="#000"><path></path></g><g class="point" fill="#ddd" stroke="#000"><path></path></g><g class="point" fill="#ddd" stroke="#000"><path></path></g><g class="point" fill="#ddd" stroke="#000"><path></path></g></g></g><g class="multi"><g><g class="point" fill="#ddd" stroke="#000"><path></path></g><g class="point" fill="#ddd" stroke="#000"><path></path></g><g class="point" fill="#ddd" stroke="#000"><path></path></g><g class="point" fill="#ddd" stroke="#000"><path></path></g></g></g><g class="multi"><g><g class="point" fill="#ddd" stroke="#000"><path></path></g><g class="point" fill="#ddd" stroke="#000"><path></path></g><g class="point" fill="#ddd" stroke="#000"><path></path></g><g class="point" fill="#ddd" stroke="#000"><path></path></g></g></g><g class="multi"><g><g class="point" fill="#ddd" stroke="#000"><path></path></g><g class="point" fill="#ddd" stroke="#000"><path></path></g><g class="point" fill="#ddd" stroke="#000"><path></path></g><g class="point" fill="#ddd" stroke="#000"><path></path></g><g class="point" fill="#ddd" stroke="#000"><path></path></g><g class="point" fill="#ddd" stroke="#000"><path></path></g></g></g><g class="multi"><g><g class="point" fill="#ddd" stroke="#000"><path></path></g><g class="point" fill="#ddd" stroke="#000"><path></path></g><g class="point" fill="#ddd" stroke="#000"><path></path></g><g class="point" fill="#ddd" stroke="#000"><path></path></g><g class="point" fill="#ddd" stroke="#000"><path></path></g><g class="point" fill="#ddd" stroke="#000"><path></path></g></g></g></g></g></svg><svg preserveAspectRatio="none" viewBox="0 0 956 97"><path class="domain" stroke="#000" fill="none"></path><g class="group" fill="none" font-size="10" font-family="sans-serif" text-anchor="middle"><path class="domain" stroke="#000" visibility="hidden"></path><g class="tick" visibility=""><path stroke="#000" visibility="false"></path><text fill="#000">Virginia</text></g><g class="tick" visibility=""><path stroke="#000" visibility="false"></path><text fill="#000">North Carolina</text></g><g class="tick" visibility=""><path stroke="#000" visibility="false"></path><text fill="#000">Alabama</text></g><g class="tick" visibility=""><path stroke="#000" visibility="false"></path><text fill="#000">South Carolina</text></g><g class="tick" visibility=""><path stroke="#000" visibility="false"></path><text fill="#000">Kentucky</text></g><g class="tick" visibility=""><path stroke="#000" visibility="false"></path><text fill="#000">Tennessee</text></g><g class="tick" visibility=""><path stroke="#000" visibility="false"></path><text fill="#000">Florida</text></g><g class="tick" visibility=""><path stroke="#000" visibility="false"></path><text fill="#000">Nebraska</text></g><g class="tick" visibility=""><path stroke="#000" visibility="false"></path><text fill="#000">Indiana</text></g><g class="tick" visibility=""><path stroke="#000" visibility="false"></path><text fill="#000">Michigan</text></g><g class="tick" visibility=""><path stroke="#000" visibility="false"></path><text fill="#000">Minnesota</text></g><g class="tick" visibility=""><path stroke="#000" visibility="false"></path><text fill="#000">Illinois</text></g><g class="tick" visibility=""><path stroke="#000" visibility="false"></path><text fill="#000">Wisconsin</text></g><g class="tick" visibility=""><path stroke="#000" visibility="false"></path><text fill="#000">Texas</text></g><g class="tick" visibility=""><path stroke="#000" visibility="false"></path><text fill="#000">Delaware</text></g><g class="tick" visibility=""><path stroke="#000" visibility="false"></path><text fill="#000">New York</text></g><g class="tick" visibility=""><path stroke="#000" visibility="false"></path><text fill="#000">Pennsylvania</text></g><g class="tick" visibility=""><path stroke="#000" visibility="false"></path><text fill="#000">Oregon</text></g><g class="tick" visibility=""><path stroke="#000" visibility="false"></path><text fill="#000">Washington</text></g><g class="tick" visibility=""><path stroke="#000" visibility="false"></path><text fill="#000">Utah</text></g><g class="tick" visibility=""><path stroke="#000" visibility="false"></path><text fill="#000">Arizona</text></g><g class="tick" visibility=""><path stroke="#000" visibility="hidden"></path><text fill="#000">California</text></g></g><g class="group" fill="none" font-size="10" font-family="sans-serif" text-anchor="middle"><path class="domain" stroke="#000" visibility="hidden"></path><g class="tick" visibility=""><path stroke="#000" visibility="false"></path><text fill="#000">South</text></g><g class="tick" visibility=""><path stroke="#000" visibility="false"></path><text fill="#000">Central</text></g><g class="tick" visibility=""><path stroke="#000" visibility="false"></path><text fill="#000">East</text></g><g class="tick" visibility=""><path stroke="#000" visibility="hidden"></path><text fill="#000">West</text></g></g></svg><svg preserveAspectRatio="none" viewBox="-48 0 48 512" fill="none" font-size="10" font-family="sans-serif" text-anchor="end"><path class="domain" stroke="#000"></path><g class="tick"><path stroke="#000"></path><text fill="#000" visibility="false">0</text></g><g class="tick"><path stroke="#000"></path><text fill="#000" visibility="false">20</text></g><g class="tick"><path stroke="#000"></path><text fill="#000" visibility="false">40</text></g><g class="tick"><path stroke="#000"></path><text fill="#000" visibility="false">60</text></g><g class="tick"><path stroke="#000"></path><text fill="#000" visibility="false">80</text></g><g class="tick"><path stroke="#000"></path><text fill="#000" visibility="false">100</text></g><g class="tick"><path stroke="#000"></path><text fill="#000" visibility="false">120</text></g><g class="tick"><path stroke="#000"></path><text fill="#000" visibility="false">140</text></g><g class="tick"><path stroke="#000"></path><text fill="#000" visibility="false">160</text></g><g class="tick"><path stroke="#000"></path><text fill="#000" visibility="false">180</text></g><g class="tick"><path stroke="#000"></path><text fill="#000" visibility="false">200</text></g><g class="tick"><path stroke="#000"></path><text fill="#000" visibility="false">220</text></g><g class="tick"><path stroke="#000"></path><text fill="#000" visibility="false">240</text></g></svg><svg id="dragHandles" width="150" height="280"><g><rect id="dragleft" class="vertical-drag-handle" y="9" x="0" height="262" width="9" fill="lightgreen" fill-opacity="0" cursor="ew-resize" style="z-index: 3;"></rect><rect id="dragtop" class="horizontal-drag-handle" y="0" x="9" height="9" width="132" fill="lightblue" fill-opacity="0" cursor="ns-resize" style="z-index: 3;"></rect><rect id="dragright" class="vertical-drag-handle" y="9" x="141" height="262" width="9" fill="lightgreen" fill-opacity="0" cursor="ew-resize" style="z-index: 3;"></rect><rect id="dragbottom" class="horizontal-drag-handle" y="271" x="9" height="9" width="132" fill="lightblue" fill-opacity="0" cursor="ns-resize" style="z-index: 3;"></rect><rect id="dragtopleft" class="corner-drag-handle top left" height="9" width="9" fill="red" fill-opacity="0" cursor="nwse-resize" y="0" style="z-index: 3;"></rect><rect id="dragtopright" class="corner-drag-handle top right" height="9" width="9" fill="red" fill-opacity="0" cursor="nesw-resize" y="0" x="141" style="z-index: 3;"></rect><rect id="dragbottomright" class="corner-drag-handle bottom right" height="9" width="9" fill="red" fill-opacity="0" cursor="nwse-resize" y="271" x="141" style="z-index: 3;"></rect><rect id="dragbottomleft" class="corner-drag-handle bottom left" height="9" width="9" fill="red" fill-opacity="0" cursor="nesw-resize" y="271" x="0" style="z-index: 3;"></rect></g></svg><svg class="legend" height="256.9554901123047"><g class="legendCells"><g class="cell"><path class="swatch"></path><text class="label">Furniture|Bookca...</text><title>Furniture|Bookcases|Row ID</title></g><g class="cell"><path class="swatch"></path><text class="label">Furniture|Bookca...</text><title>Furniture|Bookcases|Quantity</title></g><g class="cell"><path class="swatch"></path><text class="label">Furniture|Chairs...</text><title>Furniture|Chairs|Row ID</title></g><g class="cell"><path class="swatch"></path><text class="label">Furniture|Chairs...</text><title>Furniture|Chairs|Quantity</title></g><g class="cell"><path class="swatch"></path><text class="label">Furniture|Furnishi...</text><title>Furniture|Furnishings|Row ID</title></g><g class="cell"><path class="swatch"></path><text class="label">Furniture|Furnishi...</text><title>Furniture|Furnishings|Quantity</title></g><g class="cell"><path class="swatch"></path><text class="label">Furniture|Tables...</text><title>Furniture|Tables|Row ID</title></g><g class="cell"><path class="swatch"></path><text class="label">Furniture|Tables...</text><title>Furniture|Tables|Quantity</title></g><g class="cell"><path class="swatch"></path><text class="label">Office Supplies|Ap...</text><title>Office Supplies|Appliances|Row ID</title></g><g class="cell"><path class="swatch"></path><text class="label">Office Supplies|Ap...</text><title>Office Supplies|Appliances|Quantity</title></g><g class="cell"><path class="swatch"></path><text class="label">Office Supplies|Ar...</text><title>Office Supplies|Art|Row ID</title></g><g class="cell"><path class="swatch"></path><text class="label">Office Supplies|Ar...</text><title>Office Supplies|Art|Quantity</title></g><g class="cell"><path class="swatch"></path><text class="label">Office Supplies|Bi...</text><title>Office Supplies|Binders|Row ID</title></g><g class="cell"><path class="swatch"></path><text class="label">Office Supplies|Bi...</text><title>Office Supplies|Binders|Quantity</title></g><g class="cell"><path class="swatch"></path><text class="label">Office Supplies|En...</text><title>Office Supplies|Envelopes|Row ID</title></g></g></svg>