<svg viewBox="0 0 1170 625" preserveAspectRatio="none"><g class="multi"><g><line class="gridline-x" stroke="#bbb"></line><line class="gridline-x" stroke="#bbb"></line><line class="gridline-x" stroke="#bbb"></line><line class="gridline-x" stroke="#bbb"></line><line class="gridline-x" stroke="#bbb"></line><line class="gridline-x" stroke="#bbb"></line><line class="gridline-x" stroke="#bbb"></line><line class="gridline-x" stroke="#bbb"></line><line class="gridline-x" stroke="#bbb"></line><line class="gridline-x" stroke="#bbb"></line><line class="gridline-x" stroke="#bbb"></line><line class="gridline-x" stroke="#bbb"></line></g></g><g class="multi"><g><g class="multi"><g><path class="line" fill="none" stroke="#000"></path></g></g></g></g></svg><svg preserveAspectRatio="none" viewBox="0 0 1170 32" fill="none" font-size="10" font-family="sans-serif" text-anchor="middle"><path class="domain" stroke="#000"></path></svg><svg preserveAspectRatio="none" viewBox="-48 0 48 625" fill="none" font-size="10" font-family="sans-serif" text-anchor="end"><path class="domain" stroke="#000"></path><g class="tick"><path stroke="#000"></path><text fill="#000" visibility="false">0</text></g><g class="tick"><path stroke="#000"></path><text fill="#000" visibility="false">10</text></g><g class="tick"><path stroke="#000"></path><text fill="#000" visibility="false">20</text></g><g class="tick"><path stroke="#000"></path><text fill="#000" visibility="false">30</text></g><g class="tick"><path stroke="#000"></path><text fill="#000" visibility="false">40</text></g><g class="tick"><path stroke="#000"></path><text fill="#000" visibility="false">50</text></g><g class="tick"><path stroke="#000"></path><text fill="#000" visibility="false">60</text></g><g class="tick"><path stroke="#000"></path><text fill="#000" visibility="false">70</text></g><g class="tick"><path stroke="#000"></path><text fill="#000" visibility="false">80</text></g><g class="tick"><path stroke="#000"></path><text fill="#000" visibility="false">90</text></g><g class="tick"><path stroke="#000"></path><text fill="#000" visibility="false">100</text></g><g class="tick"><path stroke="#000"></path><text fill="#000" visibility="false">110</text></g></svg>