 <table cellspacing="0"> <thead><tr><th class="psp-menu-enabled psp-header-leaf psp-align-right" style="min-width: 56.6875px;"><span>Discount</span><span class="rt-column-resize"></span></th><th class="psp-menu-enabled psp-header-leaf psp-align-right" style="min-width: 60.7109px;"><span>Profit</span><span class="rt-column-resize"></span></th><th class="psp-menu-enabled psp-header-leaf psp-align-right" style="min-width: 56.7109px;"><span>Sales</span><span class="rt-column-resize"></span></th><th class="psp-menu-enabled psp-header-border psp-header-leaf psp-align-right" style="min-width: 54.6953px;"><span>Quantity</span><span class="rt-column-resize"></span></th></tr></thead> <tbody><tr><td class="psp-align-right" style="">0.00</td><td class="psp-align-right" style="color: rgb(51, 141, 205);">41.91</td><td class="psp-align-right" style="color: rgb(51, 141, 205);">261.96</td><td class="psp-align-right" style="color: rgb(51, 141, 205);">2</td></tr><tr><td class="psp-align-right" style="">0.00</td><td class="psp-align-right" style="color: rgb(51, 141, 205);">219.58</td><td class="psp-align-right" style="color: rgb(51, 141, 205);">731.94</td><td class="psp-align-right" style="color: rgb(51, 141, 205);">3</td></tr><tr><td class="psp-align-right" style="">0.00</td><td class="psp-align-right" style="color: rgb(51, 141, 205);">6.87</td><td class="psp-align-right" style="color: rgb(51, 141, 205);">14.62</td><td class="psp-align-right" style="color: rgb(51, 141, 205);">2</td></tr><tr><td class="psp-align-right" style="color: rgb(51, 141, 205);">0.45</td><td class="psp-align-right" style="color: rgb(255, 71, 30);">-383.03</td><td class="psp-align-right" style="color: rgb(51, 141, 205);">957.58</td><td class="psp-align-right" style="color: rgb(51, 141, 205);">5</td></tr><tr><td class="psp-align-right" style="color: rgb(51, 141, 205);">0.20</td><td class="psp-align-right" style="color: rgb(51, 141, 205);">2.52</td><td class="psp-align-right" style="color: rgb(51, 141, 205);">22.37</td><td class="psp-align-right" style="color: rgb(51, 141, 205);">2</td></tr><tr><td class="psp-align-right" style="">0.00</td><td class="psp-align-right" style="color: rgb(51, 141, 205);">14.17</td><td class="psp-align-right" style="color: rgb(51, 141, 205);">48.86</td><td class="psp-align-right" style="color: rgb(51, 141, 205);">7</td></tr><tr><td class="psp-align-right" style="">0.00</td><td class="psp-align-right" style="color: rgb(51, 141, 205);">1.97</td><td class="psp-align-right" style="color: rgb(51, 141, 205);">7.28</td><td class="psp-align-right" style="color: rgb(51, 141, 205);">4</td></tr><tr><td class="psp-align-right" style="color: rgb(51, 141, 205);">0.20</td><td class="psp-align-right" style="color: rgb(51, 141, 205);">90.72</td><td class="psp-align-right" style="color: rgb(51, 141, 205);">907.15</td><td class="psp-align-right" style="color: rgb(51, 141, 205);">6</td></tr><tr><td class="psp-align-right" style="color: rgb(51, 141, 205);">0.20</td><td class="psp-align-right" style="color: rgb(51, 141, 205);">5.78</td><td class="psp-align-right" style="color: rgb(51, 141, 205);">18.50</td><td class="psp-align-right" style="color: rgb(51, 141, 205);">3</td></tr><tr><td class="psp-align-right" style="">0.00</td><td class="psp-align-right" style="color: rgb(51, 141, 205);">34.47</td><td class="psp-align-right" style="color: rgb(51, 141, 205);">114.90</td><td class="psp-align-right" style="color: rgb(51, 141, 205);">5</td></tr><tr><td class="psp-align-right" style="color: rgb(51, 141, 205);">0.20</td><td class="psp-align-right" style="color: rgb(51, 141, 205);">85.31</td><td class="psp-align-right" style="color: rgb(51, 141, 205);">1,706.18</td><td class="psp-align-right" style="color: rgb(51, 141, 205);">9</td></tr><tr><td class="psp-align-right" style="color: rgb(51, 141, 205);">0.20</td><td class="psp-align-right" style="color: rgb(51, 141, 205);">68.36</td><td class="psp-align-right" style="color: rgb(51, 141, 205);">911.42</td><td class="psp-align-right" style="color: rgb(51, 141, 205);">4</td></tr><tr><td class="psp-align-right" style="color: rgb(51, 141, 205);">0.20</td><td class="psp-align-right" style="color: rgb(51, 141, 205);">5.44</td><td class="psp-align-right" style="color: rgb(51, 141, 205);">15.55</td><td class="psp-align-right" style="color: rgb(51, 141, 205);">3</td></tr><tr><td class="psp-align-right" style="color: rgb(51, 141, 205);">0.20</td><td class="psp-align-right" style="color: rgb(51, 141, 205);">132.59</td><td class="psp-align-right" style="color: rgb(51, 141, 205);">407.98</td><td class="psp-align-right" style="color: rgb(51, 141, 205);">3</td></tr><tr><td class="psp-align-right" style="color: rgb(51, 141, 205);">0.80</td><td class="psp-align-right" style="color: rgb(255, 71, 30);">-123.86</td><td class="psp-align-right" style="color: rgb(51, 141, 205);">68.81</td><td class="psp-align-right" style="color: rgb(51, 141, 205);">5</td></tr><tr><td class="psp-align-right" style="color: rgb(51, 141, 205);">0.80</td><td class="psp-align-right" style="color: rgb(255, 71, 30);">-3.82</td><td class="psp-align-right" style="color: rgb(51, 141, 205);">2.54</td><td class="psp-align-right" style="color: rgb(51, 141, 205);">3</td></tr><tr><td class="psp-align-right" style="">0.00</td><td class="psp-align-right" style="color: rgb(51, 141, 205);">13.32</td><td class="psp-align-right" style="color: rgb(51, 141, 205);">665.88</td><td class="psp-align-right" style="color: rgb(51, 141, 205);">6</td></tr><tr><td class="psp-align-right" style="">0.00</td><td class="psp-align-right" style="color: rgb(51, 141, 205);">9.99</td><td class="psp-align-right" style="color: rgb(51, 141, 205);">55.50</td><td class="psp-align-right" style="color: rgb(51, 141, 205);">2</td></tr><tr><td class="psp-align-right" style="">0.00</td><td class="psp-align-right" style="color: rgb(51, 141, 205);">2.48</td><td class="psp-align-right" style="color: rgb(51, 141, 205);">8.56</td><td class="psp-align-right" style="color: rgb(51, 141, 205);">2</td></tr><tr><td class="psp-align-right" style="color: rgb(51, 141, 205);">0.20</td><td class="psp-align-right" style="color: rgb(51, 141, 205);">16.01</td><td class="psp-align-right" style="color: rgb(51, 141, 205);">213.48</td><td class="psp-align-right" style="color: rgb(51, 141, 205);">3</td></tr><tr><td class="psp-align-right" style="color: rgb(51, 141, 205);">0.20</td><td class="psp-align-right" style="color: rgb(51, 141, 205);">7.38</td><td class="psp-align-right" style="color: rgb(51, 141, 205);">22.72</td><td class="psp-align-right" style="color: rgb(51, 141, 205);">4</td></tr><tr><td class="psp-align-right" style="">0.00</td><td class="psp-align-right" style="color: rgb(51, 141, 205);">5.06</td><td class="psp-align-right" style="color: rgb(51, 141, 205);">19.46</td><td class="psp-align-right" style="color: rgb(51, 141, 205);">7</td></tr><tr><td class="psp-align-right" style="">0.00</td><td class="psp-align-right" style="color: rgb(51, 141, 205);">15.69</td><td class="psp-align-right" style="color: rgb(51, 141, 205);">60.34</td><td class="psp-align-right" style="color: rgb(51, 141, 205);">7</td></tr><tr><td class="psp-align-right" style="color: rgb(51, 141, 205);">0.30</td><td class="psp-align-right" style="color: rgb(255, 71, 30);">-1.02</td><td class="psp-align-right" style="color: rgb(51, 141, 205);">71.37</td><td class="psp-align-right" style="color: rgb(51, 141, 205);">2</td></tr><tr><td class="psp-align-right" style="">0.00</td><td class="psp-align-right" style="color: rgb(51, 141, 205);">240.26</td><td class="psp-align-right" style="color: rgb(51, 141, 205);">1,044.63</td><td class="psp-align-right" style="color: rgb(51, 141, 205);">3</td></tr><tr><td class="psp-align-right" style="color: rgb(51, 141, 205);">0.20</td><td class="psp-align-right" style="color: rgb(51, 141, 205);">4.22</td><td class="psp-align-right" style="color: rgb(51, 141, 205);">11.65</td><td class="psp-align-right" style="color: rgb(51, 141, 205);">2</td></tr><tr><td class="psp-align-right" style="">0.00</td><td class="psp-align-right" style="color: rgb(51, 141, 205);">11.77</td><td class="psp-align-right" style="color: rgb(51, 141, 205);">90.57</td><td class="psp-align-right" style="color: rgb(51, 141, 205);">3</td></tr><tr><td class="psp-align-right" style="color: rgb(51, 141, 205);">0.50</td><td class="psp-align-right" style="color: rgb(255, 71, 30);">-1,665.05</td><td class="psp-align-right" style="color: rgb(51, 141, 205);">3,083.43</td><td class="psp-align-right" style="color: rgb(51, 141, 205);">7</td></tr><tr><td class="psp-align-right" style="color: rgb(51, 141, 205);">0.70</td><td class="psp-align-right" style="color: rgb(255, 71, 30);">-7.05</td><td class="psp-align-right" style="color: rgb(51, 141, 205);">9.62</td><td class="psp-align-right" style="color: rgb(51, 141, 205);">2</td></tr></tbody> </table> 