 <table cellspacing="0"> <thead><tr><th class="rt-group-corner psp-header-group-corner psp-header-corner psp-header-group psp-header-border psp-is-top" style="min-width: 0px;" colspan="3"><span></span><span class="rt-column-resize"></span></th><th class="psp-header-corner psp-header-group psp-header-border psp-is-top" style="min-width: 0px;" colspan="9"><span>Furniture</span><span class="rt-column-resize"></span></th><th class="psp-header-border psp-header-corner psp-header-group psp-is-top" style="min-width: 0px;" colspan="6"><span>Office Supplies</span><span class="rt-column-resize"></span></th><th colspan="3" class="psp-header-group psp-header-border psp-is-top" style="min-width: 0px;"><span>Technology</span><span class="rt-column-resize"></span></th></tr><tr><th class="rt-group-corner psp-header-group-corner psp-header-corner psp-header-group psp-header-border" style="min-width: 0px;" colspan="3"><span></span><span class="rt-column-resize"></span></th><th class="psp-header-corner psp-header-border psp-header-group psp-is-top" style="min-width: 0px;" colspan="3"><span>Bookcases</span><span class="rt-column-resize"></span></th><th class="psp-menu-enabled psp-header-group psp-header-border psp-is-top" style="min-width: 0px;" colspan="3"><span>Chairs</span><span class="rt-column-resize"></span></th><th class="psp-menu-enabled psp-header-group psp-header-border" style="min-width: 0px;" colspan="3"><span>Tables</span><span class="rt-column-resize"></span></th><th class="psp-menu-enabled psp-header-group psp-header-border psp-is-top" style="min-width: 0px;" colspan="3"><span>Art</span><span class="rt-column-resize"></span></th><th class="psp-menu-enabled psp-header-border psp-header-group" style="min-width: 0px;" colspan="3"><span>Storage</span><span class="rt-column-resize"></span></th><th class="psp-header-group psp-header-border psp-is-top" style="min-width: 0px;" colspan="3"><span>Phones</span><span class="rt-column-resize"></span></th></tr><tr><th class="rt-group-corner psp-header-group-corner psp-header-corner psp-header-leaf psp-align-left" style="min-width: 20px;"><span></span><span class="rt-column-resize"></span></th><th class="rt-group-corner psp-header-group-corner psp-header-corner psp-header-leaf psp-align-left" style="min-width: 20px;"><span></span><span class="rt-column-resize"></span></th><th class="rt-group-corner psp-header-border psp-header-group-corner psp-header-corner psp-header-leaf psp-align-left" style="min-width: 101px;"><span></span><span class="rt-column-resize"></span></th><th class="psp-menu-enabled psp-header-leaf psp-align-right" style="min-width: 52px;"><span>Row ID</span><span class="rt-column-resize"></span></th><th class="psp-menu-enabled psp-header-leaf psp-header-sort-asc psp-align-right" style="min-width: 52px;"><span>State</span><span class="rt-column-resize"></span></th><th class="psp-menu-enabled psp-header-border psp-header-leaf psp-align-right" style="min-width: 57px;"><span>Sales</span><span class="rt-column-resize"></span></th><th class="psp-menu-enabled psp-header-leaf psp-align-right" style="min-width: 52px;"><span>Row ID</span><span class="rt-column-resize"></span></th><th class="psp-menu-enabled psp-header-leaf psp-header-sort-asc psp-align-right" style="min-width: 52px;"><span>State</span><span class="rt-column-resize"></span></th><th class="psp-menu-enabled psp-header-border psp-header-leaf psp-align-right" style="min-width: 57px;"><span>Sales</span><span class="rt-column-resize"></span></th><th class="psp-menu-enabled psp-header-leaf psp-align-right" style="min-width: 52px;"><span>Row ID</span><span class="rt-column-resize"></span></th><th class="psp-menu-enabled psp-header-leaf psp-header-sort-asc psp-align-right" style="min-width: 52px;"><span>State</span><span class="rt-column-resize"></span></th><th class="psp-menu-enabled psp-header-border psp-header-leaf psp-align-right" style="min-width: 57px;"><span>Sales</span><span class="rt-column-resize"></span></th><th class="psp-menu-enabled psp-header-leaf psp-align-right" style="min-width: 52px;"><span>Row ID</span><span class="rt-column-resize"></span></th><th class="psp-menu-enabled psp-header-leaf psp-header-sort-asc psp-align-right" style="min-width: 52px;"><span>State</span><span class="rt-column-resize"></span></th><th class="psp-header-border psp-menu-enabled psp-header-leaf psp-align-right" style="min-width: 56px;"><span>Sales</span><span class="rt-column-resize"></span></th><th class="psp-menu-enabled psp-header-leaf psp-align-right" style="min-width: 52px;"><span>Row ID</span><span class="rt-column-resize"></span></th><th class="psp-menu-enabled psp-header-leaf psp-header-sort-asc psp-align-right" style="min-width: 52px;"><span>State</span><span class="rt-column-resize"></span></th><th class="psp-menu-enabled psp-header-border psp-header-leaf psp-align-right" style="min-width: 52px;"><span>Sales</span><span class="rt-column-resize"></span></th><th class="psp-menu-enabled psp-header-leaf psp-align-right" style="min-width: 52px;"><span>Row ID</span><span class="rt-column-resize"></span></th><th class="psp-menu-enabled psp-header-leaf psp-header-sort-asc psp-align-right" style="min-width: 52px;"><span>State</span><span class="rt-column-resize"></span></th><th class="psp-header-border psp-menu-enabled psp-header-leaf psp-align-right" style="min-width: 58px;"><span>Sales</span><span class="rt-column-resize"></span></th></tr></thead> <tbody><tr><th class="psp-tree-label psp-tree-label-collapse psp-align-left" colspan="3">TOTAL</th><td class="psp-align-right" style="color: rgb(51, 141, 205);">67</td><td class="psp-align-right" style="color: rgb(51, 141, 205);">2</td><td class="psp-align-right" style="color: rgb(51, 141, 205);">3,615.83</td><td class="psp-align-right" style="color: rgb(51, 141, 205);">75</td><td class="psp-align-right" style="color: rgb(51, 141, 205);">2</td><td class="psp-align-right" style="color: rgb(51, 141, 205);">1,563.88</td><td class="psp-align-right" style="color: rgb(51, 141, 205);">40</td><td class="psp-align-right" style="color: rgb(51, 141, 205);">3</td><td class="psp-align-right" style="color: rgb(51, 141, 205);">3,708.39</td><td class="psp-align-right" style="color: rgb(51, 141, 205);">68</td><td class="psp-align-right" style="color: rgb(51, 141, 205);">1</td><td class="psp-align-right" style="color: rgb(51, 141, 205);">1,113.02</td><td class="psp-align-right" style="color: rgb(51, 141, 205);">17</td><td class="psp-align-right" style="color: rgb(51, 141, 205);">1</td><td class="psp-align-right" style="color: rgb(51, 141, 205);">665.88</td><td class="psp-align-right" style="color: rgb(51, 141, 205);">111</td><td class="psp-align-right" style="color: rgb(51, 141, 205);">4</td><td class="psp-align-right" style="color: rgb(51, 141, 205);">3,946.07</td></tr><tr><th class="psp-align-left" rowspan="14"></th><th class="psp-align-left psp-tree-label psp-tree-label-collapse" colspan="2">East</th><td class="psp-align-right" style="color: rgb(51, 141, 205);">28</td><td class="psp-align-right" style="color: rgb(51, 141, 205);">1</td><td class="psp-align-right" style="color: rgb(51, 141, 205);">3,083.43</td><td class="psp-align-right" >-</td><td class="psp-align-right" >-</td><td class="psp-align-right" >-</td><td class="psp-align-right" >-</td><td class="psp-align-right" >-</td><td class="psp-align-right" >-</td><td class="psp-align-right" >-</td><td class="psp-align-right" >-</td><td class="psp-align-right" >-</td><td class="psp-align-right" >-</td><td class="psp-align-right" >-</td><td class="psp-align-right" >-</td><td class="psp-align-right" style="color: rgb(51, 141, 205);">55</td><td class="psp-align-right" style="color: rgb(51, 141, 205);">1</td><td class="psp-align-right" style="color: rgb(51, 141, 205);">1,029.95</td></tr><tr><th class="psp-align-left" rowspan="2"></th><th class="psp-tree-leaf psp-align-left">New York</th><td class="psp-align-right" >-</td><td class="psp-align-right" >-</td><td class="psp-align-right" >-</td><td class="psp-align-right" >-</td><td class="psp-align-right" >-</td><td class="psp-align-right" >-</td><td class="psp-align-right" >-</td><td class="psp-align-right" >-</td><td class="psp-align-right" >-</td><td class="psp-align-right" >-</td><td class="psp-align-right" >-</td><td class="psp-align-right">-</td><td class="psp-align-right">-</td><td class="psp-align-right">-</td><td class="psp-align-right">-</td><td class="psp-align-right" style="color: rgb(51, 141, 205);">55</td><td class="psp-align-right" style="color: rgb(51, 141, 205);">1</td><td class="psp-align-right" style="color: rgb(51, 141, 205);">1,029.95</td></tr><tr><th class="psp-tree-leaf psp-align-left">Pennsylvania</th><td class="psp-align-right" style="color: rgb(51, 141, 205);">28</td><td class="psp-align-right" style="color: rgb(51, 141, 205);">1</td><td class="psp-align-right" style="color: rgb(51, 141, 205);">3,083.43</td><td class="psp-align-right" >-</td><td class="psp-align-right" >-</td><td class="psp-align-right" >-</td><td class="psp-align-right" >-</td><td class="psp-align-right" >-</td><td class="psp-align-right" >-</td><td class="psp-align-right" >-</td><td class="psp-align-right" >-</td><td class="psp-align-right" >-</td><td class="psp-align-right">-</td><td class="psp-align-right">-</td><td class="psp-align-right" >-</td><td class="psp-align-right" >-</td><td class="psp-align-right">-</td><td class="psp-align-right">-</td></tr><tr><th colspan="2" class="psp-tree-label psp-tree-label-collapse psp-align-left">Central</th><td class="psp-align-right" style="color: rgb(51, 141, 205);">39</td><td class="psp-align-right" style="color: rgb(51, 141, 205);">1</td><td class="psp-align-right" style="color: rgb(51, 141, 205);">532.40</td><td class="psp-align-right" >-</td><td class="psp-align-right">-</td><td class="psp-align-right">-</td><td class="psp-align-right">-</td><td class="psp-align-right">-</td><td class="psp-align-right" >-</td><td class="psp-align-right" >-</td><td class="psp-align-right" >-</td><td class="psp-align-right">-</td><td class="psp-align-right" style="color: rgb(51, 141, 205);">17</td><td class="psp-align-right" style="color: rgb(51, 141, 205);">1</td><td class="psp-align-right" style="color: rgb(51, 141, 205);">665.88</td><td class="psp-align-right" style="color: rgb(51, 141, 205);">36</td><td class="psp-align-right" style="color: rgb(51, 141, 205);">1</td><td class="psp-align-right" style="color: rgb(51, 141, 205);">1,097.54</td></tr><tr><th rowspan="2" class="psp-align-left"></th><th class="psp-tree-leaf psp-align-left">Wisconsin</th><td class="psp-align-right" >-</td><td class="psp-align-right" >-</td><td class="psp-align-right" >-</td><td class="psp-align-right" >-</td><td class="psp-align-right" >-</td><td class="psp-align-right" >-</td><td class="psp-align-right" >-</td><td class="psp-align-right">-</td><td class="psp-align-right">-</td><td class="psp-align-right" >-</td><td class="psp-align-right" >-</td><td class="psp-align-right" >-</td><td class="psp-align-right" style="color: rgb(51, 141, 205);">17</td><td class="psp-align-right" style="color: rgb(51, 141, 205);">1</td><td class="psp-align-right" style="color: rgb(51, 141, 205);">665.88</td><td class="psp-align-right">-</td><td class="psp-align-right">-</td><td class="psp-align-right">-</td></tr><tr><th class="psp-tree-leaf psp-align-left">Texas</th><td class="psp-align-right" style="color: rgb(51, 141, 205);">39</td><td class="psp-align-right" style="color: rgb(51, 141, 205);">1</td><td class="psp-align-right" style="color: rgb(51, 141, 205);">532.40</td><td class="psp-align-right" >-</td><td class="psp-align-right" >-</td><td class="psp-align-right" >-</td><td class="psp-align-right" >-</td><td class="psp-align-right" >-</td><td class="psp-align-right" >-</td><td class="psp-align-right" >-</td><td class="psp-align-right" >-</td><td class="psp-align-right">-</td><td class="psp-align-right">-</td><td class="psp-align-right">-</td><td class="psp-align-right">-</td><td class="psp-align-right" style="color: rgb(51, 141, 205);">36</td><td class="psp-align-right" style="color: rgb(51, 141, 205);">1</td><td class="psp-align-right" style="color: rgb(51, 141, 205);">1,097.54</td></tr><tr><th colspan="2" class="psp-tree-label psp-tree-label-collapse psp-align-left">South</th><td class="psp-align-right" >-</td><td class="psp-align-right" >-</td><td class="psp-align-right" >-</td><td class="psp-align-right" style="color: rgb(51, 141, 205);">75</td><td class="psp-align-right" style="color: rgb(51, 141, 205);">2</td><td class="psp-align-right" style="color: rgb(51, 141, 205);">1,563.88</td><td class="psp-align-right" style="color: rgb(51, 141, 205);">4</td><td class="psp-align-right" style="color: rgb(51, 141, 205);">1</td><td class="psp-align-right" style="color: rgb(51, 141, 205);">957.58</td><td class="psp-align-right" >-</td><td class="psp-align-right" >-</td><td class="psp-align-right" >-</td><td class="psp-align-right">-</td><td class="psp-align-right">-</td><td class="psp-align-right" >-</td><td class="psp-align-right" >-</td><td class="psp-align-right" >-</td><td class="psp-align-right">-</td></tr><tr><th rowspan="3" class="psp-align-left"></th><th class="psp-tree-leaf psp-align-left">Florida</th><td class="psp-align-right" >-</td><td class="psp-align-right" >-</td><td class="psp-align-right" >-</td><td class="psp-align-right" >-</td><td class="psp-align-right" >-</td><td class="psp-align-right" >-</td><td class="psp-align-right" style="color: rgb(51, 141, 205);">4</td><td class="psp-align-right" style="color: rgb(51, 141, 205);">1</td><td class="psp-align-right" style="color: rgb(51, 141, 205);">957.58</td><td class="psp-align-right">-</td><td class="psp-align-right">-</td><td class="psp-align-right">-</td><td class="psp-align-right">-</td><td class="psp-align-right">-</td><td class="psp-align-right">-</td><td class="psp-align-right">-</td><td class="psp-align-right">-</td><td class="psp-align-right">-</td></tr><tr><th class="psp-tree-leaf psp-align-left">Kentucky</th><td class="psp-align-right" >-</td><td class="psp-align-right" >-</td><td class="psp-align-right" >-</td><td class="psp-align-right" style="color: rgb(51, 141, 205);">2</td><td class="psp-align-right" style="color: rgb(51, 141, 205);">1</td><td class="psp-align-right" style="color: rgb(51, 141, 205);">731.94</td><td class="psp-align-right" >-</td><td class="psp-align-right" >-</td><td class="psp-align-right" >-</td><td class="psp-align-right" >-</td><td class="psp-align-right" >-</td><td class="psp-align-right" >-</td><td class="psp-align-right" >-</td><td class="psp-align-right" >-</td><td class="psp-align-right" >-</td><td class="psp-align-right" >-</td><td class="psp-align-right" >-</td><td class="psp-align-right" >-</td></tr><tr><th class="psp-tree-leaf psp-align-left">Tennessee</th><td class="psp-align-right" >-</td><td class="psp-align-right" >-</td><td class="psp-align-right" >-</td><td class="psp-align-right" style="color: rgb(51, 141, 205);">73</td><td class="psp-align-right" style="color: rgb(51, 141, 205);">1</td><td class="psp-align-right" style="color: rgb(51, 141, 205);">831.94</td><td class="psp-align-right" >-</td><td class="psp-align-right" >-</td><td class="psp-align-right" >-</td><td class="psp-align-right" >-</td><td class="psp-align-right" >-</td><td class="psp-align-right" >-</td><td class="psp-align-right">-</td><td class="psp-align-right">-</td><td class="psp-align-right">-</td><td class="psp-align-right">-</td><td class="psp-align-right">-</td><td class="psp-align-right">-</td></tr><tr><th colspan="2" class="psp-tree-label psp-tree-label-collapse psp-align-left">West</th><td class="psp-align-right" >-</td><td class="psp-align-right" >-</td><td class="psp-align-right" >-</td><td class="psp-align-right" >-</td><td class="psp-align-right" >-</td><td class="psp-align-right" >-</td><td class="psp-align-right" style="color: rgb(51, 141, 205);">36</td><td class="psp-align-right" style="color: rgb(51, 141, 205);">2</td><td class="psp-align-right" style="color: rgb(51, 141, 205);">2,750.81</td><td class="psp-align-right" style="color: rgb(51, 141, 205);">68</td><td class="psp-align-right" style="color: rgb(51, 141, 205);">1</td><td class="psp-align-right" style="color: rgb(51, 141, 205);">1,113.02</td><td class="psp-align-right" >-</td><td class="psp-align-right" >-</td><td class="psp-align-right" >-</td><td class="psp-align-right" style="color: rgb(51, 141, 205);">20</td><td class="psp-align-right" style="color: rgb(51, 141, 205);">2</td><td class="psp-align-right" style="color: rgb(51, 141, 205);">1,818.58</td></tr><tr><th rowspan="3" class="psp-align-left"></th><th class="psp-tree-leaf psp-align-left">Arizona</th><td class="psp-align-right" >-</td><td class="psp-align-right" >-</td><td class="psp-align-right" >-</td><td class="psp-align-right" >-</td><td class="psp-align-right" >-</td><td class="psp-align-right" >-</td><td class="psp-align-right" >-</td><td class="psp-align-right" >-</td><td class="psp-align-right" >-</td><td class="psp-align-right" style="color: rgb(51, 141, 205);">68</td><td class="psp-align-right" style="color: rgb(51, 141, 205);">1</td><td class="psp-align-right" style="color: rgb(51, 141, 205);">1,113.02</td><td class="psp-align-right" >-</td><td class="psp-align-right" >-</td><td class="psp-align-right">-</td><td class="psp-align-right" >-</td><td class="psp-align-right" >-</td><td class="psp-align-right" >-</td></tr><tr><th class="psp-tree-leaf psp-align-left">Utah</th><td class="psp-align-right" >-</td><td class="psp-align-right" >-</td><td class="psp-align-right" >-</td><td class="psp-align-right" >-</td><td class="psp-align-right" >-</td><td class="psp-align-right" >-</td><td class="psp-align-right" style="color: rgb(51, 141, 205);">25</td><td class="psp-align-right" style="color: rgb(51, 141, 205);">1</td><td class="psp-align-right" style="color: rgb(51, 141, 205);">1,044.63</td><td class="psp-align-right" >-</td><td class="psp-align-right" >-</td><td class="psp-align-right" >-</td><td class="psp-align-right" >-</td><td class="psp-align-right" >-</td><td class="psp-align-right" >-</td><td class="psp-align-right" >-</td><td class="psp-align-right" >-</td><td class="psp-align-right" >-</td></tr><tr><th class="psp-tree-leaf psp-align-left">California</th><td class="psp-align-right" >-</td><td class="psp-align-right" >-</td><td class="psp-align-right" >-</td><td class="psp-align-right" >-</td><td class="psp-align-right" >-</td><td class="psp-align-right" >-</td><td class="psp-align-right" style="color: rgb(51, 141, 205);">11</td><td class="psp-align-right" style="color: rgb(51, 141, 205);">1</td><td class="psp-align-right" style="color: rgb(51, 141, 205);">1,706.18</td><td class="psp-align-right">-</td><td class="psp-align-right">-</td><td class="psp-align-right">-</td><td class="psp-align-right" >-</td><td class="psp-align-right" >-</td><td class="psp-align-right">-</td><td class="psp-align-right" style="color: rgb(51, 141, 205);">20</td><td class="psp-align-right" style="color: rgb(51, 141, 205);">2</td><td class="psp-align-right" style="color: rgb(51, 141, 205);">1,818.58</td></tr></tbody> </table> 