 <table cellspacing="0"> <thead><tr><th class="rt-group-corner psp-header-group-corner psp-header-corner psp-header-group psp-header-border psp-is-top" style="min-width: 0px;" colspan="3"><span></span><span class="rt-column-resize"></span></th><th class="psp-header-corner psp-header-group psp-header-border psp-is-top" style="min-width: 0px;" colspan="9"><span>Furniture</span><span class="rt-column-resize"></span></th><th class="psp-header-border psp-header-corner psp-header-group psp-is-top" style="min-width: 0px;" colspan="10"><span>Office Supplies</span><span class="rt-column-resize"></span></th></tr><tr><th class="rt-group-corner psp-header-group-corner psp-header-corner psp-header-group psp-header-border" style="min-width: 0px;" colspan="3"><span></span><span class="rt-column-resize"></span></th><th class="psp-header-corner psp-header-border psp-header-group psp-is-top" style="min-width: 0px;" colspan="3"><span>Bookcases</span><span class="rt-column-resize"></span></th><th class="psp-menu-enabled psp-header-group psp-header-border psp-is-top" style="min-width: 0px;" colspan="3"><span>Chairs</span><span class="rt-column-resize"></span></th><th class="psp-menu-enabled psp-header-group psp-header-border" style="min-width: 0px;" colspan="3"><span>Furnishings</span><span class="rt-column-resize"></span></th><th class="psp-menu-enabled psp-header-group psp-header-border psp-is-top" style="min-width: 0px;" colspan="3"><span>Appliances</span><span class="rt-column-resize"></span></th><th class="psp-menu-enabled psp-header-border psp-header-group psp-is-top" style="min-width: 0px;" colspan="3"><span>Binders</span><span class="rt-column-resize"></span></th><th class="psp-header-group psp-header-border psp-is-top" style="min-width: 0px;" colspan="3"><span>Envelopes</span><span class="rt-column-resize"></span></th><th class="psp-header-group psp-header-border psp-is-top" style="min-width: 0px;"><span>Paper</span><span class="rt-column-resize"></span></th></tr><tr><th class="rt-group-corner psp-header-group-corner psp-header-corner psp-header-leaf psp-align-left" style="min-width: 20px;"><span></span><span class="rt-column-resize"></span></th><th class="rt-group-corner psp-header-group-corner psp-header-corner psp-header-leaf psp-align-left" style="min-width: 20px;"><span></span><span class="rt-column-resize"></span></th><th class="rt-group-corner psp-header-border psp-header-group-corner psp-header-corner psp-header-leaf psp-align-left" style="min-width: 61px;"><span></span><span class="rt-column-resize"></span></th><th class="psp-menu-enabled psp-header-leaf psp-align-right" style="min-width: 52px;"><span>Row ID</span><span class="rt-column-resize"></span></th><th class="psp-menu-enabled psp-header-leaf psp-header-sort-asc psp-align-right" style="min-width: 52px;"><span>State</span><span class="rt-column-resize"></span></th><th class="psp-menu-enabled psp-header-border psp-header-leaf psp-align-right" style="min-width: 52px;"><span>Sales</span><span class="rt-column-resize"></span></th><th class="psp-menu-enabled psp-header-leaf psp-align-right" style="min-width: 52px;"><span>Row ID</span><span class="rt-column-resize"></span></th><th class="psp-menu-enabled psp-header-leaf psp-header-sort-asc psp-align-right" style="min-width: 52px;"><span>State</span><span class="rt-column-resize"></span></th><th class="psp-menu-enabled psp-header-border psp-header-leaf psp-align-right" style="min-width: 52px;"><span>Sales</span><span class="rt-column-resize"></span></th><th class="psp-menu-enabled psp-header-leaf psp-align-right" style="min-width: 52px;"><span>Row ID</span><span class="rt-column-resize"></span></th><th class="psp-menu-enabled psp-header-leaf psp-header-sort-asc psp-align-right" style="min-width: 52px;"><span>State</span><span class="rt-column-resize"></span></th><th class="psp-menu-enabled psp-header-border psp-header-leaf psp-align-right" style="min-width: 52px;"><span>Sales</span><span class="rt-column-resize"></span></th><th class="psp-menu-enabled psp-header-leaf psp-align-right" style="min-width: 52px;"><span>Row ID</span><span class="rt-column-resize"></span></th><th class="psp-menu-enabled psp-header-leaf psp-header-sort-asc psp-align-right" style="min-width: 52px;"><span>State</span><span class="rt-column-resize"></span></th><th class="psp-header-border psp-menu-enabled psp-header-leaf psp-align-right" style="min-width: 52px;"><span>Sales</span><span class="rt-column-resize"></span></th><th class="psp-menu-enabled psp-header-leaf psp-align-right" style="min-width: 52px;"><span>Row ID</span><span class="rt-column-resize"></span></th><th class="psp-menu-enabled psp-header-leaf psp-header-sort-asc psp-align-right" style="min-width: 52px;"><span>State</span><span class="rt-column-resize"></span></th><th class="psp-menu-enabled psp-header-border psp-header-leaf psp-align-right" style="min-width: 52px;"><span>Sales</span><span class="rt-column-resize"></span></th><th class="psp-menu-enabled psp-header-leaf psp-align-right" style="min-width: 52px;"><span>Row ID</span><span class="rt-column-resize"></span></th><th class="psp-menu-enabled psp-header-leaf psp-header-sort-asc psp-align-right" style="min-width: 52px;"><span>State</span><span class="rt-column-resize"></span></th><th class="psp-header-border psp-menu-enabled psp-header-leaf psp-align-right" style="min-width: 52px;"><span>Sales</span><span class="rt-column-resize"></span></th><th class="psp-header-leaf psp-align-right psp-menu-enabled" style="min-width: 52px;"><span>Row ID</span><span class="rt-column-resize"></span></th></tr></thead> <tbody><tr><th class="psp-tree-label psp-tree-label-collapse psp-align-left" colspan="3">TOTAL</th><td class="psp-align-right" style="color: rgb(51, 141, 205);">39</td><td class="psp-align-right" style="color: rgb(51, 141, 205);">1</td><td class="psp-align-right" style="color: rgb(51, 141, 205);">532.40</td><td class="psp-align-right" style="color: rgb(51, 141, 205);">40</td><td class="psp-align-right" style="color: rgb(51, 141, 205);">1</td><td class="psp-align-right" style="color: rgb(51, 141, 205);">212.06</td><td class="psp-align-right" style="color: rgb(51, 141, 205);">193</td><td class="psp-align-right" style="color: rgb(51, 141, 205);">3</td><td class="psp-align-right" style="color: rgb(51, 141, 205);">219.93</td><td class="psp-align-right" style="color: rgb(51, 141, 205);">15</td><td class="psp-align-right" style="color: rgb(51, 141, 205);">1</td><td class="psp-align-right" style="color: rgb(51, 141, 205);">68.81</td><td class="psp-align-right" style="color: rgb(51, 141, 205);">92</td><td class="psp-align-right" style="color: rgb(51, 141, 205);">2</td><td class="psp-align-right" style="color: rgb(51, 141, 205);">3.79</td><td class="psp-align-right" style="color: rgb(51, 141, 205);">38</td><td class="psp-align-right" style="color: rgb(51, 141, 205);">1</td><td class="psp-align-right" style="color: rgb(51, 141, 205);">113.33</td><td class="psp-align-right" style="color: rgb(51, 141, 205);">35</td></tr><tr><th class="psp-align-left" rowspan="2"></th><th class="psp-align-left psp-tree-label psp-tree-label-collapse" colspan="2">Central</th><td class="psp-align-right" style="color: rgb(51, 141, 205);">39</td><td class="psp-align-right" style="color: rgb(51, 141, 205);">1</td><td class="psp-align-right" style="color: rgb(51, 141, 205);">532.40</td><td class="psp-align-right" style="color: rgb(51, 141, 205);">40</td><td class="psp-align-right" style="color: rgb(51, 141, 205);">1</td><td class="psp-align-right" style="color: rgb(51, 141, 205);">212.06</td><td class="psp-align-right" style="color: rgb(51, 141, 205);">193</td><td class="psp-align-right" style="color: rgb(51, 141, 205);">3</td><td class="psp-align-right" style="color: rgb(51, 141, 205);">219.93</td><td class="psp-align-right" style="color: rgb(51, 141, 205);">15</td><td class="psp-align-right" style="color: rgb(51, 141, 205);">1</td><td class="psp-align-right" style="color: rgb(51, 141, 205);">68.81</td><td class="psp-align-right" style="color: rgb(51, 141, 205);">92</td><td class="psp-align-right" style="color: rgb(51, 141, 205);">2</td><td class="psp-align-right" style="color: rgb(51, 141, 205);">3.79</td><td class="psp-align-right" style="color: rgb(51, 141, 205);">38</td><td class="psp-align-right" style="color: rgb(51, 141, 205);">1</td><td class="psp-align-right" style="color: rgb(51, 141, 205);">113.33</td><td class="psp-align-right" style="color: rgb(51, 141, 205);">35</td></tr><tr><th class="psp-align-left"></th><th class="psp-tree-leaf psp-align-left">Texas</th><td class="psp-align-right" style="color: rgb(51, 141, 205);">39</td><td class="psp-align-right" style="color: rgb(51, 141, 205);">1</td><td class="psp-align-right" style="color: rgb(51, 141, 205);">532.40</td><td class="psp-align-right" style="color: rgb(51, 141, 205);">40</td><td class="psp-align-right" style="color: rgb(51, 141, 205);">1</td><td class="psp-align-right" style="color: rgb(51, 141, 205);">212.06</td><td class="psp-align-right" style="color: rgb(51, 141, 205);">193</td><td class="psp-align-right" style="color: rgb(51, 141, 205);">3</td><td class="psp-align-right" style="color: rgb(51, 141, 205);">219.93</td><td class="psp-align-right" style="color: rgb(51, 141, 205);">15</td><td class="psp-align-right" style="color: rgb(51, 141, 205);">1</td><td class="psp-align-right" style="color: rgb(51, 141, 205);">68.81</td><td class="psp-align-right" style="color: rgb(51, 141, 205);">92</td><td class="psp-align-right" style="color: rgb(51, 141, 205);">2</td><td class="psp-align-right" style="color: rgb(51, 141, 205);">3.79</td><td class="psp-align-right" style="color: rgb(51, 141, 205);">38</td><td class="psp-align-right" style="color: rgb(51, 141, 205);">1</td><td class="psp-align-right" style="color: rgb(51, 141, 205);">113.33</td><td class="psp-align-right" style="color: rgb(51, 141, 205);">35</td></tr></tbody> </table> 