 <table cellspacing="0"> <thead><tr><th class="rt-group-corner psp-header-group-corner psp-header-corner psp-header-leaf psp-align-left" style="min-width: 20px;"><span></span><span class="rt-column-resize"></span></th><th class="rt-group-corner psp-header-group-corner psp-header-corner psp-header-leaf psp-align-left" style="min-width: 20px;"><span></span><span class="rt-column-resize"></span></th><th class="rt-group-corner psp-header-border psp-header-group-corner psp-header-leaf psp-header-corner psp-align-left" style="min-width: 94.6875px;"><span></span><span class="rt-column-resize"></span></th><th class="psp-menu-enabled psp-header-leaf psp-align-right" style="min-width: 56.6875px;"><span>Discount</span><span class="rt-column-resize"></span></th><th class="psp-menu-enabled psp-header-leaf psp-align-right" style="min-width: 60.7109px;"><span>Profit</span><span class="rt-column-resize"></span></th><th class="psp-menu-enabled psp-header-leaf psp-align-right" style="min-width: 63.3906px;"><span>Sales</span><span class="rt-column-resize"></span></th><th class="psp-header-border psp-header-leaf psp-align-right psp-menu-enabled" style="min-width: 54.6953px;"><span>Quantity</span><span class="rt-column-resize"></span></th></tr></thead> <tbody><tr><th class="psp-tree-label psp-tree-label-collapse psp-align-left" colspan="3">TOTAL</th><td class="psp-align-right" style="color: rgb(51, 141, 205);">15.37</td><td class="psp-align-right" style="color: rgb(255, 71, 30);">-124.51</td><td class="psp-align-right" style="color: rgb(51, 141, 205);">21,439.91</td><td class="psp-align-right" style="color: rgb(51, 141, 205);">367</td></tr><tr><th class="psp-align-left" rowspan="17"></th><th class="psp-align-left psp-tree-label psp-tree-label-collapse" colspan="2">Furniture</th><td class="psp-align-right" style="color: rgb(51, 141, 205);">4.87</td><td class="psp-align-right" style="color: rgb(255, 71, 30);">-1,651.35</td><td class="psp-align-right" style="color: rgb(51, 141, 205);">11,083.78</td><td class="psp-align-right" style="color: rgb(51, 141, 205);">99</td></tr><tr><th class="psp-align-left" rowspan="4"></th><th class="psp-tree-leaf psp-align-left">Bookcases</th><td class="psp-align-right" style="color: rgb(51, 141, 205);">0.82</td><td class="psp-align-right" style="color: rgb(255, 71, 30);">-1,670.12</td><td class="psp-align-right" style="color: rgb(51, 141, 205);">3,877.79</td><td class="psp-align-right" style="color: rgb(51, 141, 205);">12</td></tr><tr><th class="psp-tree-leaf psp-align-left">Chairs</th><td class="psp-align-right" style="color: rgb(51, 141, 205);">1.20</td><td class="psp-align-right" style="color: rgb(51, 141, 205);">131.21</td><td class="psp-align-right" style="color: rgb(51, 141, 205);">2,771.78</td><td class="psp-align-right" style="color: rgb(51, 141, 205);">29</td></tr><tr><th class="psp-tree-leaf psp-align-left">Furnishings</th><td class="psp-align-right" style="color: rgb(51, 141, 205);">2.20</td><td class="psp-align-right" style="color: rgb(255, 71, 30);">-54.99</td><td class="psp-align-right" style="color: rgb(51, 141, 205);">725.82</td><td class="psp-align-right" style="color: rgb(51, 141, 205);">41</td></tr><tr><th class="psp-tree-leaf psp-align-left">Tables</th><td class="psp-align-right" style="color: rgb(51, 141, 205);">0.65</td><td class="psp-align-right" style="color: rgb(255, 71, 30);">-57.46</td><td class="psp-align-right" style="color: rgb(51, 141, 205);">3,708.39</td><td class="psp-align-right" style="color: rgb(51, 141, 205);">17</td></tr><tr><th class="psp-align-left psp-tree-label psp-tree-label-collapse" colspan="2">Office Supplies</th><td class="psp-align-right" style="color: rgb(51, 141, 205);">8.90</td><td class="psp-align-right" style="color: rgb(51, 141, 205);">741.17</td><td class="psp-align-right" style="color: rgb(51, 141, 205);">5,169.37</td><td class="psp-align-right" style="color: rgb(51, 141, 205);">214</td></tr><tr><th class="psp-align-left" rowspan="8"></th><th class="psp-tree-leaf psp-align-left">Appliances</th><td class="psp-align-right" style="color: rgb(51, 141, 205);">0.80</td><td class="psp-align-right" style="color: rgb(51, 141, 205);">5.09</td><td class="psp-align-right" style="color: rgb(51, 141, 205);">530.09</td><td class="psp-align-right" style="color: rgb(51, 141, 205);">24</td></tr><tr><th class="psp-tree-leaf psp-align-left">Art</th><td class="psp-align-right" style="color: rgb(51, 141, 205);">0.60</td><td class="psp-align-right" style="color: rgb(51, 141, 205);">145.71</td><td class="psp-align-right" style="color: rgb(51, 141, 205);">1,287.07</td><td class="psp-align-right" style="color: rgb(51, 141, 205);">38</td></tr><tr><th class="psp-tree-leaf psp-align-left">Binders</th><td class="psp-align-right" style="color: rgb(51, 141, 205);">5.30</td><td class="psp-align-right" style="color: rgb(51, 141, 205);">223.44</td><td class="psp-align-right" style="color: rgb(51, 141, 205);">722.41</td><td class="psp-align-right" style="color: rgb(51, 141, 205);">54</td></tr><tr><th class="psp-tree-leaf psp-align-left">Envelopes</th><td class="psp-align-right" style="color: rgb(51, 141, 205);">0.60</td><td class="psp-align-right" style="color: rgb(51, 141, 205);">99.32</td><td class="psp-align-right" style="color: rgb(51, 141, 205);">317.58</td><td class="psp-align-right" style="color: rgb(51, 141, 205);">18</td></tr><tr><th class="psp-tree-leaf psp-align-left">Fasteners</th><td class="psp-align-right" style="">0.00</td><td class="psp-align-right" style="color: rgb(51, 141, 205);">6.26</td><td class="psp-align-right" style="color: rgb(51, 141, 205);">15.26</td><td class="psp-align-right" style="color: rgb(51, 141, 205);">7</td></tr><tr><th class="psp-tree-leaf psp-align-left">Labels</th><td class="psp-align-right" style="">0.00</td><td class="psp-align-right" style="color: rgb(51, 141, 205);">45.16</td><td class="psp-align-right" style="color: rgb(51, 141, 205);">95.96</td><td class="psp-align-right" style="color: rgb(51, 141, 205);">10</td></tr><tr><th class="psp-tree-leaf psp-align-left">Paper</th><td class="psp-align-right" style="color: rgb(51, 141, 205);">0.40</td><td class="psp-align-right" style="color: rgb(51, 141, 205);">160.65</td><td class="psp-align-right" style="color: rgb(51, 141, 205);">353.08</td><td class="psp-align-right" style="color: rgb(51, 141, 205);">24</td></tr><tr><th class="psp-tree-leaf psp-align-left">Storage</th><td class="psp-align-right" style="color: rgb(51, 141, 205);">1.20</td><td class="psp-align-right" style="color: rgb(51, 141, 205);">55.53</td><td class="psp-align-right" style="color: rgb(51, 141, 205);">1,847.92</td><td class="psp-align-right" style="color: rgb(51, 141, 205);">39</td></tr><tr><th class="psp-align-left psp-tree-label psp-tree-label-collapse" colspan="2">Technology</th><td class="psp-align-right" style="color: rgb(51, 141, 205);">1.60</td><td class="psp-align-right" style="color: rgb(51, 141, 205);">785.67</td><td class="psp-align-right" style="color: rgb(51, 141, 205);">5,186.76</td><td class="psp-align-right" style="color: rgb(51, 141, 205);">54</td></tr><tr><th class="psp-align-left" rowspan="2"></th><th class="psp-tree-leaf psp-align-left">Accessories</th><td class="psp-align-right" style="">0.00</td><td class="psp-align-right" style="color: rgb(51, 141, 205);">52.74</td><td class="psp-align-right" style="color: rgb(51, 141, 205);">245.52</td><td class="psp-align-right" style="color: rgb(51, 141, 205);">13</td></tr><tr><th class="psp-tree-leaf psp-align-left">Phones</th><td class="psp-align-right" style="color: rgb(51, 141, 205);">1.60</td><td class="psp-align-right" style="color: rgb(51, 141, 205);">732.93</td><td class="psp-align-right" style="color: rgb(51, 141, 205);">4,941.24</td><td class="psp-align-right" style="color: rgb(51, 141, 205);">41</td></tr></tbody> </table> 