 <table cellspacing="0"> <thead><tr><th class="rt-group-corner psp-header-group-corner psp-header-leaf psp-header-corner psp-align-left" style="min-width: 20px;"><span></span><span class="rt-column-resize"></span></th><th class="rt-group-corner psp-header-border psp-header-group-corner psp-header-leaf psp-header-corner psp-align-left" style="min-width: 109.383px;"><span></span><span class="rt-column-resize"></span></th><th class="psp-menu-enabled psp-header-leaf psp-align-right" style="min-width: 56.6875px;"><span>Discount</span><span class="rt-column-resize"></span></th><th class="psp-menu-enabled psp-header-leaf psp-align-right" style="min-width: 60.7109px;"><span>Profit</span><span class="rt-column-resize"></span></th><th class="psp-header-leaf psp-align-right psp-menu-enabled" style="min-width: 63.3906px;"><span>Sales</span><span class="rt-column-resize"></span></th><th class="psp-header-border psp-header-leaf psp-align-right psp-menu-enabled" style="min-width: 54.6953px;"><span>Quantity</span><span class="rt-column-resize"></span></th></tr></thead> <tbody><tr><th colspan="2" class="psp-tree-label psp-tree-label-collapse psp-align-left">TOTAL</th><td class="psp-align-right" style="color: rgb(51, 141, 205);">15.37</td><td class="psp-align-right" style="color: rgb(255, 71, 30);">-124.51</td><td class="psp-align-right" style="color: rgb(51, 141, 205);">21,439.91</td><td class="psp-align-right" style="color: rgb(51, 141, 205);">367</td></tr><tr><th rowspan="22" class="psp-align-left"></th><th class="psp-tree-leaf psp-align-left">Alabama</th><td class="psp-align-right" style="">0.00</td><td class="psp-align-right" style="color: rgb(51, 141, 205);">64.24</td><td class="psp-align-right" style="color: rgb(51, 141, 205);">224.90</td><td class="psp-align-right" style="color: rgb(51, 141, 205);">4</td></tr><tr><th class="psp-tree-leaf psp-align-left">Arizona</th><td class="psp-align-right" style="color: rgb(51, 141, 205);">0.40</td><td class="psp-align-right" style="color: rgb(51, 141, 205);">174.29</td><td class="psp-align-right" style="color: rgb(51, 141, 205);">1,280.99</td><td class="psp-align-right" style="color: rgb(51, 141, 205);">12</td></tr><tr><th class="psp-tree-leaf psp-align-left">California</th><td class="psp-align-right" style="color: rgb(51, 141, 205);">2.00</td><td class="psp-align-right" style="color: rgb(51, 141, 205);">506.57</td><td class="psp-align-right" style="color: rgb(51, 141, 205);">4,607.84</td><td class="psp-align-right" style="color: rgb(51, 141, 205);">86</td></tr><tr><th class="psp-tree-leaf psp-align-left">Delaware</th><td class="psp-align-right" style="">0.00</td><td class="psp-align-right" style="color: rgb(51, 141, 205);">11.05</td><td class="psp-align-right" style="color: rgb(51, 141, 205);">66.80</td><td class="psp-align-right" style="color: rgb(51, 141, 205);">5</td></tr><tr><th class="psp-tree-leaf psp-align-left">Florida</th><td class="psp-align-right" style="color: rgb(51, 141, 205);">0.85</td><td class="psp-align-right" style="color: rgb(255, 71, 30);">-370.95</td><td class="psp-align-right" style="color: rgb(51, 141, 205);">1,075.56</td><td class="psp-align-right" style="color: rgb(51, 141, 205);">9</td></tr><tr><th class="psp-tree-leaf psp-align-left">Illinois</th><td class="psp-align-right" style="color: rgb(51, 141, 205);">0.70</td><td class="psp-align-right" style="color: rgb(255, 71, 30);">-47.62</td><td class="psp-align-right" style="color: rgb(51, 141, 205);">590.66</td><td class="psp-align-right" style="color: rgb(51, 141, 205);">12</td></tr><tr><th class="psp-tree-leaf psp-align-left">Indiana</th><td class="psp-align-right" style="">0.00</td><td class="psp-align-right" style="color: rgb(51, 141, 205);">73.35</td><td class="psp-align-right" style="color: rgb(51, 141, 205);">209.55</td><td class="psp-align-right" style="color: rgb(51, 141, 205);">15</td></tr><tr><th class="psp-tree-leaf psp-align-left">Kentucky</th><td class="psp-align-right" style="">0.00</td><td class="psp-align-right" style="color: rgb(51, 141, 205);">261.50</td><td class="psp-align-right" style="color: rgb(51, 141, 205);">993.90</td><td class="psp-align-right" style="color: rgb(51, 141, 205);">5</td></tr><tr><th class="psp-tree-leaf psp-align-left">Michigan</th><td class="psp-align-right" style="">0.00</td><td class="psp-align-right" style="color: rgb(51, 141, 205);">17.24</td><td class="psp-align-right" style="color: rgb(51, 141, 205);">231.01</td><td class="psp-align-right" style="color: rgb(51, 141, 205);">7</td></tr><tr><th class="psp-tree-leaf psp-align-left">Minnesota</th><td class="psp-align-right" style="">0.00</td><td class="psp-align-right" style="color: rgb(51, 141, 205);">99.22</td><td class="psp-align-right" style="color: rgb(51, 141, 205);">266.73</td><td class="psp-align-right" style="color: rgb(51, 141, 205);">20</td></tr><tr><th class="psp-tree-leaf psp-align-left">Nebraska</th><td class="psp-align-right" style="">0.00</td><td class="psp-align-right" style="color: rgb(51, 141, 205);">20.75</td><td class="psp-align-right" style="color: rgb(51, 141, 205);">79.80</td><td class="psp-align-right" style="color: rgb(51, 141, 205);">14</td></tr><tr><th class="psp-tree-leaf psp-align-left">New York</th><td class="psp-align-right" style="color: rgb(51, 141, 205);">0.50</td><td class="psp-align-right" style="color: rgb(51, 141, 205);">449.50</td><td class="psp-align-right" style="color: rgb(51, 141, 205);">1,801.45</td><td class="psp-align-right" style="color: rgb(51, 141, 205);">45</td></tr><tr><th class="psp-tree-leaf psp-align-left">North Carolina</th><td class="psp-align-right" style="color: rgb(51, 141, 205);">0.40</td><td class="psp-align-right" style="color: rgb(51, 141, 205);">68.25</td><td class="psp-align-right" style="color: rgb(51, 141, 205);">216.54</td><td class="psp-align-right" style="color: rgb(51, 141, 205);">10</td></tr><tr><th class="psp-tree-leaf psp-align-left">Oregon</th><td class="psp-align-right" style="color: rgb(51, 141, 205);">0.70</td><td class="psp-align-right" style="color: rgb(255, 71, 30);">-3.79</td><td class="psp-align-right" style="color: rgb(51, 141, 205);">5.68</td><td class="psp-align-right" style="color: rgb(51, 141, 205);">1</td></tr><tr><th class="psp-tree-leaf psp-align-left">Pennsylvania</th><td class="psp-align-right" style="color: rgb(51, 141, 205);">3.00</td><td class="psp-align-right" style="color: rgb(255, 71, 30);">-1,648.96</td><td class="psp-align-right" style="color: rgb(51, 141, 205);">3,400.81</td><td class="psp-align-right" style="color: rgb(51, 141, 205);">30</td></tr><tr><th class="psp-tree-leaf psp-align-left">South Carolina</th><td class="psp-align-right" style="">0.00</td><td class="psp-align-right" style="color: rgb(51, 141, 205);">33.22</td><td class="psp-align-right" style="color: rgb(51, 141, 205);">301.96</td><td class="psp-align-right" style="color: rgb(51, 141, 205);">2</td></tr><tr><th class="psp-tree-leaf psp-align-left">Tennessee</th><td class="psp-align-right" style="color: rgb(51, 141, 205);">0.60</td><td class="psp-align-right" style="color: rgb(255, 71, 30);">-131.37</td><td class="psp-align-right" style="color: rgb(51, 141, 205);">1,001.76</td><td class="psp-align-right" style="color: rgb(51, 141, 205);">11</td></tr><tr><th class="psp-tree-leaf psp-align-left">Texas</th><td class="psp-align-right" style="color: rgb(51, 141, 205);">6.02</td><td class="psp-align-right" style="color: rgb(255, 71, 30);">-132.82</td><td class="psp-align-right" style="color: rgb(51, 141, 205);">2,834.11</td><td class="psp-align-right" style="color: rgb(51, 141, 205);">63</td></tr><tr><th class="psp-tree-leaf psp-align-left">Utah</th><td class="psp-align-right" style="">0.00</td><td class="psp-align-right" style="color: rgb(51, 141, 205);">250.25</td><td class="psp-align-right" style="color: rgb(51, 141, 205);">1,100.13</td><td class="psp-align-right" style="color: rgb(51, 141, 205);">5</td></tr><tr><th class="psp-tree-leaf psp-align-left">Virginia</th><td class="psp-align-right" style="">0.00</td><td class="psp-align-right" style="color: rgb(51, 141, 205);">35.66</td><td class="psp-align-right" style="color: rgb(51, 141, 205);">75.88</td><td class="psp-align-right" style="color: rgb(51, 141, 205);">2</td></tr><tr><th class="psp-tree-leaf psp-align-left">Washington</th><td class="psp-align-right" style="color: rgb(51, 141, 205);">0.20</td><td class="psp-align-right" style="color: rgb(51, 141, 205);">132.59</td><td class="psp-align-right" style="color: rgb(51, 141, 205);">407.98</td><td class="psp-align-right" style="color: rgb(51, 141, 205);">3</td></tr><tr><th class="psp-tree-leaf psp-align-left">Wisconsin</th><td class="psp-align-right" style="">0.00</td><td class="psp-align-right" style="color: rgb(51, 141, 205);">13.32</td><td class="psp-align-right" style="color: rgb(51, 141, 205);">665.88</td><td class="psp-align-right" style="color: rgb(51, 141, 205);">6</td></tr></tbody> </table> 