 <table cellspacing="0"> <thead><tr><th class="rt-group-corner psp-header-group-corner psp-header-corner psp-header-group psp-header-border psp-is-top" style="min-width: 0px;" colspan="2"><span></span><span class="rt-column-resize"></span></th><th class="psp-header-corner psp-header-group psp-header-border psp-is-top" style="min-width: 0px;" colspan="4"><span>Furniture</span><span class="rt-column-resize"></span></th><th class="psp-header-border psp-header-corner psp-header-group psp-is-top" style="min-width: 0px;" colspan="4"><span>Office Supplies</span><span class="rt-column-resize"></span></th><th class="psp-menu-enabled psp-header-group psp-header-border psp-is-top" style="min-width: 0px;" colspan="4"><span>Technology</span><span class="rt-column-resize"></span></th></tr><tr><th class="rt-group-corner psp-header-group-corner psp-header-corner psp-header-leaf psp-align-left" style="min-width: 20px;"><span></span><span class="rt-column-resize"></span></th><th class="rt-group-corner psp-header-group-corner psp-header-corner psp-header-border psp-header-leaf psp-align-left" style="min-width: 109.383px;"><span></span><span class="rt-column-resize"></span></th><th class="psp-header-leaf psp-align-right psp-menu-enabled" style="min-width: 56.6875px;"><span>Discount</span><span class="rt-column-resize"></span></th><th class="psp-menu-enabled psp-header-leaf psp-align-right" style="min-width: 60.7109px;"><span>Profit</span><span class="rt-column-resize"></span></th><th class="psp-menu-enabled psp-header-leaf psp-align-right" style="min-width: 62.5px;"><span>Sales</span><span class="rt-column-resize"></span></th><th class="psp-menu-enabled psp-header-border psp-header-leaf psp-align-right" style="min-width: 54.6953px;"><span>Quantity</span><span class="rt-column-resize"></span></th><th class="psp-menu-enabled psp-header-leaf psp-align-right" style="min-width: 56.6875px;"><span>Discount</span><span class="rt-column-resize"></span></th><th class="psp-menu-enabled psp-header-leaf psp-align-right" style="min-width: 52px;"><span>Profit</span><span class="rt-column-resize"></span></th><th class="psp-menu-enabled psp-header-leaf psp-align-right" style="min-width: 56.7109px;"><span>Sales</span><span class="rt-column-resize"></span></th><th class="psp-menu-enabled psp-header-border psp-header-leaf psp-align-right" style="min-width: 54.6953px;"><span>Quantity</span><span class="rt-column-resize"></span></th><th class="psp-menu-enabled psp-header-leaf psp-align-right" style="min-width: 56.6875px;"><span>Discount</span><span class="rt-column-resize"></span></th><th class="psp-menu-enabled psp-header-leaf psp-align-right" style="min-width: 52px;"><span>Profit</span><span class="rt-column-resize"></span></th><th class="psp-menu-enabled psp-header-leaf psp-align-right" style="min-width: 56.7109px;"><span>Sales</span><span class="rt-column-resize"></span></th><th class="psp-menu-enabled psp-header-border psp-header-leaf psp-align-right" style="min-width: 54.6953px;"><span>Quantity</span><span class="rt-column-resize"></span></th></tr></thead> <tbody><tr><th class="psp-tree-label psp-tree-label-collapse psp-align-left" colspan="2">TOTAL</th><td class="psp-align-right" style="color: rgb(51, 141, 205);">4.87</td><td class="psp-align-right" style="color: rgb(255, 71, 30);">-1,651.35</td><td class="psp-align-right" style="color: rgb(51, 141, 205);">11,083.78</td><td class="psp-align-right" style="color: rgb(51, 141, 205);">99</td><td class="psp-align-right" style="color: rgb(51, 141, 205);">8.90</td><td class="psp-align-right" style="color: rgb(51, 141, 205);">741.17</td><td class="psp-align-right" style="color: rgb(51, 141, 205);">5,169.37</td><td class="psp-align-right" style="color: rgb(51, 141, 205);">214</td><td class="psp-align-right" style="color: rgb(51, 141, 205);">1.60</td><td class="psp-align-right" style="color: rgb(51, 141, 205);">785.67</td><td class="psp-align-right" style="color: rgb(51, 141, 205);">5,186.76</td><td class="psp-align-right" style="color: rgb(51, 141, 205);">54</td></tr><tr><th class="psp-align-left" rowspan="22"></th><th class="psp-align-left psp-tree-leaf">Alabama</th><td class="psp-align-right">-</td><td class="psp-align-right" style="">-</td><td class="psp-align-right" style="">-</td><td class="psp-align-right" style="">-</td><td class="psp-align-right" style="">0.00</td><td class="psp-align-right" style="color: rgb(51, 141, 205);">64.24</td><td class="psp-align-right" style="color: rgb(51, 141, 205);">224.90</td><td class="psp-align-right" style="color: rgb(51, 141, 205);">4</td><td class="psp-align-right">-</td><td class="psp-align-right">-</td><td class="psp-align-right">-</td><td class="psp-align-right">-</td></tr><tr><th class="psp-align-left psp-tree-leaf">Arizona</th><td class="psp-align-right">-</td><td class="psp-align-right" style="">-</td><td class="psp-align-right" style="">-</td><td class="psp-align-right" style="">-</td><td class="psp-align-right" style="color: rgb(51, 141, 205);">0.20</td><td class="psp-align-right" style="color: rgb(51, 141, 205);">111.30</td><td class="psp-align-right" style="color: rgb(51, 141, 205);">1,113.02</td><td class="psp-align-right" style="color: rgb(51, 141, 205);">8</td><td class="psp-align-right" style="color: rgb(51, 141, 205);">0.20</td><td class="psp-align-right" style="color: rgb(51, 141, 205);">62.99</td><td class="psp-align-right" style="color: rgb(51, 141, 205);">167.97</td><td class="psp-align-right" style="color: rgb(51, 141, 205);">4</td></tr><tr><th class="psp-tree-leaf psp-align-left">California</th><td class="psp-align-right" style="color: rgb(51, 141, 205);">0.20</td><td class="psp-align-right" style="color: rgb(51, 141, 205);">121.81</td><td class="psp-align-right" style="color: rgb(51, 141, 205);">1,834.80</td><td class="psp-align-right" style="color: rgb(51, 141, 205);">20</td><td class="psp-align-right" style="color: rgb(51, 141, 205);">1.00</td><td class="psp-align-right" style="color: rgb(51, 141, 205);">183.47</td><td class="psp-align-right" style="color: rgb(51, 141, 205);">562.85</td><td class="psp-align-right" style="color: rgb(51, 141, 205);">46</td><td class="psp-align-right" style="color: rgb(51, 141, 205);">0.80</td><td class="psp-align-right" style="color: rgb(51, 141, 205);">201.29</td><td class="psp-align-right" style="color: rgb(51, 141, 205);">2,210.19</td><td class="psp-align-right" style="color: rgb(51, 141, 205);">20</td></tr><tr><th class="psp-tree-leaf psp-align-left">Delaware</th><td class="psp-align-right">-</td><td class="psp-align-right" style="">-</td><td class="psp-align-right" style="">-</td><td class="psp-align-right" style="">-</td><td class="psp-align-right" style="">-</td><td class="psp-align-right">-</td><td class="psp-align-right">-</td><td class="psp-align-right">-</td><td class="psp-align-right">0.00</td><td class="psp-align-right" style="color: rgb(51, 141, 205);">11.05</td><td class="psp-align-right" style="color: rgb(51, 141, 205);">66.80</td><td class="psp-align-right" style="color: rgb(51, 141, 205);">5</td></tr><tr><th class="psp-tree-leaf psp-align-left">Florida</th><td class="psp-align-right" style="color: rgb(51, 141, 205);">0.45</td><td class="psp-align-right" style="color: rgb(255, 71, 30);">-383.03</td><td class="psp-align-right" style="color: rgb(51, 141, 205);">957.58</td><td class="psp-align-right" style="color: rgb(51, 141, 205);">5</td><td class="psp-align-right" style="color: rgb(51, 141, 205);">0.40</td><td class="psp-align-right" style="color: rgb(51, 141, 205);">12.08</td><td class="psp-align-right" style="color: rgb(51, 141, 205);">117.98</td><td class="psp-align-right" style="color: rgb(51, 141, 205);">4</td><td class="psp-align-right">-</td><td class="psp-align-right">-</td><td class="psp-align-right">-</td><td class="psp-align-right">-</td></tr><tr><th class="psp-align-left psp-tree-leaf">Illinois</th><td class="psp-align-right" style="color: rgb(51, 141, 205);">0.30</td><td class="psp-align-right" style="color: rgb(255, 71, 30);">-15.22</td><td class="psp-align-right" style="color: rgb(51, 141, 205);">213.12</td><td class="psp-align-right" style="color: rgb(51, 141, 205);">5</td><td class="psp-align-right" style="color: rgb(51, 141, 205);">0.20</td><td class="psp-align-right" style="color: rgb(255, 71, 30);">-48.95</td><td class="psp-align-right" style="color: rgb(51, 141, 205);">230.38</td><td class="psp-align-right" style="color: rgb(51, 141, 205);">3</td><td class="psp-align-right" style="color: rgb(51, 141, 205);">0.20</td><td class="psp-align-right" style="color: rgb(51, 141, 205);">16.56</td><td class="psp-align-right" style="color: rgb(51, 141, 205);">147.17</td><td class="psp-align-right" style="color: rgb(51, 141, 205);">4</td></tr><tr><th class="psp-align-left psp-tree-leaf">Indiana</th><td class="psp-align-right">0.00</td><td class="psp-align-right" style="color: rgb(51, 141, 205);">20.05</td><td class="psp-align-right" style="color: rgb(51, 141, 205);">96.15</td><td class="psp-align-right" style="color: rgb(51, 141, 205);">3</td><td class="psp-align-right" style="">0.00</td><td class="psp-align-right" style="color: rgb(51, 141, 205);">53.30</td><td class="psp-align-right" style="color: rgb(51, 141, 205);">113.40</td><td class="psp-align-right" style="color: rgb(51, 141, 205);">12</td><td class="psp-align-right" style="">-</td><td class="psp-align-right">-</td><td class="psp-align-right">-</td><td class="psp-align-right">-</td></tr><tr><th class="psp-tree-leaf psp-align-left">Kentucky</th><td class="psp-align-right">0.00</td><td class="psp-align-right" style="color: rgb(51, 141, 205);">261.50</td><td class="psp-align-right" style="color: rgb(51, 141, 205);">993.90</td><td class="psp-align-right" style="color: rgb(51, 141, 205);">5</td><td class="psp-align-right" style="">-</td><td class="psp-align-right" style="">-</td><td class="psp-align-right" style="">-</td><td class="psp-align-right" style="">-</td><td class="psp-align-right" style="">-</td><td class="psp-align-right">-</td><td class="psp-align-right">-</td><td class="psp-align-right">-</td></tr><tr><th class="psp-tree-leaf psp-align-left">Michigan</th><td class="psp-align-right">-</td><td class="psp-align-right" style="">-</td><td class="psp-align-right" style="">-</td><td class="psp-align-right" style="">-</td><td class="psp-align-right" style="">0.00</td><td class="psp-align-right" style="color: rgb(51, 141, 205);">17.24</td><td class="psp-align-right" style="color: rgb(51, 141, 205);">231.01</td><td class="psp-align-right" style="color: rgb(51, 141, 205);">7</td><td class="psp-align-right" style="">-</td><td class="psp-align-right">-</td><td class="psp-align-right">-</td><td class="psp-align-right">-</td></tr><tr><th class="psp-tree-leaf psp-align-left">Minnesota</th><td class="psp-align-right">0.00</td><td class="psp-align-right" style="color: rgb(51, 141, 205);">16.54</td><td class="psp-align-right" style="color: rgb(51, 141, 205);">53.34</td><td class="psp-align-right" style="color: rgb(51, 141, 205);">3</td><td class="psp-align-right" style="">0.00</td><td class="psp-align-right" style="color: rgb(51, 141, 205);">56.12</td><td class="psp-align-right" style="color: rgb(51, 141, 205);">147.42</td><td class="psp-align-right" style="color: rgb(51, 141, 205);">14</td><td class="psp-align-right" style="">0.00</td><td class="psp-align-right" style="color: rgb(51, 141, 205);">26.57</td><td class="psp-align-right" style="color: rgb(51, 141, 205);">65.97</td><td class="psp-align-right" style="color: rgb(51, 141, 205);">3</td></tr><tr><th class="psp-tree-leaf psp-align-left">Nebraska</th><td class="psp-align-right">-</td><td class="psp-align-right" style="">-</td><td class="psp-align-right" style="">-</td><td class="psp-align-right" style="">-</td><td class="psp-align-right" style="">0.00</td><td class="psp-align-right" style="color: rgb(51, 141, 205);">20.75</td><td class="psp-align-right" style="color: rgb(51, 141, 205);">79.80</td><td class="psp-align-right" style="color: rgb(51, 141, 205);">14</td><td class="psp-align-right" style="">-</td><td class="psp-align-right">-</td><td class="psp-align-right">-</td><td class="psp-align-right">-</td></tr><tr><th class="psp-tree-leaf psp-align-left">New York</th><td class="psp-align-right" style="color: rgb(51, 141, 205);">0.10</td><td class="psp-align-right" style="color: rgb(51, 141, 205);">47.64</td><td class="psp-align-right" style="color: rgb(51, 141, 205);">415.94</td><td class="psp-align-right" style="color: rgb(51, 141, 205);">12</td><td class="psp-align-right" style="color: rgb(51, 141, 205);">0.40</td><td class="psp-align-right" style="color: rgb(51, 141, 205);">99.87</td><td class="psp-align-right" style="color: rgb(51, 141, 205);">325.56</td><td class="psp-align-right" style="color: rgb(51, 141, 205);">26</td><td class="psp-align-right" style="">0.00</td><td class="psp-align-right" style="color: rgb(51, 141, 205);">301.99</td><td class="psp-align-right" style="color: rgb(51, 141, 205);">1,059.95</td><td class="psp-align-right" style="color: rgb(51, 141, 205);">7</td></tr><tr><th class="psp-tree-leaf psp-align-left">North Carolina</th><td class="psp-align-right">-</td><td class="psp-align-right" style="">-</td><td class="psp-align-right" style="">-</td><td class="psp-align-right" style="">-</td><td class="psp-align-right" style="color: rgb(51, 141, 205);">0.40</td><td class="psp-align-right" style="color: rgb(51, 141, 205);">68.25</td><td class="psp-align-right" style="color: rgb(51, 141, 205);">216.54</td><td class="psp-align-right" style="color: rgb(51, 141, 205);">10</td><td class="psp-align-right" style="">-</td><td class="psp-align-right">-</td><td class="psp-align-right">-</td><td class="psp-align-right">-</td></tr><tr><th class="psp-tree-leaf psp-align-left">Oregon</th><td class="psp-align-right">-</td><td class="psp-align-right" style="">-</td><td class="psp-align-right" style="">-</td><td class="psp-align-right" style="">-</td><td class="psp-align-right" style="color: rgb(51, 141, 205);">0.70</td><td class="psp-align-right" style="color: rgb(255, 71, 30);">-3.79</td><td class="psp-align-right" style="color: rgb(51, 141, 205);">5.68</td><td class="psp-align-right" style="color: rgb(51, 141, 205);">1</td><td class="psp-align-right" style="">-</td><td class="psp-align-right">-</td><td class="psp-align-right">-</td><td class="psp-align-right">-</td></tr><tr><th class="psp-align-left psp-tree-leaf">Pennsylvania</th><td class="psp-align-right" style="color: rgb(51, 141, 205);">1.00</td><td class="psp-align-right" style="color: rgb(255, 71, 30);">-1,650.55</td><td class="psp-align-right" style="color: rgb(51, 141, 205);">3,279.00</td><td class="psp-align-right" style="color: rgb(51, 141, 205);">12</td><td class="psp-align-right" style="color: rgb(51, 141, 205);">2.00</td><td class="psp-align-right" style="color: rgb(51, 141, 205);">1.59</td><td class="psp-align-right" style="color: rgb(51, 141, 205);">121.80</td><td class="psp-align-right" style="color: rgb(51, 141, 205);">18</td><td class="psp-align-right">-</td><td class="psp-align-right" style="">-</td><td class="psp-align-right" style="">-</td><td class="psp-align-right" style="">-</td></tr><tr><th class="psp-align-left psp-tree-leaf">South Carolina</th><td class="psp-align-right">0.00</td><td class="psp-align-right" style="color: rgb(51, 141, 205);">33.22</td><td class="psp-align-right" style="color: rgb(51, 141, 205);">301.96</td><td class="psp-align-right" style="color: rgb(51, 141, 205);">2</td><td class="psp-align-right" style="">-</td><td class="psp-align-right">-</td><td class="psp-align-right">-</td><td class="psp-align-right">-</td><td class="psp-align-right">-</td><td class="psp-align-right">-</td><td class="psp-align-right" style="">-</td><td class="psp-align-right" style="">-</td></tr><tr><th class="psp-tree-leaf psp-align-left">Tennessee</th><td class="psp-align-right" style="color: rgb(51, 141, 205);">0.40</td><td class="psp-align-right" style="color: rgb(255, 71, 30);">-113.18</td><td class="psp-align-right" style="color: rgb(51, 141, 205);">928.98</td><td class="psp-align-right" style="color: rgb(51, 141, 205);">10</td><td class="psp-align-right" style="color: rgb(51, 141, 205);">0.20</td><td class="psp-align-right" style="color: rgb(255, 71, 30);">-18.20</td><td class="psp-align-right" style="color: rgb(51, 141, 205);">72.78</td><td class="psp-align-right" style="color: rgb(51, 141, 205);">1</td><td class="psp-align-right">-</td><td class="psp-align-right" style="">-</td><td class="psp-align-right" style="">-</td><td class="psp-align-right" style="">-</td></tr><tr><th class="psp-tree-leaf psp-align-left">Texas</th><td class="psp-align-right" style="color: rgb(51, 141, 205);">2.42</td><td class="psp-align-right" style="color: rgb(255, 71, 30);">-230.39</td><td class="psp-align-right" style="color: rgb(51, 141, 205);">964.39</td><td class="psp-align-right" style="color: rgb(51, 141, 205);">19</td><td class="psp-align-right" style="color: rgb(51, 141, 205);">3.20</td><td class="psp-align-right" style="color: rgb(255, 71, 30);">-67.67</td><td class="psp-align-right" style="color: rgb(51, 141, 205);">401.01</td><td class="psp-align-right" style="color: rgb(51, 141, 205);">33</td><td class="psp-align-right" style="color: rgb(51, 141, 205);">0.40</td><td class="psp-align-right" style="color: rgb(51, 141, 205);">165.23</td><td class="psp-align-right" style="color: rgb(51, 141, 205);">1,468.71</td><td class="psp-align-right" style="color: rgb(51, 141, 205);">11</td></tr><tr><th class="psp-tree-leaf psp-align-left">Utah</th><td class="psp-align-right">0.00</td><td class="psp-align-right" style="color: rgb(51, 141, 205);">240.26</td><td class="psp-align-right" style="color: rgb(51, 141, 205);">1,044.63</td><td class="psp-align-right" style="color: rgb(51, 141, 205);">3</td><td class="psp-align-right">0.00</td><td class="psp-align-right" style="color: rgb(51, 141, 205);">9.99</td><td class="psp-align-right" style="color: rgb(51, 141, 205);">55.50</td><td class="psp-align-right" style="color: rgb(51, 141, 205);">2</td><td class="psp-align-right">-</td><td class="psp-align-right">-</td><td class="psp-align-right">-</td><td class="psp-align-right">-</td></tr><tr><th class="psp-tree-leaf psp-align-left">Virginia</th><td class="psp-align-right">-</td><td class="psp-align-right">-</td><td class="psp-align-right">-</td><td class="psp-align-right">-</td><td class="psp-align-right">0.00</td><td class="psp-align-right" style="color: rgb(51, 141, 205);">35.66</td><td class="psp-align-right" style="color: rgb(51, 141, 205);">75.88</td><td class="psp-align-right" style="color: rgb(51, 141, 205);">2</td><td class="psp-align-right">-</td><td class="psp-align-right">-</td><td class="psp-align-right">-</td><td class="psp-align-right">-</td></tr><tr><th class="psp-tree-leaf psp-align-left">Washington</th><td class="psp-align-right">-</td><td class="psp-align-right">-</td><td class="psp-align-right">-</td><td class="psp-align-right">-</td><td class="psp-align-right" style="color: rgb(51, 141, 205);">0.20</td><td class="psp-align-right" style="color: rgb(51, 141, 205);">132.59</td><td class="psp-align-right" style="color: rgb(51, 141, 205);">407.98</td><td class="psp-align-right" style="color: rgb(51, 141, 205);">3</td><td class="psp-align-right">-</td><td class="psp-align-right">-</td><td class="psp-align-right">-</td><td class="psp-align-right">-</td></tr><tr><th class="psp-tree-leaf psp-align-left">Wisconsin</th><td class="psp-align-right">-</td><td class="psp-align-right">-</td><td class="psp-align-right">-</td><td class="psp-align-right">-</td><td class="psp-align-right">0.00</td><td class="psp-align-right" style="color: rgb(51, 141, 205);">13.32</td><td class="psp-align-right" style="color: rgb(51, 141, 205);">665.88</td><td class="psp-align-right" style="color: rgb(51, 141, 205);">6</td><td class="psp-align-right">-</td><td class="psp-align-right">-</td><td class="psp-align-right">-</td><td class="psp-align-right">-</td></tr></tbody> </table> 