 <table cellspacing="0"> <thead><tr><th class="rt-group-corner psp-header-group-corner psp-header-corner psp-header-group psp-header-border psp-is-top" style="min-width: 0px;" colspan="3"><span></span><span class="rt-column-resize"></span></th><th class="psp-header-corner psp-header-group psp-header-border psp-is-top" style="min-width: 0px;" colspan="8"><span>Furniture</span><span class="rt-column-resize"></span></th><th class="psp-header-border psp-header-corner psp-header-group psp-is-top" style="min-width: 0px;" colspan="10"><span>Office Supplies</span><span class="rt-column-resize"></span></th></tr><tr><th class="rt-group-corner psp-header-group-corner psp-header-corner psp-header-group psp-header-border" style="min-width: 0px;" colspan="3"><span></span><span class="rt-column-resize"></span></th><th class="psp-header-corner psp-header-border psp-header-group psp-is-top" style="min-width: 0px;" colspan="2"><span>Bookcases</span><span class="rt-column-resize"></span></th><th class="psp-menu-enabled psp-header-group psp-header-border psp-is-top" style="min-width: 0px;" colspan="2"><span>Chairs</span><span class="rt-column-resize"></span></th><th class="psp-menu-enabled psp-header-group psp-header-border psp-is-top" style="min-width: 0px;" colspan="2"><span>Furnishings</span><span class="rt-column-resize"></span></th><th class="psp-menu-enabled psp-header-group psp-header-border" style="min-width: 0px;" colspan="2"><span>Tables</span><span class="rt-column-resize"></span></th><th class="psp-menu-enabled psp-header-border psp-header-group psp-is-top" style="min-width: 0px;" colspan="2"><span>Appliances</span><span class="rt-column-resize"></span></th><th class="psp-header-group psp-header-border psp-is-top" style="min-width: 0px;" colspan="2"><span>Art</span><span class="rt-column-resize"></span></th><th class="psp-header-group psp-header-border psp-is-top" style="min-width: 0px;" colspan="2"><span>Binders</span><span class="rt-column-resize"></span></th><th class="psp-header-group psp-header-border psp-is-top" style="min-width: 0px;" colspan="2"><span>Envelopes</span><span class="rt-column-resize"></span></th><th class="psp-header-group psp-header-border psp-is-top" style="min-width: 0px;" colspan="2"><span>Fasteners</span><span class="rt-column-resize"></span></th></tr><tr><th class="rt-group-corner psp-header-group-corner psp-header-corner psp-header-leaf psp-align-left" style="min-width: 20px;"><span></span><span class="rt-column-resize"></span></th><th class="rt-group-corner psp-header-group-corner psp-header-corner psp-header-leaf psp-align-left" style="min-width: 20px;"><span></span><span class="rt-column-resize"></span></th><th class="rt-group-corner psp-header-border psp-header-group-corner psp-header-corner psp-header-leaf psp-align-left" style="min-width: 109px;"><span></span><span class="rt-column-resize"></span></th><th class="psp-menu-enabled psp-header-leaf psp-align-right" style="min-width: 52px;"><span>Row ID</span><span class="rt-column-resize"></span></th><th class="psp-menu-enabled psp-header-border psp-header-leaf psp-align-right" style="min-width: 57px;"><span>Sales</span><span class="rt-column-resize"></span></th><th class="psp-menu-enabled psp-header-leaf psp-align-right" style="min-width: 52px;"><span>Row ID</span><span class="rt-column-resize"></span></th><th class="psp-header-border psp-menu-enabled psp-header-leaf psp-align-right" style="min-width: 57px;"><span>Sales</span><span class="rt-column-resize"></span></th><th class="psp-menu-enabled psp-header-leaf psp-align-right" style="min-width: 52px;"><span>Row ID</span><span class="rt-column-resize"></span></th><th class="psp-menu-enabled psp-header-border psp-header-leaf psp-align-right" style="min-width: 52px;"><span>Sales</span><span class="rt-column-resize"></span></th><th class="psp-menu-enabled psp-header-leaf psp-align-right" style="min-width: 52px;"><span>Row ID</span><span class="rt-column-resize"></span></th><th class="psp-header-border psp-menu-enabled psp-header-leaf psp-align-right" style="min-width: 57px;"><span>Sales</span><span class="rt-column-resize"></span></th><th class="psp-menu-enabled psp-header-leaf psp-align-right" style="min-width: 52px;"><span>Row ID</span><span class="rt-column-resize"></span></th><th class="psp-menu-enabled psp-header-border psp-header-leaf psp-align-right" style="min-width: 52px;"><span>Sales</span><span class="rt-column-resize"></span></th><th class="psp-menu-enabled psp-header-leaf psp-align-right" style="min-width: 52px;"><span>Row ID</span><span class="rt-column-resize"></span></th><th class="psp-header-border psp-menu-enabled psp-header-leaf psp-align-right" style="min-width: 57px;"><span>Sales</span><span class="rt-column-resize"></span></th><th class="psp-menu-enabled psp-header-leaf psp-align-right" style="min-width: 52px;"><span>Row ID</span><span class="rt-column-resize"></span></th><th class="psp-menu-enabled psp-header-border psp-header-leaf psp-align-right" style="min-width: 52px;"><span>Sales</span><span class="rt-column-resize"></span></th><th class="psp-menu-enabled psp-header-leaf psp-align-right" style="min-width: 52px;"><span>Row ID</span><span class="rt-column-resize"></span></th><th class="psp-header-border psp-menu-enabled psp-header-leaf psp-align-right" style="min-width: 52px;"><span>Sales</span><span class="rt-column-resize"></span></th><th class="psp-menu-enabled psp-header-leaf psp-align-right" style="min-width: 52px;"><span>Row ID</span><span class="rt-column-resize"></span></th><th class="psp-header-border psp-header-leaf psp-align-right psp-menu-enabled" style="min-width: 52px;"><span>Sales</span><span class="rt-column-resize"></span></th></tr></thead> <tbody><tr><th class="psp-tree-label psp-tree-label-collapse psp-align-left" colspan="3">TOTAL</th><td class="psp-align-right" style="color: rgb(51, 141, 205);">68</td><td class="psp-align-right" style="color: rgb(51, 141, 205);">3,877.79</td><td class="psp-align-right" style="color: rgb(51, 141, 205);">403</td><td class="psp-align-right" style="color: rgb(51, 141, 205);">2,771.78</td><td class="psp-align-right" style="color: rgb(51, 141, 205);">612</td><td class="psp-align-right" style="color: rgb(51, 141, 205);">725.82</td><td class="psp-align-right" style="color: rgb(51, 141, 205);">40</td><td class="psp-align-right" style="color: rgb(51, 141, 205);">3,708.39</td><td class="psp-align-right" style="color: rgb(51, 141, 205);">227</td><td class="psp-align-right" style="color: rgb(51, 141, 205);">530.09</td><td class="psp-align-right" style="color: rgb(51, 141, 205);">416</td><td class="psp-align-right" style="color: rgb(51, 141, 205);">1,287.07</td><td class="psp-align-right" style="color: rgb(51, 141, 205);">886</td><td class="psp-align-right" style="color: rgb(51, 141, 205);">722.41</td><td class="psp-align-right" style="color: rgb(51, 141, 205);">153</td><td class="psp-align-right" style="color: rgb(51, 141, 205);">317.58</td><td class="psp-align-right" style="color: rgb(51, 141, 205);">54</td><td class="psp-align-right" style="color: rgb(51, 141, 205);">15.26</td></tr><tr><th class="psp-align-left" rowspan="26"></th><th class="psp-align-left psp-tree-label psp-tree-label-collapse" colspan="2">South</th><td class="psp-align-right" style="color: rgb(51, 141, 205);">1</td><td class="psp-align-right" style="color: rgb(51, 141, 205);">261.96</td><td class="psp-align-right" style="color: rgb(51, 141, 205);">161</td><td class="psp-align-right" style="color: rgb(51, 141, 205);">1,865.84</td><td class="psp-align-right" style="color: rgb(51, 141, 205);">74</td><td class="psp-align-right" style="color: rgb(51, 141, 205);">97.04</td><td class="psp-align-right" style="color: rgb(51, 141, 205);">4</td><td class="psp-align-right" style="color: rgb(51, 141, 205);">957.58</td><td class="psp-align-right" style="color: rgb(51, 141, 205);">80</td><td class="psp-align-right" style="color: rgb(51, 141, 205);">208.16</td><td class="psp-align-right" >-</td><td class="psp-align-right" >-</td><td class="psp-align-right" style="color: rgb(51, 141, 205);">81</td><td class="psp-align-right" style="color: rgb(51, 141, 205);">16.74</td><td class="psp-align-right" style="color: rgb(51, 141, 205);">84</td><td class="psp-align-right" style="color: rgb(51, 141, 205);">200.98</td><td class="psp-align-right" >-</td><td class="psp-align-right">-</td></tr><tr><th class="psp-align-left" rowspan="7"></th><th class="psp-tree-leaf psp-align-left">South Carolina</th><td class="psp-align-right" >-</td><td class="psp-align-right" >-</td><td class="psp-align-right" style="color: rgb(51, 141, 205);">86</td><td class="psp-align-right" style="color: rgb(51, 141, 205);">301.96</td><td class="psp-align-right" >-</td><td class="psp-align-right" >-</td><td class="psp-align-right" >-</td><td class="psp-align-right" >-</td><td class="psp-align-right" >-</td><td class="psp-align-right" >-</td><td class="psp-align-right" >-</td><td class="psp-align-right">-</td><td class="psp-align-right">-</td><td class="psp-align-right">-</td><td class="psp-align-right">-</td><td class="psp-align-right">-</td><td class="psp-align-right">-</td><td class="psp-align-right">-</td></tr><tr><th class="psp-tree-leaf psp-align-left">Virginia</th><td class="psp-align-right" >-</td><td class="psp-align-right" >-</td><td class="psp-align-right" >-</td><td class="psp-align-right" >-</td><td class="psp-align-right" >-</td><td class="psp-align-right" >-</td><td class="psp-align-right" >-</td><td class="psp-align-right" >-</td><td class="psp-align-right" >-</td><td class="psp-align-right" >-</td><td class="psp-align-right" >-</td><td class="psp-align-right" >-</td><td class="psp-align-right">-</td><td class="psp-align-right">-</td><td class="psp-align-right" >-</td><td class="psp-align-right" >-</td><td class="psp-align-right">-</td><td class="psp-align-right">-</td></tr><tr><th class="psp-tree-leaf psp-align-left">Alabama</th><td class="psp-align-right" >-</td><td class="psp-align-right" >-</td><td class="psp-align-right" >-</td><td class="psp-align-right" >-</td><td class="psp-align-right">-</td><td class="psp-align-right">-</td><td class="psp-align-right">-</td><td class="psp-align-right">-</td><td class="psp-align-right" style="color: rgb(51, 141, 205);">80</td><td class="psp-align-right" style="color: rgb(51, 141, 205);">208.16</td><td class="psp-align-right" >-</td><td class="psp-align-right">-</td><td class="psp-align-right" style="color: rgb(51, 141, 205);">81</td><td class="psp-align-right" style="color: rgb(51, 141, 205);">16.74</td><td class="psp-align-right">-</td><td class="psp-align-right">-</td><td class="psp-align-right">-</td><td class="psp-align-right">-</td></tr><tr><th class="psp-tree-leaf psp-align-left">Kentucky</th><td class="psp-align-right" style="color: rgb(51, 141, 205);">1</td><td class="psp-align-right" style="color: rgb(51, 141, 205);">261.96</td><td class="psp-align-right" style="color: rgb(51, 141, 205);">2</td><td class="psp-align-right" style="color: rgb(51, 141, 205);">731.94</td><td class="psp-align-right" >-</td><td class="psp-align-right" >-</td><td class="psp-align-right" >-</td><td class="psp-align-right">-</td><td class="psp-align-right">-</td><td class="psp-align-right" >-</td><td class="psp-align-right" >-</td><td class="psp-align-right" >-</td><td class="psp-align-right">-</td><td class="psp-align-right">-</td><td class="psp-align-right">-</td><td class="psp-align-right">-</td><td class="psp-align-right">-</td><td class="psp-align-right">-</td></tr><tr><th class="psp-tree-leaf psp-align-left">Florida</th><td class="psp-align-right" >-</td><td class="psp-align-right" >-</td><td class="psp-align-right" >-</td><td class="psp-align-right" >-</td><td class="psp-align-right" >-</td><td class="psp-align-right" >-</td><td class="psp-align-right" style="color: rgb(51, 141, 205);">4</td><td class="psp-align-right" style="color: rgb(51, 141, 205);">957.58</td><td class="psp-align-right" >-</td><td class="psp-align-right" >-</td><td class="psp-align-right" >-</td><td class="psp-align-right">-</td><td class="psp-align-right">-</td><td class="psp-align-right">-</td><td class="psp-align-right">-</td><td class="psp-align-right">-</td><td class="psp-align-right">-</td><td class="psp-align-right">-</td></tr><tr><th class="psp-tree-leaf psp-align-left">North Carolina</th><td class="psp-align-right" >-</td><td class="psp-align-right" >-</td><td class="psp-align-right" >-</td><td class="psp-align-right" >-</td><td class="psp-align-right" >-</td><td class="psp-align-right" >-</td><td class="psp-align-right" >-</td><td class="psp-align-right" >-</td><td class="psp-align-right" >-</td><td class="psp-align-right" >-</td><td class="psp-align-right" >-</td><td class="psp-align-right" >-</td><td class="psp-align-right">-</td><td class="psp-align-right">-</td><td class="psp-align-right" style="color: rgb(51, 141, 205);">84</td><td class="psp-align-right" style="color: rgb(51, 141, 205);">200.98</td><td class="psp-align-right" >-</td><td class="psp-align-right">-</td></tr><tr><th class="psp-tree-leaf psp-align-left">Tennessee</th><td class="psp-align-right" >-</td><td class="psp-align-right" >-</td><td class="psp-align-right" style="color: rgb(51, 141, 205);">73</td><td class="psp-align-right" style="color: rgb(51, 141, 205);">831.94</td><td class="psp-align-right" style="color: rgb(51, 141, 205);">74</td><td class="psp-align-right" style="color: rgb(51, 141, 205);">97.04</td><td class="psp-align-right" >-</td><td class="psp-align-right" >-</td><td class="psp-align-right">-</td><td class="psp-align-right">-</td><td class="psp-align-right">-</td><td class="psp-align-right">-</td><td class="psp-align-right">-</td><td class="psp-align-right">-</td><td class="psp-align-right">-</td><td class="psp-align-right">-</td><td class="psp-align-right">-</td><td class="psp-align-right">-</td></tr><tr><th class="psp-align-left psp-tree-label psp-tree-label-collapse" colspan="2">East</th><td class="psp-align-right" style="color: rgb(51, 141, 205);">28</td><td class="psp-align-right" style="color: rgb(51, 141, 205);">3,083.43</td><td class="psp-align-right" style="color: rgb(51, 141, 205);">82</td><td class="psp-align-right" style="color: rgb(51, 141, 205);">390.78</td><td class="psp-align-right" style="color: rgb(51, 141, 205);">127</td><td class="psp-align-right" style="color: rgb(51, 141, 205);">220.73</td><td class="psp-align-right" >-</td><td class="psp-align-right" >-</td><td class="psp-align-right" >-</td><td class="psp-align-right" >-</td><td class="psp-align-right" style="color: rgb(51, 141, 205);">128</td><td class="psp-align-right" style="color: rgb(51, 141, 205);">103.74</td><td class="psp-align-right" style="color: rgb(51, 141, 205);">194</td><td class="psp-align-right" style="color: rgb(51, 141, 205);">69.57</td><td class="psp-align-right" style="color: rgb(51, 141, 205);">31</td><td class="psp-align-right" style="color: rgb(51, 141, 205);">3.26</td><td class="psp-align-right" style="color: rgb(51, 141, 205);">54</td><td class="psp-align-right" style="color: rgb(51, 141, 205);">15.26</td></tr><tr><th class="psp-align-left" rowspan="3"></th><th class="psp-tree-leaf psp-align-left">Delaware</th><td class="psp-align-right" >-</td><td class="psp-align-right" >-</td><td class="psp-align-right" >-</td><td class="psp-align-right" >-</td><td class="psp-align-right" >-</td><td class="psp-align-right" >-</td><td class="psp-align-right" >-</td><td class="psp-align-right" >-</td><td class="psp-align-right" >-</td><td class="psp-align-right" >-</td><td class="psp-align-right" >-</td><td class="psp-align-right" >-</td><td class="psp-align-right">-</td><td class="psp-align-right">-</td><td class="psp-align-right">-</td><td class="psp-align-right">-</td><td class="psp-align-right">-</td><td class="psp-align-right">-</td></tr><tr><th class="psp-tree-leaf psp-align-left">Pennsylvania</th><td class="psp-align-right" style="color: rgb(51, 141, 205);">28</td><td class="psp-align-right" style="color: rgb(51, 141, 205);">3,083.43</td><td class="psp-align-right" style="color: rgb(51, 141, 205);">24</td><td class="psp-align-right" style="color: rgb(51, 141, 205);">71.37</td><td class="psp-align-right" style="color: rgb(51, 141, 205);">30</td><td class="psp-align-right" style="color: rgb(51, 141, 205);">124.20</td><td class="psp-align-right" >-</td><td class="psp-align-right" >-</td><td class="psp-align-right">-</td><td class="psp-align-right" >-</td><td class="psp-align-right" style="color: rgb(51, 141, 205);">66</td><td class="psp-align-right" style="color: rgb(51, 141, 205);">102.06</td><td class="psp-align-right" style="color: rgb(51, 141, 205);">62</td><td class="psp-align-right" style="color: rgb(51, 141, 205);">16.48</td><td class="psp-align-right" style="color: rgb(51, 141, 205);">31</td><td class="psp-align-right" style="color: rgb(51, 141, 205);">3.26</td><td class="psp-align-right">-</td><td class="psp-align-right">-</td></tr><tr><th class="psp-tree-leaf psp-align-left">New York</th><td class="psp-align-right" >-</td><td class="psp-align-right" >-</td><td class="psp-align-right" style="color: rgb(51, 141, 205);">58</td><td class="psp-align-right" style="color: rgb(51, 141, 205);">319.41</td><td class="psp-align-right" style="color: rgb(51, 141, 205);">97</td><td class="psp-align-right" style="color: rgb(51, 141, 205);">96.53</td><td class="psp-align-right" >-</td><td class="psp-align-right" >-</td><td class="psp-align-right" >-</td><td class="psp-align-right" >-</td><td class="psp-align-right" style="color: rgb(51, 141, 205);">62</td><td class="psp-align-right" style="color: rgb(51, 141, 205);">1.68</td><td class="psp-align-right" style="color: rgb(51, 141, 205);">132</td><td class="psp-align-right" style="color: rgb(51, 141, 205);">53.10</td><td class="psp-align-right">-</td><td class="psp-align-right">-</td><td class="psp-align-right" style="color: rgb(51, 141, 205);">54</td><td class="psp-align-right" style="color: rgb(51, 141, 205);">15.26</td></tr><tr><th colspan="2" class="psp-tree-label psp-tree-label-collapse psp-align-left">West</th><td class="psp-align-right" >-</td><td class="psp-align-right" >-</td><td class="psp-align-right" >-</td><td class="psp-align-right" >-</td><td class="psp-align-right" style="color: rgb(51, 141, 205);">72</td><td class="psp-align-right" style="color: rgb(51, 141, 205);">128.62</td><td class="psp-align-right" style="color: rgb(51, 141, 205);">36</td><td class="psp-align-right" style="color: rgb(51, 141, 205);">2,750.81</td><td class="psp-align-right" style="color: rgb(51, 141, 205);">10</td><td class="psp-align-right" style="color: rgb(51, 141, 205);">114.90</td><td class="psp-align-right" style="color: rgb(51, 141, 205);">266</td><td class="psp-align-right" style="color: rgb(51, 141, 205);">1,163.86</td><td class="psp-align-right" style="color: rgb(51, 141, 205);">328</td><td class="psp-align-right" style="color: rgb(51, 141, 205);">543.67</td><td class="psp-align-right" >-</td><td class="psp-align-right" >-</td><td class="psp-align-right">-</td><td class="psp-align-right">-</td></tr><tr><th rowspan="5" class="psp-align-left"></th><th class="psp-tree-leaf psp-align-left">Oregon</th><td class="psp-align-right" >-</td><td class="psp-align-right" >-</td><td class="psp-align-right" >-</td><td class="psp-align-right" >-</td><td class="psp-align-right" >-</td><td class="psp-align-right" >-</td><td class="psp-align-right" >-</td><td class="psp-align-right" >-</td><td class="psp-align-right">-</td><td class="psp-align-right">-</td><td class="psp-align-right">-</td><td class="psp-align-right">-</td><td class="psp-align-right" style="color: rgb(51, 141, 205);">96</td><td class="psp-align-right" style="color: rgb(51, 141, 205);">5.68</td><td class="psp-align-right">-</td><td class="psp-align-right">-</td><td class="psp-align-right">-</td><td class="psp-align-right">-</td></tr><tr><th class="psp-tree-leaf psp-align-left">Washington</th><td class="psp-align-right" >-</td><td class="psp-align-right" >-</td><td class="psp-align-right" >-</td><td class="psp-align-right" >-</td><td class="psp-align-right" >-</td><td class="psp-align-right" >-</td><td class="psp-align-right" >-</td><td class="psp-align-right">-</td><td class="psp-align-right" >-</td><td class="psp-align-right" >-</td><td class="psp-align-right" >-</td><td class="psp-align-right">-</td><td class="psp-align-right" style="color: rgb(51, 141, 205);">14</td><td class="psp-align-right" style="color: rgb(51, 141, 205);">407.98</td><td class="psp-align-right" >-</td><td class="psp-align-right" >-</td><td class="psp-align-right">-</td><td class="psp-align-right">-</td></tr><tr><th class="psp-tree-leaf psp-align-left">Utah</th><td class="psp-align-right" >-</td><td class="psp-align-right" >-</td><td class="psp-align-right" >-</td><td class="psp-align-right" >-</td><td class="psp-align-right" >-</td><td class="psp-align-right" >-</td><td class="psp-align-right" style="color: rgb(51, 141, 205);">25</td><td class="psp-align-right" style="color: rgb(51, 141, 205);">1,044.63</td><td class="psp-align-right" >-</td><td class="psp-align-right" >-</td><td class="psp-align-right" >-</td><td class="psp-align-right">-</td><td class="psp-align-right" >-</td><td class="psp-align-right" >-</td><td class="psp-align-right" >-</td><td class="psp-align-right" >-</td><td class="psp-align-right">-</td><td class="psp-align-right">-</td></tr><tr><th class="psp-tree-leaf psp-align-left">Arizona</th><td class="psp-align-right" >-</td><td class="psp-align-right" >-</td><td class="psp-align-right" >-</td><td class="psp-align-right" >-</td><td class="psp-align-right" >-</td><td class="psp-align-right" >-</td><td class="psp-align-right" >-</td><td class="psp-align-right">-</td><td class="psp-align-right" >-</td><td class="psp-align-right" >-</td><td class="psp-align-right" style="color: rgb(51, 141, 205);">68</td><td class="psp-align-right" style="color: rgb(51, 141, 205);">1,113.02</td><td class="psp-align-right" >-</td><td class="psp-align-right" >-</td><td class="psp-align-right" >-</td><td class="psp-align-right" >-</td><td class="psp-align-right" >-</td><td class="psp-align-right">-</td></tr><tr><th class="psp-tree-leaf psp-align-left">California</th><td class="psp-align-right" >-</td><td class="psp-align-right" >-</td><td class="psp-align-right" >-</td><td class="psp-align-right" >-</td><td class="psp-align-right" style="color: rgb(51, 141, 205);">72</td><td class="psp-align-right" style="color: rgb(51, 141, 205);">128.62</td><td class="psp-align-right" style="color: rgb(51, 141, 205);">11</td><td class="psp-align-right" style="color: rgb(51, 141, 205);">1,706.18</td><td class="psp-align-right" style="color: rgb(51, 141, 205);">10</td><td class="psp-align-right" style="color: rgb(51, 141, 205);">114.90</td><td class="psp-align-right" style="color: rgb(51, 141, 205);">198</td><td class="psp-align-right" style="color: rgb(51, 141, 205);">50.84</td><td class="psp-align-right" style="color: rgb(51, 141, 205);">218</td><td class="psp-align-right" style="color: rgb(51, 141, 205);">130.01</td><td class="psp-align-right">-</td><td class="psp-align-right">-</td><td class="psp-align-right">-</td><td class="psp-align-right">-</td></tr><tr><th colspan="2" class="psp-tree-label psp-tree-label-collapse psp-align-left">Central</th><td class="psp-align-right" style="color: rgb(51, 141, 205);">39</td><td class="psp-align-right" style="color: rgb(51, 141, 205);">532.40</td><td class="psp-align-right" style="color: rgb(51, 141, 205);">160</td><td class="psp-align-right" style="color: rgb(51, 141, 205);">515.16</td><td class="psp-align-right" style="color: rgb(51, 141, 205);">339</td><td class="psp-align-right" style="color: rgb(51, 141, 205);">279.43</td><td class="psp-align-right" >-</td><td class="psp-align-right" >-</td><td class="psp-align-right" style="color: rgb(51, 141, 205);">137</td><td class="psp-align-right" style="color: rgb(51, 141, 205);">207.03</td><td class="psp-align-right" style="color: rgb(51, 141, 205);">22</td><td class="psp-align-right" style="color: rgb(51, 141, 205);">19.46</td><td class="psp-align-right" style="color: rgb(51, 141, 205);">283</td><td class="psp-align-right" style="color: rgb(51, 141, 205);">92.43</td><td class="psp-align-right" style="color: rgb(51, 141, 205);">38</td><td class="psp-align-right" style="color: rgb(51, 141, 205);">113.33</td><td class="psp-align-right" >-</td><td class="psp-align-right">-</td></tr><tr><th rowspan="7" class="psp-align-left"></th><th class="psp-tree-leaf psp-align-left">Wisconsin</th><td class="psp-align-right" >-</td><td class="psp-align-right" >-</td><td class="psp-align-right" >-</td><td class="psp-align-right" >-</td><td class="psp-align-right" >-</td><td class="psp-align-right" >-</td><td class="psp-align-right" >-</td><td class="psp-align-right">-</td><td class="psp-align-right">-</td><td class="psp-align-right">-</td><td class="psp-align-right" >-</td><td class="psp-align-right" >-</td><td class="psp-align-right" >-</td><td class="psp-align-right" >-</td><td class="psp-align-right" >-</td><td class="psp-align-right" >-</td><td class="psp-align-right">-</td><td class="psp-align-right">-</td></tr><tr><th class="psp-tree-leaf psp-align-left">Michigan</th><td class="psp-align-right">-</td><td class="psp-align-right">-</td><td class="psp-align-right">-</td><td class="psp-align-right" >-</td><td class="psp-align-right" >-</td><td class="psp-align-right" >-</td><td class="psp-align-right" >-</td><td class="psp-align-right" >-</td><td class="psp-align-right" >-</td><td class="psp-align-right" >-</td><td class="psp-align-right" >-</td><td class="psp-align-right" >-</td><td class="psp-align-right" >-</td><td class="psp-align-right" >-</td><td class="psp-align-right" >-</td><td class="psp-align-right" >-</td><td class="psp-align-right">-</td><td class="psp-align-right">-</td></tr><tr><th class="psp-tree-leaf psp-align-left">Illinois</th><td class="psp-align-right">-</td><td class="psp-align-right">-</td><td class="psp-align-right" style="color: rgb(51, 141, 205);">67</td><td class="psp-align-right" style="color: rgb(51, 141, 205);">213.12</td><td class="psp-align-right" >-</td><td class="psp-align-right" >-</td><td class="psp-align-right" >-</td><td class="psp-align-right">-</td><td class="psp-align-right">-</td><td class="psp-align-right">-</td><td class="psp-align-right">-</td><td class="psp-align-right">-</td><td class="psp-align-right" >-</td><td class="psp-align-right" >-</td><td class="psp-align-right">-</td><td class="psp-align-right">-</td><td class="psp-align-right">-</td><td class="psp-align-right">-</td></tr><tr><th class="psp-tree-leaf psp-align-left">Nebraska</th><td class="psp-align-right">-</td><td class="psp-align-right">-</td><td class="psp-align-right">-</td><td class="psp-align-right">-</td><td class="psp-align-right">-</td><td class="psp-align-right">-</td><td class="psp-align-right">-</td><td class="psp-align-right">-</td><td class="psp-align-right" style="color: rgb(51, 141, 205);">23</td><td class="psp-align-right" style="color: rgb(51, 141, 205);">60.34</td><td class="psp-align-right" style="color: rgb(51, 141, 205);">22</td><td class="psp-align-right" style="color: rgb(51, 141, 205);">19.46</td><td class="psp-align-right" >-</td><td class="psp-align-right" >-</td><td class="psp-align-right" >-</td><td class="psp-align-right" >-</td><td class="psp-align-right">-</td><td class="psp-align-right">-</td></tr><tr><th class="psp-tree-leaf psp-align-left">Indiana</th><td class="psp-align-right">-</td><td class="psp-align-right">-</td><td class="psp-align-right" style="color: rgb(51, 141, 205);">53</td><td class="psp-align-right" style="color: rgb(51, 141, 205);">89.99</td><td class="psp-align-right" style="color: rgb(51, 141, 205);">52</td><td class="psp-align-right" style="color: rgb(51, 141, 205);">6.16</td><td class="psp-align-right" >-</td><td class="psp-align-right" >-</td><td class="psp-align-right">-</td><td class="psp-align-right">-</td><td class="psp-align-right">-</td><td class="psp-align-right">-</td><td class="psp-align-right" style="color: rgb(51, 141, 205);">50</td><td class="psp-align-right" style="color: rgb(51, 141, 205);">38.22</td><td class="psp-align-right">-</td><td class="psp-align-right">-</td><td class="psp-align-right">-</td><td class="psp-align-right">-</td></tr><tr><th class="psp-tree-leaf psp-align-left">Minnesota</th><td class="psp-align-right">-</td><td class="psp-align-right">-</td><td class="psp-align-right">-</td><td class="psp-align-right">-</td><td class="psp-align-right" style="color: rgb(51, 141, 205);">94</td><td class="psp-align-right" style="color: rgb(51, 141, 205);">53.34</td><td class="psp-align-right">-</td><td class="psp-align-right">-</td><td class="psp-align-right" style="color: rgb(51, 141, 205);">99</td><td class="psp-align-right" style="color: rgb(51, 141, 205);">77.88</td><td class="psp-align-right" >-</td><td class="psp-align-right" >-</td><td class="psp-align-right" style="color: rgb(51, 141, 205);">141</td><td class="psp-align-right" style="color: rgb(51, 141, 205);">50.42</td><td class="psp-align-right" >-</td><td class="psp-align-right" >-</td><td class="psp-align-right">-</td><td class="psp-align-right">-</td></tr><tr><th class="psp-tree-leaf psp-align-left">Texas</th><td class="psp-align-right" style="color: rgb(51, 141, 205);">39</td><td class="psp-align-right" style="color: rgb(51, 141, 205);">532.40</td><td class="psp-align-right" style="color: rgb(51, 141, 205);">40</td><td class="psp-align-right" style="color: rgb(51, 141, 205);">212.06</td><td class="psp-align-right" style="color: rgb(51, 141, 205);">193</td><td class="psp-align-right" style="color: rgb(51, 141, 205);">219.93</td><td class="psp-align-right" >-</td><td class="psp-align-right" >-</td><td class="psp-align-right" style="color: rgb(51, 141, 205);">15</td><td class="psp-align-right" style="color: rgb(51, 141, 205);">68.81</td><td class="psp-align-right" >-</td><td class="psp-align-right" >-</td><td class="psp-align-right" style="color: rgb(51, 141, 205);">92</td><td class="psp-align-right" style="color: rgb(51, 141, 205);">3.79</td><td class="psp-align-right" style="color: rgb(51, 141, 205);">38</td><td class="psp-align-right" style="color: rgb(51, 141, 205);">113.33</td><td class="psp-align-right">-</td><td class="psp-align-right">-</td></tr></tbody> </table> 