 <table cellspacing="0"> <thead><tr><th class="rt-group-corner psp-header-group-corner psp-header-corner psp-header-group psp-header-border psp-is-top" style="min-width: 0px;" colspan="3"><span></span><span class="rt-column-resize"></span></th><th class="psp-header-corner psp-header-group psp-header-border psp-is-top" style="min-width: 0px;" colspan="8"><span>Furniture</span><span class="rt-column-resize"></span></th><th class="psp-header-border psp-header-corner psp-header-group psp-is-top" style="min-width: 0px;" colspan="9"><span>Office Supplies</span><span class="rt-column-resize"></span></th></tr><tr><th class="rt-group-corner psp-header-group-corner psp-header-corner psp-header-group psp-header-border" style="min-width: 0px;" colspan="3"><span></span><span class="rt-column-resize"></span></th><th class="psp-header-corner psp-header-border psp-header-group psp-is-top" style="min-width: 0px;" colspan="2"><span>Bookcases</span><span class="rt-column-resize"></span></th><th class="psp-menu-enabled psp-header-group psp-header-border psp-is-top" style="min-width: 0px;" colspan="2"><span>Chairs</span><span class="rt-column-resize"></span></th><th class="psp-menu-enabled psp-header-group psp-header-border psp-is-top" style="min-width: 0px;" colspan="2"><span>Furnishings</span><span class="rt-column-resize"></span></th><th class="psp-menu-enabled psp-header-group psp-header-border" style="min-width: 0px;" colspan="2"><span>Tables</span><span class="rt-column-resize"></span></th><th class="psp-menu-enabled psp-header-border psp-header-group psp-is-top" style="min-width: 0px;" colspan="2"><span>Appliances</span><span class="rt-column-resize"></span></th><th colspan="2" class="psp-header-group psp-header-border psp-is-top" style="min-width: 0px;"><span>Art</span><span class="rt-column-resize"></span></th><th colspan="2" class="psp-header-group psp-header-border psp-is-top" style="min-width: 0px;"><span>Binders</span><span class="rt-column-resize"></span></th><th colspan="2" class="psp-header-group psp-header-border psp-is-top" style="min-width: 0px;"><span>Envelopes</span><span class="rt-column-resize"></span></th><th class="psp-header-group psp-header-border psp-is-top" style="min-width: 0px;"><span>Fasteners</span><span class="rt-column-resize"></span></th></tr><tr><th class="rt-group-corner psp-header-group-corner psp-header-corner psp-header-leaf psp-align-left" style="min-width: 20px;"><span></span><span class="rt-column-resize"></span></th><th class="rt-group-corner psp-header-group-corner psp-header-corner psp-header-leaf psp-align-left" style="min-width: 20px;"><span></span><span class="rt-column-resize"></span></th><th class="rt-group-corner psp-header-border psp-header-group-corner psp-header-corner psp-header-leaf psp-align-left" style="min-width: 109.383px;"><span></span><span class="rt-column-resize"></span></th><th class="psp-menu-enabled psp-header-leaf psp-align-right" style="min-width: 52px;"><span>Row ID</span><span class="rt-column-resize"></span></th><th class="psp-menu-enabled psp-header-border psp-header-leaf psp-align-right" style="min-width: 54.6953px;"><span>Quantity</span><span class="rt-column-resize"></span></th><th class="psp-menu-enabled psp-header-leaf psp-align-right" style="min-width: 52px;"><span>Row ID</span><span class="rt-column-resize"></span></th><th class="psp-header-border psp-menu-enabled psp-header-leaf psp-align-right" style="min-width: 54.6953px;"><span>Quantity</span><span class="rt-column-resize"></span></th><th class="psp-menu-enabled psp-header-leaf psp-align-right" style="min-width: 52px;"><span>Row ID</span><span class="rt-column-resize"></span></th><th class="psp-menu-enabled psp-header-border psp-header-leaf psp-align-right" style="min-width: 54.6953px;"><span>Quantity</span><span class="rt-column-resize"></span></th><th class="psp-menu-enabled psp-header-leaf psp-align-right" style="min-width: 52px;"><span>Row ID</span><span class="rt-column-resize"></span></th><th class="psp-header-border psp-menu-enabled psp-header-leaf psp-align-right" style="min-width: 54.6953px;"><span>Quantity</span><span class="rt-column-resize"></span></th><th class="psp-menu-enabled psp-header-leaf psp-align-right" style="min-width: 52px;"><span>Row ID</span><span class="rt-column-resize"></span></th><th class="psp-menu-enabled psp-header-border psp-header-leaf psp-align-right" style="min-width: 54.6953px;"><span>Quantity</span><span class="rt-column-resize"></span></th><th class="psp-menu-enabled psp-header-leaf psp-align-right" style="min-width: 52px;"><span>Row ID</span><span class="rt-column-resize"></span></th><th class="psp-header-border psp-menu-enabled psp-header-leaf psp-align-right" style="min-width: 54.6953px;"><span>Quantity</span><span class="rt-column-resize"></span></th><th class="psp-menu-enabled psp-header-leaf psp-align-right" style="min-width: 52px;"><span>Row ID</span><span class="rt-column-resize"></span></th><th class="psp-menu-enabled psp-header-border psp-header-leaf psp-align-right" style="min-width: 54.6953px;"><span>Quantity</span><span class="rt-column-resize"></span></th><th class="psp-menu-enabled psp-header-leaf psp-align-right" style="min-width: 52px;"><span>Row ID</span><span class="rt-column-resize"></span></th><th class="psp-header-border psp-menu-enabled psp-header-leaf psp-align-right" style="min-width: 54.6953px;"><span>Quantity</span><span class="rt-column-resize"></span></th><th class="psp-menu-enabled psp-header-leaf psp-align-right" style="min-width: 52px;"><span>Row ID</span><span class="rt-column-resize"></span></th></tr></thead> <tbody><tr><th class="psp-tree-label psp-tree-label-collapse psp-align-left" colspan="3">TOTAL</th><td class="psp-align-right" style="color: rgb(51, 141, 205);">68</td><td class="psp-align-right" style="color: rgb(51, 141, 205);">12</td><td class="psp-align-right" style="color: rgb(51, 141, 205);">403</td><td class="psp-align-right" style="color: rgb(51, 141, 205);">29</td><td class="psp-align-right" style="color: rgb(51, 141, 205);">612</td><td class="psp-align-right" style="color: rgb(51, 141, 205);">41</td><td class="psp-align-right" style="color: rgb(51, 141, 205);">40</td><td class="psp-align-right" style="color: rgb(51, 141, 205);">17</td><td class="psp-align-right" style="color: rgb(51, 141, 205);">227</td><td class="psp-align-right" style="color: rgb(51, 141, 205);">24</td><td class="psp-align-right" style="color: rgb(51, 141, 205);">416</td><td class="psp-align-right" style="color: rgb(51, 141, 205);">38</td><td class="psp-align-right" style="color: rgb(51, 141, 205);">886</td><td class="psp-align-right" style="color: rgb(51, 141, 205);">54</td><td class="psp-align-right" style="color: rgb(51, 141, 205);">153</td><td class="psp-align-right" style="color: rgb(51, 141, 205);">18</td><td class="psp-align-right" style="color: rgb(51, 141, 205);">54</td></tr><tr><th class="psp-align-left" rowspan="26"></th><th class="psp-align-left psp-tree-label psp-tree-label-collapse" colspan="2">South</th><td class="psp-align-right" style="color: rgb(51, 141, 205);">1</td><td class="psp-align-right" style="color: rgb(51, 141, 205);">2</td><td class="psp-align-right" style="color: rgb(51, 141, 205);">161</td><td class="psp-align-right" style="color: rgb(51, 141, 205);">13</td><td class="psp-align-right" style="color: rgb(51, 141, 205);">74</td><td class="psp-align-right" style="color: rgb(51, 141, 205);">2</td><td class="psp-align-right" style="color: rgb(51, 141, 205);">4</td><td class="psp-align-right" style="color: rgb(51, 141, 205);">5</td><td class="psp-align-right" style="color: rgb(51, 141, 205);">80</td><td class="psp-align-right" style="color: rgb(51, 141, 205);">1</td><td class="psp-align-right" style="">-</td><td class="psp-align-right" style="">-</td><td class="psp-align-right" style="color: rgb(51, 141, 205);">81</td><td class="psp-align-right" style="color: rgb(51, 141, 205);">3</td><td class="psp-align-right" style="color: rgb(51, 141, 205);">84</td><td class="psp-align-right" style="color: rgb(51, 141, 205);">7</td><td class="psp-align-right" style="">-</td></tr><tr><th class="psp-align-left" rowspan="7"></th><th class="psp-tree-leaf psp-align-left">Virginia</th><td class="psp-align-right" style="">-</td><td class="psp-align-right" style="">-</td><td class="psp-align-right" style="">-</td><td class="psp-align-right" style="">-</td><td class="psp-align-right" style="">-</td><td class="psp-align-right" style="">-</td><td class="psp-align-right" style="">-</td><td class="psp-align-right" style="">-</td><td class="psp-align-right" style="">-</td><td class="psp-align-right" style="">-</td><td class="psp-align-right" style="">-</td><td class="psp-align-right">-</td><td class="psp-align-right">-</td><td class="psp-align-right">-</td><td class="psp-align-right">-</td><td class="psp-align-right">-</td><td class="psp-align-right">-</td></tr><tr><th class="psp-tree-leaf psp-align-left">North Carolina</th><td class="psp-align-right" style="">-</td><td class="psp-align-right" style="">-</td><td class="psp-align-right" style="">-</td><td class="psp-align-right" style="">-</td><td class="psp-align-right" style="">-</td><td class="psp-align-right" style="">-</td><td class="psp-align-right" style="">-</td><td class="psp-align-right" style="">-</td><td class="psp-align-right" style="">-</td><td class="psp-align-right" style="">-</td><td class="psp-align-right" style="">-</td><td class="psp-align-right" style="">-</td><td class="psp-align-right">-</td><td class="psp-align-right">-</td><td class="psp-align-right" style="color: rgb(51, 141, 205);">84</td><td class="psp-align-right" style="color: rgb(51, 141, 205);">7</td><td class="psp-align-right">-</td></tr><tr><th class="psp-tree-leaf psp-align-left">Alabama</th><td class="psp-align-right" style="">-</td><td class="psp-align-right" style="">-</td><td class="psp-align-right" style="">-</td><td class="psp-align-right" style="">-</td><td class="psp-align-right">-</td><td class="psp-align-right">-</td><td class="psp-align-right">-</td><td class="psp-align-right">-</td><td class="psp-align-right" style="color: rgb(51, 141, 205);">80</td><td class="psp-align-right" style="color: rgb(51, 141, 205);">1</td><td class="psp-align-right" style="">-</td><td class="psp-align-right">-</td><td class="psp-align-right" style="color: rgb(51, 141, 205);">81</td><td class="psp-align-right" style="color: rgb(51, 141, 205);">3</td><td class="psp-align-right">-</td><td class="psp-align-right">-</td><td class="psp-align-right">-</td></tr><tr><th class="psp-tree-leaf psp-align-left">South Carolina</th><td class="psp-align-right" style="">-</td><td class="psp-align-right" style="">-</td><td class="psp-align-right" style="color: rgb(51, 141, 205);">86</td><td class="psp-align-right" style="color: rgb(51, 141, 205);">2</td><td class="psp-align-right" style="">-</td><td class="psp-align-right" style="">-</td><td class="psp-align-right" style="">-</td><td class="psp-align-right">-</td><td class="psp-align-right">-</td><td class="psp-align-right" style="">-</td><td class="psp-align-right" style="">-</td><td class="psp-align-right" style="">-</td><td class="psp-align-right">-</td><td class="psp-align-right">-</td><td class="psp-align-right">-</td><td class="psp-align-right">-</td><td class="psp-align-right">-</td></tr><tr><th class="psp-tree-leaf psp-align-left">Kentucky</th><td class="psp-align-right" style="color: rgb(51, 141, 205);">1</td><td class="psp-align-right" style="color: rgb(51, 141, 205);">2</td><td class="psp-align-right" style="color: rgb(51, 141, 205);">2</td><td class="psp-align-right" style="color: rgb(51, 141, 205);">3</td><td class="psp-align-right" style="">-</td><td class="psp-align-right" style="">-</td><td class="psp-align-right" style="">-</td><td class="psp-align-right" style="">-</td><td class="psp-align-right" style="">-</td><td class="psp-align-right" style="">-</td><td class="psp-align-right" style="">-</td><td class="psp-align-right">-</td><td class="psp-align-right">-</td><td class="psp-align-right">-</td><td class="psp-align-right">-</td><td class="psp-align-right">-</td><td class="psp-align-right">-</td></tr><tr><th class="psp-tree-leaf psp-align-left">Tennessee</th><td class="psp-align-right" style="">-</td><td class="psp-align-right" style="">-</td><td class="psp-align-right" style="color: rgb(51, 141, 205);">73</td><td class="psp-align-right" style="color: rgb(51, 141, 205);">8</td><td class="psp-align-right" style="color: rgb(51, 141, 205);">74</td><td class="psp-align-right" style="color: rgb(51, 141, 205);">2</td><td class="psp-align-right" style="">-</td><td class="psp-align-right" style="">-</td><td class="psp-align-right" style="">-</td><td class="psp-align-right" style="">-</td><td class="psp-align-right" style="">-</td><td class="psp-align-right" style="">-</td><td class="psp-align-right">-</td><td class="psp-align-right">-</td><td class="psp-align-right">-</td><td class="psp-align-right">-</td><td class="psp-align-right" style="">-</td></tr><tr><th class="psp-tree-leaf psp-align-left">Florida</th><td class="psp-align-right" style="">-</td><td class="psp-align-right" style="">-</td><td class="psp-align-right" style="">-</td><td class="psp-align-right" style="">-</td><td class="psp-align-right" style="">-</td><td class="psp-align-right" style="">-</td><td class="psp-align-right" style="color: rgb(51, 141, 205);">4</td><td class="psp-align-right" style="color: rgb(51, 141, 205);">5</td><td class="psp-align-right">-</td><td class="psp-align-right">-</td><td class="psp-align-right">-</td><td class="psp-align-right">-</td><td class="psp-align-right">-</td><td class="psp-align-right">-</td><td class="psp-align-right">-</td><td class="psp-align-right">-</td><td class="psp-align-right">-</td></tr><tr><th class="psp-align-left psp-tree-label psp-tree-label-collapse" colspan="2">Central</th><td class="psp-align-right" style="color: rgb(51, 141, 205);">39</td><td class="psp-align-right" style="color: rgb(51, 141, 205);">3</td><td class="psp-align-right" style="color: rgb(51, 141, 205);">160</td><td class="psp-align-right" style="color: rgb(51, 141, 205);">9</td><td class="psp-align-right" style="color: rgb(51, 141, 205);">339</td><td class="psp-align-right" style="color: rgb(51, 141, 205);">18</td><td class="psp-align-right" style="">-</td><td class="psp-align-right" style="">-</td><td class="psp-align-right" style="color: rgb(51, 141, 205);">137</td><td class="psp-align-right" style="color: rgb(51, 141, 205);">18</td><td class="psp-align-right" style="color: rgb(51, 141, 205);">22</td><td class="psp-align-right" style="color: rgb(51, 141, 205);">7</td><td class="psp-align-right" style="color: rgb(51, 141, 205);">283</td><td class="psp-align-right" style="color: rgb(51, 141, 205);">16</td><td class="psp-align-right" style="color: rgb(51, 141, 205);">38</td><td class="psp-align-right" style="color: rgb(51, 141, 205);">9</td><td class="psp-align-right">-</td></tr><tr><th class="psp-align-left" rowspan="7"></th><th class="psp-tree-leaf psp-align-left">Nebraska</th><td class="psp-align-right" style="">-</td><td class="psp-align-right" style="">-</td><td class="psp-align-right" style="">-</td><td class="psp-align-right" style="">-</td><td class="psp-align-right" style="">-</td><td class="psp-align-right" style="">-</td><td class="psp-align-right" style="">-</td><td class="psp-align-right" style="">-</td><td class="psp-align-right" style="color: rgb(51, 141, 205);">23</td><td class="psp-align-right" style="color: rgb(51, 141, 205);">7</td><td class="psp-align-right" style="color: rgb(51, 141, 205);">22</td><td class="psp-align-right" style="color: rgb(51, 141, 205);">7</td><td class="psp-align-right">-</td><td class="psp-align-right">-</td><td class="psp-align-right">-</td><td class="psp-align-right">-</td><td class="psp-align-right">-</td></tr><tr><th class="psp-tree-leaf psp-align-left">Indiana</th><td class="psp-align-right" style="">-</td><td class="psp-align-right" style="">-</td><td class="psp-align-right" style="color: rgb(51, 141, 205);">53</td><td class="psp-align-right" style="color: rgb(51, 141, 205);">1</td><td class="psp-align-right" style="color: rgb(51, 141, 205);">52</td><td class="psp-align-right" style="color: rgb(51, 141, 205);">2</td><td class="psp-align-right" style="">-</td><td class="psp-align-right" style="">-</td><td class="psp-align-right">-</td><td class="psp-align-right" style="">-</td><td class="psp-align-right" style="">-</td><td class="psp-align-right" style="">-</td><td class="psp-align-right" style="color: rgb(51, 141, 205);">50</td><td class="psp-align-right" style="color: rgb(51, 141, 205);">6</td><td class="psp-align-right">-</td><td class="psp-align-right">-</td><td class="psp-align-right">-</td></tr><tr><th class="psp-tree-leaf psp-align-left">Michigan</th><td class="psp-align-right" style="">-</td><td class="psp-align-right" style="">-</td><td class="psp-align-right" style="">-</td><td class="psp-align-right" style="">-</td><td class="psp-align-right" style="">-</td><td class="psp-align-right" style="">-</td><td class="psp-align-right" style="">-</td><td class="psp-align-right" style="">-</td><td class="psp-align-right" style="">-</td><td class="psp-align-right" style="">-</td><td class="psp-align-right" style="">-</td><td class="psp-align-right" style="">-</td><td class="psp-align-right">-</td><td class="psp-align-right">-</td><td class="psp-align-right">-</td><td class="psp-align-right">-</td><td class="psp-align-right">-</td></tr><tr><th class="psp-tree-leaf psp-align-left">Minnesota</th><td class="psp-align-right" style="">-</td><td class="psp-align-right" style="">-</td><td class="psp-align-right" style="">-</td><td class="psp-align-right" style="">-</td><td class="psp-align-right" style="color: rgb(51, 141, 205);">94</td><td class="psp-align-right" style="color: rgb(51, 141, 205);">3</td><td class="psp-align-right" style="">-</td><td class="psp-align-right" style="">-</td><td class="psp-align-right" style="color: rgb(51, 141, 205);">99</td><td class="psp-align-right" style="color: rgb(51, 141, 205);">6</td><td class="psp-align-right" style="">-</td><td class="psp-align-right" style="">-</td><td class="psp-align-right" style="color: rgb(51, 141, 205);">141</td><td class="psp-align-right" style="color: rgb(51, 141, 205);">4</td><td class="psp-align-right" style="">-</td><td class="psp-align-right" style="">-</td><td class="psp-align-right">-</td></tr><tr><th class="psp-tree-leaf psp-align-left">Illinois</th><td class="psp-align-right" style="">-</td><td class="psp-align-right" style="">-</td><td class="psp-align-right" style="color: rgb(51, 141, 205);">67</td><td class="psp-align-right" style="color: rgb(51, 141, 205);">5</td><td class="psp-align-right" style="">-</td><td class="psp-align-right" style="">-</td><td class="psp-align-right" style="">-</td><td class="psp-align-right" style="">-</td><td class="psp-align-right">-</td><td class="psp-align-right">-</td><td class="psp-align-right">-</td><td class="psp-align-right">-</td><td class="psp-align-right">-</td><td class="psp-align-right">-</td><td class="psp-align-right">-</td><td class="psp-align-right">-</td><td class="psp-align-right">-</td></tr><tr><th class="psp-tree-leaf psp-align-left">Wisconsin</th><td class="psp-align-right" style="">-</td><td class="psp-align-right" style="">-</td><td class="psp-align-right" style="">-</td><td class="psp-align-right" style="">-</td><td class="psp-align-right" style="">-</td><td class="psp-align-right" style="">-</td><td class="psp-align-right" style="">-</td><td class="psp-align-right">-</td><td class="psp-align-right" style="">-</td><td class="psp-align-right" style="">-</td><td class="psp-align-right" style="">-</td><td class="psp-align-right">-</td><td class="psp-align-right" style="">-</td><td class="psp-align-right" style="">-</td><td class="psp-align-right" style="">-</td><td class="psp-align-right" style="">-</td><td class="psp-align-right">-</td></tr><tr><th class="psp-tree-leaf psp-align-left">Texas</th><td class="psp-align-right" style="color: rgb(51, 141, 205);">39</td><td class="psp-align-right" style="color: rgb(51, 141, 205);">3</td><td class="psp-align-right" style="color: rgb(51, 141, 205);">40</td><td class="psp-align-right" style="color: rgb(51, 141, 205);">3</td><td class="psp-align-right" style="color: rgb(51, 141, 205);">193</td><td class="psp-align-right" style="color: rgb(51, 141, 205);">13</td><td class="psp-align-right" style="">-</td><td class="psp-align-right" style="">-</td><td class="psp-align-right" style="color: rgb(51, 141, 205);">15</td><td class="psp-align-right" style="color: rgb(51, 141, 205);">5</td><td class="psp-align-right" style="">-</td><td class="psp-align-right">-</td><td class="psp-align-right" style="color: rgb(51, 141, 205);">92</td><td class="psp-align-right" style="color: rgb(51, 141, 205);">6</td><td class="psp-align-right" style="color: rgb(51, 141, 205);">38</td><td class="psp-align-right" style="color: rgb(51, 141, 205);">9</td><td class="psp-align-right">-</td></tr><tr><th colspan="2" class="psp-tree-label psp-tree-label-collapse psp-align-left">East</th><td class="psp-align-right" style="color: rgb(51, 141, 205);">28</td><td class="psp-align-right" style="color: rgb(51, 141, 205);">7</td><td class="psp-align-right" style="color: rgb(51, 141, 205);">82</td><td class="psp-align-right" style="color: rgb(51, 141, 205);">7</td><td class="psp-align-right" style="color: rgb(51, 141, 205);">127</td><td class="psp-align-right" style="color: rgb(51, 141, 205);">10</td><td class="psp-align-right" style="">-</td><td class="psp-align-right">-</td><td class="psp-align-right" style="">-</td><td class="psp-align-right" style="">-</td><td class="psp-align-right" style="color: rgb(51, 141, 205);">128</td><td class="psp-align-right" style="color: rgb(51, 141, 205);">9</td><td class="psp-align-right" style="color: rgb(51, 141, 205);">194</td><td class="psp-align-right" style="color: rgb(51, 141, 205);">13</td><td class="psp-align-right" style="color: rgb(51, 141, 205);">31</td><td class="psp-align-right" style="color: rgb(51, 141, 205);">2</td><td class="psp-align-right" style="color: rgb(51, 141, 205);">54</td></tr><tr><th rowspan="3" class="psp-align-left"></th><th class="psp-tree-leaf psp-align-left">Delaware</th><td class="psp-align-right" style="">-</td><td class="psp-align-right" style="">-</td><td class="psp-align-right" style="">-</td><td class="psp-align-right" style="">-</td><td class="psp-align-right" style="">-</td><td class="psp-align-right" style="">-</td><td class="psp-align-right" style="">-</td><td class="psp-align-right" style="">-</td><td class="psp-align-right" style="">-</td><td class="psp-align-right" style="">-</td><td class="psp-align-right" style="">-</td><td class="psp-align-right">-</td><td class="psp-align-right">-</td><td class="psp-align-right">-</td><td class="psp-align-right">-</td><td class="psp-align-right">-</td><td class="psp-align-right">-</td></tr><tr><th class="psp-tree-leaf psp-align-left">New York</th><td class="psp-align-right" style="">-</td><td class="psp-align-right" style="">-</td><td class="psp-align-right" style="color: rgb(51, 141, 205);">58</td><td class="psp-align-right" style="color: rgb(51, 141, 205);">5</td><td class="psp-align-right" style="color: rgb(51, 141, 205);">97</td><td class="psp-align-right" style="color: rgb(51, 141, 205);">7</td><td class="psp-align-right" style="">-</td><td class="psp-align-right" style="">-</td><td class="psp-align-right" style="">-</td><td class="psp-align-right" style="">-</td><td class="psp-align-right" style="color: rgb(51, 141, 205);">62</td><td class="psp-align-right" style="color: rgb(51, 141, 205);">1</td><td class="psp-align-right" style="color: rgb(51, 141, 205);">132</td><td class="psp-align-right" style="color: rgb(51, 141, 205);">5</td><td class="psp-align-right">-</td><td class="psp-align-right">-</td><td class="psp-align-right" style="color: rgb(51, 141, 205);">54</td></tr><tr><th class="psp-tree-leaf psp-align-left">Pennsylvania</th><td class="psp-align-right" style="color: rgb(51, 141, 205);">28</td><td class="psp-align-right" style="color: rgb(51, 141, 205);">7</td><td class="psp-align-right" style="color: rgb(51, 141, 205);">24</td><td class="psp-align-right" style="color: rgb(51, 141, 205);">2</td><td class="psp-align-right" style="color: rgb(51, 141, 205);">30</td><td class="psp-align-right" style="color: rgb(51, 141, 205);">3</td><td class="psp-align-right" style="">-</td><td class="psp-align-right">-</td><td class="psp-align-right">-</td><td class="psp-align-right">-</td><td class="psp-align-right" style="color: rgb(51, 141, 205);">66</td><td class="psp-align-right" style="color: rgb(51, 141, 205);">8</td><td class="psp-align-right" style="color: rgb(51, 141, 205);">62</td><td class="psp-align-right" style="color: rgb(51, 141, 205);">8</td><td class="psp-align-right" style="color: rgb(51, 141, 205);">31</td><td class="psp-align-right" style="color: rgb(51, 141, 205);">2</td><td class="psp-align-right">-</td></tr><tr><th class="psp-align-left psp-tree-label psp-tree-label-collapse" colspan="2">West</th><td class="psp-align-right">-</td><td class="psp-align-right">-</td><td class="psp-align-right">-</td><td class="psp-align-right" style="">-</td><td class="psp-align-right" style="color: rgb(51, 141, 205);">72</td><td class="psp-align-right" style="color: rgb(51, 141, 205);">11</td><td class="psp-align-right" style="color: rgb(51, 141, 205);">36</td><td class="psp-align-right" style="color: rgb(51, 141, 205);">12</td><td class="psp-align-right" style="color: rgb(51, 141, 205);">10</td><td class="psp-align-right" style="color: rgb(51, 141, 205);">5</td><td class="psp-align-right" style="color: rgb(51, 141, 205);">266</td><td class="psp-align-right" style="color: rgb(51, 141, 205);">22</td><td class="psp-align-right" style="color: rgb(51, 141, 205);">328</td><td class="psp-align-right" style="color: rgb(51, 141, 205);">22</td><td class="psp-align-right" style="">-</td><td class="psp-align-right" style="">-</td><td class="psp-align-right">-</td></tr><tr><th class="psp-align-left" rowspan="5"></th><th class="psp-tree-leaf psp-align-left">Oregon</th><td class="psp-align-right">-</td><td class="psp-align-right">-</td><td class="psp-align-right">-</td><td class="psp-align-right">-</td><td class="psp-align-right" style="">-</td><td class="psp-align-right" style="">-</td><td class="psp-align-right" style="">-</td><td class="psp-align-right">-</td><td class="psp-align-right">-</td><td class="psp-align-right">-</td><td class="psp-align-right">-</td><td class="psp-align-right">-</td><td class="psp-align-right" style="color: rgb(51, 141, 205);">96</td><td class="psp-align-right" style="color: rgb(51, 141, 205);">1</td><td class="psp-align-right">-</td><td class="psp-align-right">-</td><td class="psp-align-right">-</td></tr><tr><th class="psp-tree-leaf psp-align-left">Washington</th><td class="psp-align-right">-</td><td class="psp-align-right">-</td><td class="psp-align-right">-</td><td class="psp-align-right">-</td><td class="psp-align-right">-</td><td class="psp-align-right">-</td><td class="psp-align-right">-</td><td class="psp-align-right">-</td><td class="psp-align-right">-</td><td class="psp-align-right" style="">-</td><td class="psp-align-right" style="">-</td><td class="psp-align-right" style="">-</td><td class="psp-align-right" style="color: rgb(51, 141, 205);">14</td><td class="psp-align-right" style="color: rgb(51, 141, 205);">3</td><td class="psp-align-right" style="">-</td><td class="psp-align-right" style="">-</td><td class="psp-align-right">-</td></tr><tr><th class="psp-tree-leaf psp-align-left">Utah</th><td class="psp-align-right">-</td><td class="psp-align-right">-</td><td class="psp-align-right">-</td><td class="psp-align-right">-</td><td class="psp-align-right">-</td><td class="psp-align-right">-</td><td class="psp-align-right" style="color: rgb(51, 141, 205);">25</td><td class="psp-align-right" style="color: rgb(51, 141, 205);">3</td><td class="psp-align-right">-</td><td class="psp-align-right">-</td><td class="psp-align-right">-</td><td class="psp-align-right">-</td><td class="psp-align-right">-</td><td class="psp-align-right">-</td><td class="psp-align-right">-</td><td class="psp-align-right">-</td><td class="psp-align-right">-</td></tr><tr><th class="psp-tree-leaf psp-align-left">Arizona</th><td class="psp-align-right">-</td><td class="psp-align-right">-</td><td class="psp-align-right">-</td><td class="psp-align-right">-</td><td class="psp-align-right">-</td><td class="psp-align-right">-</td><td class="psp-align-right">-</td><td class="psp-align-right">-</td><td class="psp-align-right">-</td><td class="psp-align-right">-</td><td class="psp-align-right" style="color: rgb(51, 141, 205);">68</td><td class="psp-align-right" style="color: rgb(51, 141, 205);">8</td><td class="psp-align-right">-</td><td class="psp-align-right" style="">-</td><td class="psp-align-right" style="">-</td><td class="psp-align-right" style="">-</td><td class="psp-align-right">-</td></tr><tr><th class="psp-tree-leaf psp-align-left">California</th><td class="psp-align-right">-</td><td class="psp-align-right">-</td><td class="psp-align-right">-</td><td class="psp-align-right">-</td><td class="psp-align-right" style="color: rgb(51, 141, 205);">72</td><td class="psp-align-right" style="color: rgb(51, 141, 205);">11</td><td class="psp-align-right" style="color: rgb(51, 141, 205);">11</td><td class="psp-align-right" style="color: rgb(51, 141, 205);">9</td><td class="psp-align-right" style="color: rgb(51, 141, 205);">10</td><td class="psp-align-right" style="color: rgb(51, 141, 205);">5</td><td class="psp-align-right" style="color: rgb(51, 141, 205);">198</td><td class="psp-align-right" style="color: rgb(51, 141, 205);">14</td><td class="psp-align-right" style="color: rgb(51, 141, 205);">218</td><td class="psp-align-right" style="color: rgb(51, 141, 205);">18</td><td class="psp-align-right">-</td><td class="psp-align-right">-</td><td class="psp-align-right">-</td></tr></tbody> </table> 