<div class="lm-Widget p-Widget lm-Panel p-Panel lm-SplitPanel p-SplitPanel perspective-workspace" data-orientation="horizontal" data-alignment="start" style="min-width: 8px; min-height: 100px;"><div class="lm-Widget p-Widget lm-Panel p-Panel perspective-scroll-panel lm-SplitPanel-child p-SplitPanel-child has-master-panel" style="position: absolute; top: 0px; left: 326px; width: 954px; height: 720px;"><div class="lm-Widget p-Widget lm-DockPanel p-DockPanel" data-mode="multiple-document" style="min-width: 316px; min-height: 240px;"><div class="lm-DockPanel-overlay lm-mod-hidden p-DockPanel-overlay p-mod-hidden" style="position: absolute;"></div><div class="lm-Widget p-Widget lm-TabBar p-TabBar p-DockPanel-tabBar" data-orientation="horizontal" style="position: absolute; top: 8px; left: 8px; width: 938px; height: 24px;"><ul role="tablist" class="lm-TabBar-content p-TabBar-content" aria-orientation="horizontal"><li title="" class="lm-TabBar-tab p-TabBar-tab lm-mod-closable p-mod-closable lm-mod-current p-mod-current" style="z-index: 1;"><input readonly="true" id="label" value="One" class="p-TabBar-tabLabel"><div class="lm-TabBar-tabCloseIcon p-TabBar-tabCloseIcon"></div><div class="divider"></div></li></ul><div class="lm-TabBar-addButton lm-mod-hidden"></div></div><div class="workspace-widget lm-Widget p-Widget lm-DockPanel-widget p-DockPanel-widget" role="tabpanel" aria-labelledby="tab-key-2-0" style="position: absolute; top: 32px; left: 8px; width: 938px; height: 680px;"><div class="viewer-container"><slot name="Two"></slot></div></div></div></div><div class="lm-SplitPanel-handle p-SplitPanel-handle lm-mod-hidden p-mod-hidden" style="position: absolute; top: 0px; left: 1280px; width: 8px; height: 720px;"></div><div class="lm-Widget p-Widget lm-Panel p-Panel lm-SplitPanel p-SplitPanel master-panel lm-SplitPanel-child p-SplitPanel-child" data-orientation="vertical" data-alignment="start" style="position: absolute; min-width: 0px; min-height: 0px; top: 0px; left: 0px; width: 318px; height: 720px;"><div class="workspace-widget lm-Widget p-Widget lm-SplitPanel-child p-SplitPanel-child" style="position: absolute; top: 0px; left: 0px; width: 318px; height: 720px;"><div class="viewer-container"><slot name="One"></slot></div></div><div class="lm-SplitPanel-handle p-SplitPanel-handle lm-mod-hidden p-mod-hidden" style="position: absolute; top: 720px; left: 0px; width: 318px; height: 4px;"></div></div><div class="lm-SplitPanel-handle p-SplitPanel-handle" style="position: absolute; top: 0px; left: 318px; width: 8px; height: 720px;"></div></div>