<svg viewBox="0 0 1170 625" preserveAspectRatio="none"><g class="multi"><g><line class="gridline-x" stroke="#bbb"></line><line class="gridline-x" stroke="#bbb"></line><line class="gridline-x" stroke="#bbb"></line><line class="gridline-x" stroke="#bbb"></line><line class="gridline-x" stroke="#bbb"></line><line class="gridline-x" stroke="#bbb"></line><line class="gridline-x" stroke="#bbb"></line><line class="gridline-x" stroke="#bbb"></line></g></g><g class="multi"><g><g class="multi"><g><g class="multi"><g><path class="area" fill="#ddd"></path></g></g></g></g><g class="multi"><g><g class="multi"><g><path class="line" fill="none" stroke="#000"></path></g></g></g></g></g></g></svg><svg preserveAspectRatio="none" viewBox="0 0 1170 32" fill="none" font-size="10" font-family="sans-serif" text-anchor="middle"><path class="domain" stroke="#000"></path></svg><svg preserveAspectRatio="none" viewBox="-48 0 48 625" fill="none" font-size="10" font-family="sans-serif" text-anchor="end"><path class="domain" stroke="#000"></path><g class="tick"><path stroke="#000"></path><text fill="#000" visibility="false">0</text></g><g class="tick"><path stroke="#000"></path><text fill="#000" visibility="false">500</text></g><g class="tick"><path stroke="#000"></path><text fill="#000" visibility="false">1,000</text></g><g class="tick"><path stroke="#000"></path><text fill="#000" visibility="false">1,500</text></g><g class="tick"><path stroke="#000"></path><text fill="#000" visibility="false">2,000</text></g><g class="tick"><path stroke="#000"></path><text fill="#000" visibility="false">2,500</text></g><g class="tick"><path stroke="#000"></path><text fill="#000" visibility="false">3,000</text></g><g class="tick"><path stroke="#000"></path><text fill="#000" visibility="false">3,500</text></g></svg>