<pre style="margin:0;overflow:scroll;position:absolute;width: 100%;height:100%">"Region (Group by 1)","State (Group by 2)","Furniture|Bookcases|Row ID","Furniture|Bookcases|State","Furniture|Bookcases|Sales","Furniture|Chairs|Row ID","Furniture|Chairs|State","Furniture|Chairs|Sales","Furniture|Furnishings|Row ID","Furniture|Furnishings|State","Furniture|Furnishings|Sales","Furniture|Tables|Row ID","Furniture|Tables|State","Furniture|Tables|Sales","Office Supplies|Appliances|Row ID","Office Supplies|Appliances|State","Office Supplies|Appliances|Sales","Office Supplies|Art|Row ID","Office Supplies|Art|State","Office Supplies|Art|Sales","Office Supplies|Binders|Row ID","Office Supplies|Binders|State","Office Supplies|Binders|Sales","Office Supplies|Envelopes|Row ID","Office Supplies|Envelopes|State","Office Supplies|Envelopes|Sales","Office Supplies|Labels|Row ID","Office Supplies|Labels|State","Office Supplies|Labels|Sales","Office Supplies|Paper|Row ID","Office Supplies|Paper|State","Office Supplies|Paper|Sales","Office Supplies|Storage|Row ID","Office Supplies|Storage|State","Office Supplies|Storage|Sales","Technology|Accessories|Row ID","Technology|Accessories|State","Technology|Accessories|Sales","Technology|Phones|Row ID","Technology|Phones|State","Technology|Phones|Sales"
,,39,1,532.3992,40,1,212.058,265,5,348.548,11,1,1706.184,25,2,183.71,198,4,50.84,310,7,133.8,38,1,113.328,3,1,14.62,192,3,182.682,293,4,284.878,90,2,104.55,208,6,3574.3520000000003
"Central",,39,1,532.3992,40,1,212.058,193,3,219.928,,,,15,1,68.81,,,,92,2,3.792,38,1,113.328,,,,35,1,29.472,167,2,185.608,,,,77,2,1468.712
"Central","Texas",39,1,532.3992,40,1,212.058,193,3,219.928,,,,15,1,68.81,,,,92,2,3.792,38,1,113.328,,,,35,1,29.472,167,2,185.608,,,,77,2,1468.712
"West",,,,,,,,72,2,128.62,11,1,1706.184,10,1,114.9,198,4,50.84,218,5,130.00799999999998,,,,3,1,14.62,157,2,153.20999999999998,126,2,99.27,90,2,104.55,131,4,2105.64
"West","California",,,,,,,72,2,128.62,11,1,1706.184,10,1,114.9,198,4,50.84,218,5,130.00799999999998,,,,3,1,14.62,157,2,153.20999999999998,126,2,99.27,90,2,104.55,131,4,2105.64
</pre>