<div class="lm-Widget p-Widget lm-Panel p-Panel lm-SplitPanel p-SplitPanel perspective-workspace" data-orientation="horizontal" data-alignment="start" style="min-width: 0px; min-height: 100px;"><div class="lm-Widget p-Widget lm-Panel p-Panel perspective-scroll-panel lm-SplitPanel-child p-SplitPanel-child" style="position: absolute; top: 0px; left: 0px; width: 1280px; height: 720px;"><div class="lm-Widget p-Widget lm-DockPanel p-DockPanel" data-mode="single-document" style="min-width: 300px; min-height: 200px;"><div class="lm-DockPanel-overlay lm-mod-hidden p-DockPanel-overlay p-mod-hidden" style="position: absolute;"></div><div class="workspace-widget lm-Widget p-Widget lm-DockPanel-widget p-DockPanel-widget lm-mod-hidden p-mod-hidden" role="tabpanel" aria-labelledby="tab-key-3-0" aria-hidden="true" style="position: absolute; top: 0px; left: 0px; width: 1280px; height: 720px;"><div class="viewer-container"><slot name="PERSPECTIVE_GENERATED_ID_0"></slot></div></div><div class="workspace-widget lm-Widget p-Widget lm-DockPanel-widget p-DockPanel-widget" role="tabpanel" aria-labelledby="tab-key-3-1" style="position: absolute; top: 0px; left: 0px; width: 1280px; height: 720px;"><div class="viewer-container"><slot name="PERSPECTIVE_GENERATED_ID_1"></slot></div></div><div class="lm-Widget p-Widget lm-TabBar p-TabBar p-DockPanel-tabBar lm-mod-hidden p-mod-hidden" data-orientation="horizontal" aria-hidden="true" style="position: absolute;"><ul role="tablist" class="lm-TabBar-content p-TabBar-content" aria-orientation="horizontal"><li title="" class="lm-TabBar-tab p-TabBar-tab lm-mod-closable p-mod-closable" style="z-index: 1;"><input readonly="true" id="label" value="My Data" class="p-TabBar-tabLabel"><div class="lm-TabBar-tabCloseIcon p-TabBar-tabCloseIcon"></div><div class="divider"></div></li><li title="" class="lm-TabBar-tab p-TabBar-tab lm-mod-closable p-mod-closable lm-mod-current p-mod-current" style="z-index: 2;"><input readonly="true" id="label" value="My Data" class="p-TabBar-tabLabel"><div class="lm-TabBar-tabCloseIcon p-TabBar-tabCloseIcon"></div><div class="divider"></div></li></ul><div class="lm-TabBar-addButton lm-mod-hidden"></div></div></div></div><div class="lm-SplitPanel-handle p-SplitPanel-handle lm-mod-hidden p-mod-hidden" style="position: absolute; top: 0px; left: 1280px; width: 8px; height: 720px;"></div></div>