<perspective-workspace id="workspace" side="left"><perspective-viewer slot="PERSPECTIVE_GENERATED_ID_0" table="myData" class="workspace-detail-widget widget-maximize" name="My Data" theme="Pro Light" settings=""><perspective-viewer-d3fc-sunburst style="position: absolute; inset: 0px; opacity: 1;"></perspective-viewer-d3fc-sunburst></perspective-viewer><perspective-viewer slot="PERSPECTIVE_GENERATED_ID_1" table="myData" class="workspace-detail-widget widget-maximize" name="My Data" theme="Pro Light" settings=""><perspective-viewer-d3fc-sunburst style="position: absolute; inset: 0px; opacity: 1;"></perspective-viewer-d3fc-sunburst></perspective-viewer></perspective-workspace>