<svg viewBox="0 0 861 577" preserveAspectRatio="none"><g class="multi"><g><line class="gridline-y" stroke="#bbb"></line><line class="gridline-y" stroke="#bbb"></line><line class="gridline-y" stroke="#bbb"></line><line class="gridline-y" stroke="#bbb"></line><line class="gridline-y" stroke="#bbb"></line><line class="gridline-y" stroke="#bbb"></line><line class="gridline-y" stroke="#bbb"></line><line class="gridline-y" stroke="#bbb"></line><line class="gridline-y" stroke="#bbb"></line><line class="gridline-y" stroke="#bbb"></line><line class="gridline-y" stroke="#bbb"></line><line class="gridline-x" stroke="#bbb"></line><line class="gridline-x" stroke="#bbb"></line></g></g><g class="multi"><g><g class="multi"><g><g class="grouped"><g><g class="bar horizontal" fill="#999"><path></path></g><g class="bar horizontal" fill="#999"><path></path></g></g></g><g class="grouped"><g><g class="bar horizontal" fill="#999"><path></path></g><g class="bar horizontal" fill="#999"><path></path></g></g></g><g class="grouped"><g><g class="bar horizontal" fill="#999"><path></path></g><g class="bar horizontal" fill="#999"><path></path></g></g></g></g></g><g class="multi"><g><g class="grouped"><g><g class="bar horizontal" fill="#999"><path></path></g><g class="bar horizontal" fill="#999"><path></path></g></g></g><g class="grouped"><g><g class="bar horizontal" fill="#999"><path></path></g><g class="bar horizontal" fill="#999"><path></path></g></g></g><g class="grouped"><g><g class="bar horizontal" fill="#999"><path></path></g><g class="bar horizontal" fill="#999"><path></path></g></g></g></g></g><g class="multi"><g><g class="grouped"><g><g class="bar horizontal" fill="#999"><path></path></g><g class="bar horizontal" fill="#999"><path></path></g></g></g><g class="grouped"><g><g class="bar horizontal" fill="#999"><path></path></g><g class="bar horizontal" fill="#999"><path></path></g></g></g><g class="grouped"><g><g class="bar horizontal" fill="#999"><path></path></g><g class="bar horizontal" fill="#999"><path></path></g></g></g></g></g><g class="multi"><g><g class="grouped"><g><g class="bar horizontal" fill="#999"><path></path></g><g class="bar horizontal" fill="#999"><path></path></g></g></g><g class="grouped"><g><g class="bar horizontal" fill="#999"><path></path></g><g class="bar horizontal" fill="#999"><path></path></g></g></g><g class="grouped"><g><g class="bar horizontal" fill="#999"><path></path></g><g class="bar horizontal" fill="#999"><path></path></g></g></g></g></g><g class="multi"><g><g class="grouped"><g><g class="bar horizontal" fill="#999"><path></path></g><g class="bar horizontal" fill="#999"><path></path></g></g></g><g class="grouped"><g><g class="bar horizontal" fill="#999"><path></path></g><g class="bar horizontal" fill="#999"><path></path></g></g></g><g class="grouped"><g><g class="bar horizontal" fill="#999"><path></path></g><g class="bar horizontal" fill="#999"><path></path></g></g></g></g></g><g class="multi"><g><g class="grouped"><g><g class="bar horizontal" fill="#999"><path></path></g><g class="bar horizontal" fill="#999"><path></path></g></g></g><g class="grouped"><g><g class="bar horizontal" fill="#999"><path></path></g><g class="bar horizontal" fill="#999"><path></path></g></g></g><g class="grouped"><g><g class="bar horizontal" fill="#999"><path></path></g><g class="bar horizontal" fill="#999"><path></path></g></g></g></g></g><g class="multi"><g><g class="grouped"><g><g class="bar horizontal" fill="#999"><path></path></g><g class="bar horizontal" fill="#999"><path></path></g></g></g><g class="grouped"><g><g class="bar horizontal" fill="#999"><path></path></g><g class="bar horizontal" fill="#999"><path></path></g></g></g><g class="grouped"><g><g class="bar horizontal" fill="#999"><path></path></g><g class="bar horizontal" fill="#999"><path></path></g></g></g></g></g><g class="multi"><g><g class="grouped"><g><g class="bar horizontal" fill="#999"><path></path></g><g class="bar horizontal" fill="#999"><path></path></g></g></g><g class="grouped"><g><g class="bar horizontal" fill="#999"><path></path></g><g class="bar horizontal" fill="#999"><path></path></g></g></g><g class="grouped"><g><g class="bar horizontal" fill="#999"><path></path></g><g class="bar horizontal" fill="#999"><path></path></g></g></g></g></g><g class="multi"><g><g class="grouped"><g><g class="bar horizontal" fill="#999"><path></path></g><g class="bar horizontal" fill="#999"><path></path></g></g></g><g class="grouped"><g><g class="bar horizontal" fill="#999"><path></path></g><g class="bar horizontal" fill="#999"><path></path></g></g></g><g class="grouped"><g><g class="bar horizontal" fill="#999"><path></path></g><g class="bar horizontal" fill="#999"><path></path></g></g></g></g></g><g class="multi"><g><g class="grouped"><g><g class="bar horizontal" fill="#999"><path></path></g><g class="bar horizontal" fill="#999"><path></path></g></g></g><g class="grouped"><g><g class="bar horizontal" fill="#999"><path></path></g><g class="bar horizontal" fill="#999"><path></path></g></g></g><g class="grouped"><g><g class="bar horizontal" fill="#999"><path></path></g><g class="bar horizontal" fill="#999"><path></path></g></g></g></g></g><g class="multi"><g><g class="grouped"><g><g class="bar horizontal" fill="#999"><path></path></g><g class="bar horizontal" fill="#999"><path></path></g></g></g><g class="grouped"><g><g class="bar horizontal" fill="#999"><path></path></g><g class="bar horizontal" fill="#999"><path></path></g></g></g><g class="grouped"><g><g class="bar horizontal" fill="#999"><path></path></g><g class="bar horizontal" fill="#999"><path></path></g></g></g></g></g><g class="multi"><g><g class="grouped"><g><g class="bar horizontal" fill="#999"><path></path></g><g class="bar horizontal" fill="#999"><path></path></g></g></g><g class="grouped"><g><g class="bar horizontal" fill="#999"><path></path></g><g class="bar horizontal" fill="#999"><path></path></g></g></g><g class="grouped"><g><g class="bar horizontal" fill="#999"><path></path></g><g class="bar horizontal" fill="#999"><path></path></g></g></g></g></g><g class="multi"><g><g class="grouped"><g><g class="bar horizontal" fill="#999"><path></path></g><g class="bar horizontal" fill="#999"><path></path></g></g></g><g class="grouped"><g><g class="bar horizontal" fill="#999"><path></path></g><g class="bar horizontal" fill="#999"><path></path></g></g></g><g class="grouped"><g><g class="bar horizontal" fill="#999"><path></path></g><g class="bar horizontal" fill="#999"><path></path></g></g></g></g></g></g></g></svg><svg preserveAspectRatio="none" viewBox="0 0 861 32" fill="none" font-size="10" font-family="sans-serif" text-anchor="middle"><path class="domain" stroke="#000"></path><g class="tick"><path stroke="#000"></path><text fill="#000" visibility="false">0</text></g><g class="tick"><path stroke="#000"></path><text fill="#000" visibility="false">500</text></g><g class="tick"><path stroke="#000"></path><text fill="#000" visibility="false">1,000</text></g><g class="tick"><path stroke="#000"></path><text fill="#000" visibility="false">1,500</text></g><g class="tick"><path stroke="#000"></path><text fill="#000" visibility="false">2,000</text></g><g class="tick"><path stroke="#000"></path><text fill="#000" visibility="false">2,500</text></g><g class="tick"><path stroke="#000"></path><text fill="#000" visibility="false">3,000</text></g><g class="tick"><path stroke="#000"></path><text fill="#000" visibility="false">3,500</text></g><g class="tick"><path stroke="#000"></path><text fill="#000" visibility="false">4,000</text></g><g class="tick"><path stroke="#000"></path><text fill="#000" visibility="false">4,500</text></g><g class="tick"><path stroke="#000"></path><text fill="#000" visibility="false">5,000</text></g></svg><svg preserveAspectRatio="none" viewBox="-115 0 115 577"><path class="domain" stroke="#000" fill="none"></path><g class="group" fill="none" font-size="10" font-family="sans-serif" text-anchor="end"><path class="domain" stroke="#000" visibility="hidden"></path><g class="tick" visibility=""><path stroke="#000" visibility="false"></path><text fill="#000">California</text></g><g class="tick" visibility=""><path stroke="#000" visibility="hidden"></path><text fill="#000">Texas</text></g></g><g class="group" fill="none" font-size="10" font-family="sans-serif" text-anchor="end"><path class="domain" stroke="#000" visibility="hidden"></path><g class="tick" visibility=""><path stroke="#000" visibility="false"></path><text fill="#000">West</text></g><g class="tick" visibility=""><path stroke="#000" visibility="hidden"></path><text fill="#000">Central</text></g></g></svg><svg id="dragHandles" width="150" height="280"><g><rect id="dragleft" class="vertical-drag-handle" y="9" x="0" height="262" width="9" fill="lightgreen" fill-opacity="0" cursor="ew-resize" style="z-index: 3;"></rect><rect id="dragtop" class="horizontal-drag-handle" y="0" x="9" height="9" width="132" fill="lightblue" fill-opacity="0" cursor="ns-resize" style="z-index: 3;"></rect><rect id="dragright" class="vertical-drag-handle" y="9" x="141" height="262" width="9" fill="lightgreen" fill-opacity="0" cursor="ew-resize" style="z-index: 3;"></rect><rect id="dragbottom" class="horizontal-drag-handle" y="271" x="9" height="9" width="132" fill="lightblue" fill-opacity="0" cursor="ns-resize" style="z-index: 3;"></rect><rect id="dragtopleft" class="corner-drag-handle top left" height="9" width="9" fill="red" fill-opacity="0" cursor="nwse-resize" y="0" style="z-index: 3;"></rect><rect id="dragtopright" class="corner-drag-handle top right" height="9" width="9" fill="red" fill-opacity="0" cursor="nesw-resize" y="0" x="141" style="z-index: 3;"></rect><rect id="dragbottomright" class="corner-drag-handle bottom right" height="9" width="9" fill="red" fill-opacity="0" cursor="nwse-resize" y="271" x="141" style="z-index: 3;"></rect><rect id="dragbottomleft" class="corner-drag-handle bottom left" height="9" width="9" fill="red" fill-opacity="0" cursor="nesw-resize" y="271" x="0" style="z-index: 3;"></rect></g></svg><svg class="legend" height="265.5"><g class="legendCells"><g class="cell"><circle class="swatch" r="6" style="fill: rgba(3, 102, 214, 0.8);"></circle><text class="label">Furniture|Bookcas...</text><title>Furniture|Bookcases|Row ID</title></g><g class="cell"><circle class="swatch" r="6" style="fill: rgba(255, 127, 14, 0.8);"></circle><text class="label">Furniture|Bookcas...</text><title>Furniture|Bookcases|State</title></g><g class="cell"><circle class="swatch" r="6" style="fill: rgba(44, 160, 44, 0.8);"></circle><text class="label">Furniture|Bookcas...</text><title>Furniture|Bookcases|Sales</title></g><g class="cell"><circle class="swatch" r="6" style="fill: rgba(214, 39, 40, 0.8);"></circle><text class="label">Furniture|Chairs|...</text><title>Furniture|Chairs|Row ID</title></g><g class="cell"><circle class="swatch" r="6" style="fill: rgba(148, 103, 189, 0.8);"></circle><text class="label">Furniture|Chairs|S...</text><title>Furniture|Chairs|State</title></g><g class="cell"><circle class="swatch" r="6" style="fill: rgba(140, 86, 75, 0.8);"></circle><text class="label">Furniture|Chairs|S...</text><title>Furniture|Chairs|Sales</title></g><g class="cell"><circle class="swatch" r="6" style="fill: rgba(227, 119, 194, 0.8);"></circle><text class="label">Furniture|Furnishi...</text><title>Furniture|Furnishings|Row ID</title></g><g class="cell"><circle class="swatch" r="6" style="fill: rgba(127, 127, 127, 0.8);"></circle><text class="label">Furniture|Furnishi...</text><title>Furniture|Furnishings|State</title></g><g class="cell"><circle class="swatch" r="6" style="fill: rgba(188, 189, 34, 0.8);"></circle><text class="label">Furniture|Furnishi...</text><title>Furniture|Furnishings|Sales</title></g><g class="cell"><circle class="swatch" r="6" style="fill: rgba(23, 190, 207, 0.8);"></circle><text class="label">Furniture|Tables...</text><title>Furniture|Tables|Row ID</title></g><g class="cell"><circle class="swatch" r="6" style="fill: rgba(3, 102, 214, 0.8);"></circle><text class="label">Furniture|Tables|S...</text><title>Furniture|Tables|State</title></g><g class="cell"><circle class="swatch" r="6" style="fill: rgba(255, 127, 14, 0.8);"></circle><text class="label">Furniture|Tables|S...</text><title>Furniture|Tables|Sales</title></g><g class="cell"><circle class="swatch" r="6" style="fill: rgba(44, 160, 44, 0.8);"></circle><text class="label">Office Supplies|App...</text><title>Office Supplies|Appliances|Row ID</title></g><g class="cell"><circle class="swatch" r="6" style="fill: rgba(214, 39, 40, 0.8);"></circle><text class="label">Office Supplies|App...</text><title>Office Supplies|Appliances|State</title></g><g class="cell"><circle class="swatch" r="6" style="fill: rgba(148, 103, 189, 0.8);"></circle><text class="label">Office Supplies|App...</text><title>Office Supplies|Appliances|Sales</title></g></g></svg>