<svg viewBox="0 0 844 577" preserveAspectRatio="none"><g class="multi"><g><line class="gridline-y" stroke="#bbb"></line><line class="gridline-y" stroke="#bbb"></line><line class="gridline-y" stroke="#bbb"></line><line class="gridline-y" stroke="#bbb"></line><line class="gridline-y" stroke="#bbb"></line><line class="gridline-y" stroke="#bbb"></line><line class="gridline-y" stroke="#bbb"></line><line class="gridline-y" stroke="#bbb"></line><line class="gridline-y" stroke="#bbb"></line><line class="gridline-y" stroke="#bbb"></line><line class="gridline-y" stroke="#bbb"></line><line class="gridline-y" stroke="#bbb"></line><line class="gridline-y" stroke="#bbb"></line><line class="gridline-y" stroke="#bbb"></line><line class="gridline-y" stroke="#bbb"></line><line class="gridline-x" stroke="#bbb"></line><line class="gridline-x" stroke="#bbb"></line><line class="gridline-x" stroke="#bbb"></line><line class="gridline-x" stroke="#bbb"></line><line class="gridline-x" stroke="#bbb"></line><line class="gridline-x" stroke="#bbb"></line><line class="gridline-x" stroke="#bbb"></line><line class="gridline-x" stroke="#bbb"></line><line class="gridline-x" stroke="#bbb"></line><line class="gridline-x" stroke="#bbb"></line><line class="gridline-x" stroke="#bbb"></line><line class="gridline-x" stroke="#bbb"></line><line class="gridline-x" stroke="#bbb"></line><line class="gridline-x" stroke="#bbb"></line></g></g><g class="multi"><g><g class="multi"><g><g class="grouped"><g><g class="bar horizontal" fill="#999"><path></path></g><g class="bar horizontal" fill="#999"><path></path></g><g class="bar horizontal" fill="#999"><path></path></g><g class="bar horizontal" fill="#999"><path></path></g><g class="bar horizontal" fill="#999"><path></path></g><g class="bar horizontal" fill="#999"><path></path></g><g class="bar horizontal" fill="#999"><path></path></g><g class="bar horizontal" fill="#999"><path></path></g><g class="bar horizontal" fill="#999"><path></path></g><g class="bar horizontal" fill="#999"><path></path></g><g class="bar horizontal" fill="#999"><path></path></g><g class="bar horizontal" fill="#999"><path></path></g><g class="bar horizontal" fill="#999"><path></path></g><g class="bar horizontal" fill="#999"><path></path></g></g></g><g class="grouped"><g><g class="bar horizontal" fill="#999"><path></path></g><g class="bar horizontal" fill="#999"><path></path></g><g class="bar horizontal" fill="#999"><path></path></g><g class="bar horizontal" fill="#999"><path></path></g><g class="bar horizontal" fill="#999"><path></path></g><g class="bar horizontal" fill="#999"><path></path></g><g class="bar horizontal" fill="#999"><path></path></g><g class="bar horizontal" fill="#999"><path></path></g><g class="bar horizontal" fill="#999"><path></path></g><g class="bar horizontal" fill="#999"><path></path></g><g class="bar horizontal" fill="#999"><path></path></g><g class="bar horizontal" fill="#999"><path></path></g><g class="bar horizontal" fill="#999"><path></path></g><g class="bar horizontal" fill="#999"><path></path></g></g></g><g class="grouped"><g><g class="bar horizontal" fill="#999"><path></path></g><g class="bar horizontal" fill="#999"><path></path></g><g class="bar horizontal" fill="#999"><path></path></g><g class="bar horizontal" fill="#999"><path></path></g><g class="bar horizontal" fill="#999"><path></path></g><g class="bar horizontal" fill="#999"><path></path></g><g class="bar horizontal" fill="#999"><path></path></g><g class="bar horizontal" fill="#999"><path></path></g><g class="bar horizontal" fill="#999"><path></path></g><g class="bar horizontal" fill="#999"><path></path></g><g class="bar horizontal" fill="#999"><path></path></g><g class="bar horizontal" fill="#999"><path></path></g><g class="bar horizontal" fill="#999"><path></path></g><g class="bar horizontal" fill="#999"><path></path></g></g></g><g class="grouped"><g><g class="bar horizontal" fill="#999"><path></path></g><g class="bar horizontal" fill="#999"><path></path></g><g class="bar horizontal" fill="#999"><path></path></g><g class="bar horizontal" fill="#999"><path></path></g><g class="bar horizontal" fill="#999"><path></path></g><g class="bar horizontal" fill="#999"><path></path></g><g class="bar horizontal" fill="#999"><path></path></g><g class="bar horizontal" fill="#999"><path></path></g><g class="bar horizontal" fill="#999"><path></path></g><g class="bar horizontal" fill="#999"><path></path></g><g class="bar horizontal" fill="#999"><path></path></g><g class="bar horizontal" fill="#999"><path></path></g><g class="bar horizontal" fill="#999"><path></path></g><g class="bar horizontal" fill="#999"><path></path></g></g></g></g></g><g class="multi"><g><g class="grouped"><g><g class="bar horizontal" fill="#999"><path></path></g><g class="bar horizontal" fill="#999"><path></path></g><g class="bar horizontal" fill="#999"><path></path></g><g class="bar horizontal" fill="#999"><path></path></g><g class="bar horizontal" fill="#999"><path></path></g><g class="bar horizontal" fill="#999"><path></path></g><g class="bar horizontal" fill="#999"><path></path></g><g class="bar horizontal" fill="#999"><path></path></g><g class="bar horizontal" fill="#999"><path></path></g><g class="bar horizontal" fill="#999"><path></path></g><g class="bar horizontal" fill="#999"><path></path></g><g class="bar horizontal" fill="#999"><path></path></g><g class="bar horizontal" fill="#999"><path></path></g><g class="bar horizontal" fill="#999"><path></path></g></g></g><g class="grouped"><g><g class="bar horizontal" fill="#999"><path></path></g><g class="bar horizontal" fill="#999"><path></path></g><g class="bar horizontal" fill="#999"><path></path></g><g class="bar horizontal" fill="#999"><path></path></g><g class="bar horizontal" fill="#999"><path></path></g><g class="bar horizontal" fill="#999"><path></path></g><g class="bar horizontal" fill="#999"><path></path></g><g class="bar horizontal" fill="#999"><path></path></g><g class="bar horizontal" fill="#999"><path></path></g><g class="bar horizontal" fill="#999"><path></path></g><g class="bar horizontal" fill="#999"><path></path></g><g class="bar horizontal" fill="#999"><path></path></g><g class="bar horizontal" fill="#999"><path></path></g><g class="bar horizontal" fill="#999"><path></path></g></g></g><g class="grouped"><g><g class="bar horizontal" fill="#999"><path></path></g><g class="bar horizontal" fill="#999"><path></path></g><g class="bar horizontal" fill="#999"><path></path></g><g class="bar horizontal" fill="#999"><path></path></g><g class="bar horizontal" fill="#999"><path></path></g><g class="bar horizontal" fill="#999"><path></path></g><g class="bar horizontal" fill="#999"><path></path></g><g class="bar horizontal" fill="#999"><path></path></g><g class="bar horizontal" fill="#999"><path></path></g><g class="bar horizontal" fill="#999"><path></path></g><g class="bar horizontal" fill="#999"><path></path></g><g class="bar horizontal" fill="#999"><path></path></g><g class="bar horizontal" fill="#999"><path></path></g><g class="bar horizontal" fill="#999"><path></path></g></g></g><g class="grouped"><g><g class="bar horizontal" fill="#999"><path></path></g><g class="bar horizontal" fill="#999"><path></path></g><g class="bar horizontal" fill="#999"><path></path></g><g class="bar horizontal" fill="#999"><path></path></g><g class="bar horizontal" fill="#999"><path></path></g><g class="bar horizontal" fill="#999"><path></path></g><g class="bar horizontal" fill="#999"><path></path></g><g class="bar horizontal" fill="#999"><path></path></g><g class="bar horizontal" fill="#999"><path></path></g><g class="bar horizontal" fill="#999"><path></path></g><g class="bar horizontal" fill="#999"><path></path></g><g class="bar horizontal" fill="#999"><path></path></g><g class="bar horizontal" fill="#999"><path></path></g><g class="bar horizontal" fill="#999"><path></path></g></g></g></g></g><g class="multi"><g><g class="grouped"><g><g class="bar horizontal" fill="#999"><path></path></g><g class="bar horizontal" fill="#999"><path></path></g><g class="bar horizontal" fill="#999"><path></path></g><g class="bar horizontal" fill="#999"><path></path></g><g class="bar horizontal" fill="#999"><path></path></g><g class="bar horizontal" fill="#999"><path></path></g><g class="bar horizontal" fill="#999"><path></path></g><g class="bar horizontal" fill="#999"><path></path></g><g class="bar horizontal" fill="#999"><path></path></g><g class="bar horizontal" fill="#999"><path></path></g><g class="bar horizontal" fill="#999"><path></path></g><g class="bar horizontal" fill="#999"><path></path></g><g class="bar horizontal" fill="#999"><path></path></g><g class="bar horizontal" fill="#999"><path></path></g></g></g><g class="grouped"><g><g class="bar horizontal" fill="#999"><path></path></g><g class="bar horizontal" fill="#999"><path></path></g><g class="bar horizontal" fill="#999"><path></path></g><g class="bar horizontal" fill="#999"><path></path></g><g class="bar horizontal" fill="#999"><path></path></g><g class="bar horizontal" fill="#999"><path></path></g><g class="bar horizontal" fill="#999"><path></path></g><g class="bar horizontal" fill="#999"><path></path></g><g class="bar horizontal" fill="#999"><path></path></g><g class="bar horizontal" fill="#999"><path></path></g><g class="bar horizontal" fill="#999"><path></path></g><g class="bar horizontal" fill="#999"><path></path></g><g class="bar horizontal" fill="#999"><path></path></g><g class="bar horizontal" fill="#999"><path></path></g></g></g><g class="grouped"><g><g class="bar horizontal" fill="#999"><path></path></g><g class="bar horizontal" fill="#999"><path></path></g><g class="bar horizontal" fill="#999"><path></path></g><g class="bar horizontal" fill="#999"><path></path></g><g class="bar horizontal" fill="#999"><path></path></g><g class="bar horizontal" fill="#999"><path></path></g><g class="bar horizontal" fill="#999"><path></path></g><g class="bar horizontal" fill="#999"><path></path></g><g class="bar horizontal" fill="#999"><path></path></g><g class="bar horizontal" fill="#999"><path></path></g><g class="bar horizontal" fill="#999"><path></path></g><g class="bar horizontal" fill="#999"><path></path></g><g class="bar horizontal" fill="#999"><path></path></g><g class="bar horizontal" fill="#999"><path></path></g></g></g><g class="grouped"><g><g class="bar horizontal" fill="#999"><path></path></g><g class="bar horizontal" fill="#999"><path></path></g><g class="bar horizontal" fill="#999"><path></path></g><g class="bar horizontal" fill="#999"><path></path></g><g class="bar horizontal" fill="#999"><path></path></g><g class="bar horizontal" fill="#999"><path></path></g><g class="bar horizontal" fill="#999"><path></path></g><g class="bar horizontal" fill="#999"><path></path></g><g class="bar horizontal" fill="#999"><path></path></g><g class="bar horizontal" fill="#999"><path></path></g><g class="bar horizontal" fill="#999"><path></path></g><g class="bar horizontal" fill="#999"><path></path></g><g class="bar horizontal" fill="#999"><path></path></g><g class="bar horizontal" fill="#999"><path></path></g></g></g></g></g></g></g></svg><svg preserveAspectRatio="none" viewBox="0 0 844 32" fill="none" font-size="10" font-family="sans-serif" text-anchor="middle"><path class="domain" stroke="#000"></path><g class="tick"><path stroke="#000"></path><text fill="#000" visibility="false">−2,000</text></g><g class="tick"><path stroke="#000"></path><text fill="#000" visibility="false">−1,500</text></g><g class="tick"><path stroke="#000"></path><text fill="#000" visibility="false">−1,000</text></g><g class="tick"><path stroke="#000"></path><text fill="#000" visibility="false">−500</text></g><g class="tick"><path stroke="#000"></path><text fill="#000" visibility="false">0</text></g><g class="tick"><path stroke="#000"></path><text fill="#000" visibility="false">500</text></g><g class="tick"><path stroke="#000"></path><text fill="#000" visibility="false">1,000</text></g><g class="tick"><path stroke="#000"></path><text fill="#000" visibility="false">1,500</text></g><g class="tick"><path stroke="#000"></path><text fill="#000" visibility="false">2,000</text></g><g class="tick"><path stroke="#000"></path><text fill="#000" visibility="false">2,500</text></g><g class="tick"><path stroke="#000"></path><text fill="#000" visibility="false">3,000</text></g><g class="tick"><path stroke="#000"></path><text fill="#000" visibility="false">3,500</text></g><g class="tick"><path stroke="#000"></path><text fill="#000" visibility="false">4,000</text></g><g class="tick"><path stroke="#000"></path><text fill="#000" visibility="false">4,500</text></g><g class="tick"><path stroke="#000"></path><text fill="#000" visibility="false">5,000</text></g></svg><svg preserveAspectRatio="none" viewBox="-160 0 160 577"><path class="domain" stroke="#000" fill="none"></path><g class="group" fill="none" font-size="10" font-family="sans-serif" text-anchor="end"><path class="domain" stroke="#000" visibility="hidden"></path><g class="tick" visibility=""><path stroke="#000" visibility="false"></path><text fill="#000">Phones</text></g><g class="tick" visibility=""><path stroke="#000" visibility="false"></path><text fill="#000">Accessories</text></g><g class="tick" visibility=""><path stroke="#000" visibility="false"></path><text fill="#000">Storage</text></g><g class="tick" visibility=""><path stroke="#000" visibility="false"></path><text fill="#000">Paper</text></g><g class="tick" visibility=""><path stroke="#000" visibility="false"></path><text fill="#000">Labels</text></g><g class="tick" visibility=""><path stroke="#000" visibility="false"></path><text fill="#000">Fasteners</text></g><g class="tick" visibility=""><path stroke="#000" visibility="false"></path><text fill="#000">Envelopes</text></g><g class="tick" visibility=""><path stroke="#000" visibility="false"></path><text fill="#000">Binders</text></g><g class="tick" visibility=""><path stroke="#000" visibility="false"></path><text fill="#000">Art</text></g><g class="tick" visibility=""><path stroke="#000" visibility="false"></path><text fill="#000">Appliances</text></g><g class="tick" visibility=""><path stroke="#000" visibility="false"></path><text fill="#000">Tables</text></g><g class="tick" visibility=""><path stroke="#000" visibility="false"></path><text fill="#000">Furnishings</text></g><g class="tick" visibility=""><path stroke="#000" visibility="false"></path><text fill="#000">Chairs</text></g><g class="tick" visibility=""><path stroke="#000" visibility="hidden"></path><text fill="#000">Bookcases</text></g></g><g class="group" fill="none" font-size="10" font-family="sans-serif" text-anchor="end"><path class="domain" stroke="#000" visibility="hidden"></path><g class="tick" visibility=""><path stroke="#000" visibility="false"></path><text fill="#000">Technology</text></g><g class="tick" visibility=""><path stroke="#000" visibility="false"></path><text fill="#000">Office Supplies</text></g><g class="tick" visibility=""><path stroke="#000" visibility="hidden"></path><text fill="#000">Furniture</text></g></g></svg><svg id="dragHandles" width="150" height="212"><g><rect id="dragleft" class="vertical-drag-handle" y="9" x="0" height="194" width="9" fill="lightgreen" fill-opacity="0" cursor="ew-resize" style="z-index: 3;"></rect><rect id="dragtop" class="horizontal-drag-handle" y="0" x="9" height="9" width="132" fill="lightblue" fill-opacity="0" cursor="ns-resize" style="z-index: 3;"></rect><rect id="dragright" class="vertical-drag-handle" y="9" x="141" height="194" width="9" fill="lightgreen" fill-opacity="0" cursor="ew-resize" style="z-index: 3;"></rect><rect id="dragbottom" class="horizontal-drag-handle" y="203" x="9" height="9" width="132" fill="lightblue" fill-opacity="0" cursor="ns-resize" style="z-index: 3;"></rect><rect id="dragtopleft" class="corner-drag-handle top left" height="9" width="9" fill="red" fill-opacity="0" cursor="nwse-resize" style="z-index: 3;" y="0"></rect><rect id="dragtopright" class="corner-drag-handle top right" height="9" width="9" fill="red" fill-opacity="0" cursor="nesw-resize" style="z-index: 3;" y="0" x="141"></rect><rect id="dragbottomright" class="corner-drag-handle bottom right" height="9" width="9" fill="red" fill-opacity="0" cursor="nwse-resize" style="z-index: 3;" y="203" x="141"></rect><rect id="dragbottomleft" class="corner-drag-handle bottom left" height="9" width="9" fill="red" fill-opacity="0" cursor="nesw-resize" style="z-index: 3;" y="203" x="0"></rect></g></svg><svg class="legend" height="216"><g class="legendCells"><g class="cell"><circle class="swatch" r="6" style="fill: rgba(3, 102, 214, 0.8);"></circle><text class="label">Furniture|Discount</text><title>Furniture|Discount</title></g><g class="cell"><circle class="swatch" r="6" style="fill: rgba(255, 127, 14, 0.8);"></circle><text class="label">Furniture|Profit</text><title>Furniture|Profit</title></g><g class="cell"><circle class="swatch" r="6" style="fill: rgba(44, 160, 44, 0.8);"></circle><text class="label">Furniture|Sales</text><title>Furniture|Sales</title></g><g class="cell"><circle class="swatch" r="6" style="fill: rgba(214, 39, 40, 0.8);"></circle><text class="label">Furniture|Quantity</text><title>Furniture|Quantity</title></g><g class="cell"><circle class="swatch" r="6" style="fill: rgba(148, 103, 189, 0.8);"></circle><text class="label">Office Supplies|Di...</text><title>Office Supplies|Discount</title></g><g class="cell"><circle class="swatch" r="6" style="fill: rgba(140, 86, 75, 0.8);"></circle><text class="label">Office Supplies|Profit</text><title>Office Supplies|Profit</title></g><g class="cell"><circle class="swatch" r="6" style="fill: rgba(227, 119, 194, 0.8);"></circle><text class="label">Office Supplies|Sales</text><title>Office Supplies|Sales</title></g><g class="cell"><circle class="swatch" r="6" style="fill: rgba(127, 127, 127, 0.8);"></circle><text class="label">Office Supplies|Qu...</text><title>Office Supplies|Quantity</title></g><g class="cell"><circle class="swatch" r="6" style="fill: rgba(188, 189, 34, 0.8);"></circle><text class="label">Technology|Discount</text><title>Technology|Discount</title></g><g class="cell"><circle class="swatch" r="6" style="fill: rgba(23, 190, 207, 0.8);"></circle><text class="label">Technology|Profit</text><title>Technology|Profit</title></g><g class="cell"><circle class="swatch" r="6" style="fill: rgba(3, 102, 214, 0.8);"></circle><text class="label">Technology|Sales</text><title>Technology|Sales</title></g><g class="cell"><circle class="swatch" r="6" style="fill: rgba(255, 127, 14, 0.8);"></circle><text class="label">Technology|Quantity</text><title>Technology|Quantity</title></g></g></svg>