<svg viewBox="0 0 822 537" preserveAspectRatio="none"></svg><svg preserveAspectRatio="none" viewBox="0 0 822 88"><path class="domain" stroke="#000" fill="none"></path><g class="group" fill="none" font-size="10" font-family="sans-serif" text-anchor="middle"><path class="domain" stroke="#000" visibility="hidden"></path><g class="tick" visibility=""><path stroke="#000" visibility="false"></path><text fill="#000">Bookcases</text></g><g class="tick" visibility=""><path stroke="#000" visibility="false"></path><text fill="#000">Chairs</text></g><g class="tick" visibility=""><path stroke="#000" visibility="false"></path><text fill="#000">Furnishings</text></g><g class="tick" visibility=""><path stroke="#000" visibility="false"></path><text fill="#000">Tables</text></g><g class="tick" visibility=""><path stroke="#000" visibility="false"></path><text fill="#000">Appliances</text></g><g class="tick" visibility=""><path stroke="#000" visibility="false"></path><text fill="#000">Art</text></g><g class="tick" visibility=""><path stroke="#000" visibility="false"></path><text fill="#000">Binders</text></g><g class="tick" visibility=""><path stroke="#000" visibility="false"></path><text fill="#000">Envelopes</text></g><g class="tick" visibility=""><path stroke="#000" visibility="false"></path><text fill="#000">Fasteners</text></g><g class="tick" visibility=""><path stroke="#000" visibility="false"></path><text fill="#000">Labels</text></g><g class="tick" visibility=""><path stroke="#000" visibility="false"></path><text fill="#000">Paper</text></g><g class="tick" visibility=""><path stroke="#000" visibility="false"></path><text fill="#000">Storage</text></g><g class="tick" visibility=""><path stroke="#000" visibility="false"></path><text fill="#000">Accessories</text></g><g class="tick" visibility=""><path stroke="#000" visibility="hidden"></path><text fill="#000">Phones</text></g></g><g class="group" fill="none" font-size="10" font-family="sans-serif" text-anchor="middle"><path class="domain" stroke="#000" visibility="hidden"></path><g class="tick" visibility=""><path stroke="#000" visibility="false"></path><text fill="#000">Furniture</text></g><g class="tick" visibility=""><path stroke="#000" visibility="false"></path><text fill="#000">Office Supplies</text></g><g class="tick" visibility=""><path stroke="#000" visibility="hidden"></path><text fill="#000">Technology</text></g></g></svg><svg preserveAspectRatio="none" viewBox="-95 0 95 537" fill="none" font-size="10" font-family="sans-serif" text-anchor="end"><path class="domain" stroke="#000"></path><g class="tick" visibility=""><path stroke="#000" visibility="false"></path><text fill="#000">Technology</text></g><g class="tick" visibility=""><path stroke="#000" visibility="false"></path><text fill="#000">Office Supplies</text></g><g class="tick" visibility=""><path stroke="#000" visibility="hidden"></path><text fill="#000">Furniture</text></g></svg><svg><g><g class="bar vertical" fill="#999"><path></path></g><g class="bar vertical" fill="#999"><path></path></g><g class="bar vertical" fill="#999"><path></path></g><g class="bar vertical" fill="#999"><path></path></g><g class="bar vertical" fill="#999"><path></path></g><g class="bar vertical" fill="#999"><path></path></g><g class="bar vertical" fill="#999"><path></path></g><g class="bar vertical" fill="#999"><path></path></g><g class="bar vertical" fill="#999"><path></path></g><g class="bar vertical" fill="#999"><path></path></g><g class="bar vertical" fill="#999"><path></path></g><g class="bar vertical" fill="#999"><path></path></g><g class="bar vertical" fill="#999"><path></path></g><g class="bar vertical" fill="#999"><path></path></g><g class="bar vertical" fill="#999"><path></path></g><g class="bar vertical" fill="#999"><path></path></g><g class="bar vertical" fill="#999"><path></path></g><g class="bar vertical" fill="#999"><path></path></g><g class="bar vertical" fill="#999"><path></path></g><g class="bar vertical" fill="#999"><path></path></g><g class="bar vertical" fill="#999"><path></path></g><g class="bar vertical" fill="#999"><path></path></g><g class="bar vertical" fill="#999"><path></path></g><g class="bar vertical" fill="#999"><path></path></g><g class="bar vertical" fill="#999"><path></path></g><g class="bar vertical" fill="#999"><path></path></g><g class="bar vertical" fill="#999"><path></path></g><g class="bar vertical" fill="#999"><path></path></g><g class="bar vertical" fill="#999"><path></path></g><g class="bar vertical" fill="#999"><path></path></g><g class="bar vertical" fill="#999"><path></path></g><g class="bar vertical" fill="#999"><path></path></g><g class="bar vertical" fill="#999"><path></path></g><g class="bar vertical" fill="#999"><path></path></g><g class="bar vertical" fill="#999"><path></path></g><g class="bar vertical" fill="#999"><path></path></g><g class="bar vertical" fill="#999"><path></path></g><g class="bar vertical" fill="#999"><path></path></g><g class="bar vertical" fill="#999"><path></path></g><g class="bar vertical" fill="#999"><path></path></g><g class="bar vertical" fill="#999"><path></path></g><g class="bar vertical" fill="#999"><path></path></g><g class="bar vertical" fill="#999"><path></path></g><g class="bar vertical" fill="#999"><path></path></g><g class="bar vertical" fill="#999"><path></path></g><g class="bar vertical" fill="#999"><path></path></g><g class="bar vertical" fill="#999"><path></path></g><g class="bar vertical" fill="#999"><path></path></g><g class="bar vertical" fill="#999"><path></path></g><g class="bar vertical" fill="#999"><path></path></g><g class="bar vertical" fill="#999"><path></path></g><g class="bar vertical" fill="#999"><path></path></g><g class="bar vertical" fill="#999"><path></path></g><g class="bar vertical" fill="#999"><path></path></g><g class="bar vertical" fill="#999"><path></path></g><g class="bar vertical" fill="#999"><path></path></g><g class="bar vertical" fill="#999"><path></path></g><g class="bar vertical" fill="#999"><path></path></g><g class="bar vertical" fill="#999"><path></path></g><g class="bar vertical" fill="#999"><path></path></g><g class="bar vertical" fill="#999"><path></path></g><g class="bar vertical" fill="#999"><path></path></g><g class="bar vertical" fill="#999"><path></path></g><g class="bar vertical" fill="#999"><path></path></g><g class="bar vertical" fill="#999"><path></path></g><g class="bar vertical" fill="#999"><path></path></g><g class="bar vertical" fill="#999"><path></path></g><g class="bar vertical" fill="#999"><path></path></g><g class="bar vertical" fill="#999"><path></path></g><g class="bar vertical" fill="#999"><path></path></g><g class="bar vertical" fill="#999"><path></path></g><g class="bar vertical" fill="#999"><path></path></g><g class="bar vertical" fill="#999"><path></path></g><g class="bar vertical" fill="#999"><path></path></g><g class="bar vertical" fill="#999"><path></path></g><g class="bar vertical" fill="#999"><path></path></g><g class="bar vertical" fill="#999"><path></path></g><g class="bar vertical" fill="#999"><path></path></g><g class="bar vertical" fill="#999"><path></path></g><g class="bar vertical" fill="#999"><path></path></g><g class="bar vertical" fill="#999"><path></path></g><g class="bar vertical" fill="#999"><path></path></g><g class="bar vertical" fill="#999"><path></path></g><g class="bar vertical" fill="#999"><path></path></g><g class="bar vertical" fill="#999"><path></path></g><g class="bar vertical" fill="#999"><path></path></g><g class="bar vertical" fill="#999"><path></path></g><g class="bar vertical" fill="#999"><path></path></g><g class="bar vertical" fill="#999"><path></path></g><g class="bar vertical" fill="#999"><path></path></g><g class="bar vertical" fill="#999"><path></path></g><g class="bar vertical" fill="#999"><path></path></g><g class="bar vertical" fill="#999"><path></path></g><g class="bar vertical" fill="#999"><path></path></g><g class="bar vertical" fill="#999"><path></path></g><g class="bar vertical" fill="#999"><path></path></g><g class="bar vertical" fill="#999"><path></path></g><g class="bar vertical" fill="#999"><path></path></g><g class="bar vertical" fill="#999"><path></path></g><g class="bar vertical" fill="#999"><path></path></g><g class="bar vertical" fill="#999"><path></path></g><g class="bar vertical" fill="#999"><path></path></g><g class="bar vertical" fill="#999"><path></path></g><g class="bar vertical" fill="#999"><path></path></g><g class="bar vertical" fill="#999"><path></path></g><g class="bar vertical" fill="#999"><path></path></g><g class="bar vertical" fill="#999"><path></path></g><g class="bar vertical" fill="#999"><path></path></g><g class="bar vertical" fill="#999"><path></path></g><g class="bar vertical" fill="#999"><path></path></g><g class="bar vertical" fill="#999"><path></path></g><g class="bar vertical" fill="#999"><path></path></g><g class="bar vertical" fill="#999"><path></path></g><g class="bar vertical" fill="#999"><path></path></g><g class="bar vertical" fill="#999"><path></path></g><g class="bar vertical" fill="#999"><path></path></g><g class="bar vertical" fill="#999"><path></path></g><g class="bar vertical" fill="#999"><path></path></g><g class="bar vertical" fill="#999"><path></path></g><g class="bar vertical" fill="#999"><path></path></g><g class="bar vertical" fill="#999"><path></path></g><g class="bar vertical" fill="#999"><path></path></g><g class="bar vertical" fill="#999"><path></path></g><g class="bar vertical" fill="#999"><path></path></g><g class="bar vertical" fill="#999"><path></path></g><g class="bar vertical" fill="#999"><path></path></g><g class="bar vertical" fill="#999"><path></path></g><g class="bar vertical" fill="#999"><path></path></g><g class="bar vertical" fill="#999"><path></path></g><g class="bar vertical" fill="#999"><path></path></g><g class="bar vertical" fill="#999"><path></path></g><g class="bar vertical" fill="#999"><path></path></g><g class="bar vertical" fill="#999"><path></path></g><g class="bar vertical" fill="#999"><path></path></g><g class="bar vertical" fill="#999"><path></path></g><g class="bar vertical" fill="#999"><path></path></g><g class="bar vertical" fill="#999"><path></path></g><g class="bar vertical" fill="#999"><path></path></g><g class="bar vertical" fill="#999"><path></path></g><g class="bar vertical" fill="#999"><path></path></g><g class="bar vertical" fill="#999"><path></path></g><g class="bar vertical" fill="#999"><path></path></g><g class="bar vertical" fill="#999"><path></path></g><g class="bar vertical" fill="#999"><path></path></g><g class="bar vertical" fill="#999"><path></path></g><g class="bar vertical" fill="#999"><path></path></g><g class="bar vertical" fill="#999"><path></path></g><g class="bar vertical" fill="#999"><path></path></g><g class="bar vertical" fill="#999"><path></path></g><g class="bar vertical" fill="#999"><path></path></g><g class="bar vertical" fill="#999"><path></path></g><g class="bar vertical" fill="#999"><path></path></g><g class="bar vertical" fill="#999"><path></path></g><g class="bar vertical" fill="#999"><path></path></g><g class="bar vertical" fill="#999"><path></path></g><g class="bar vertical" fill="#999"><path></path></g><g class="bar vertical" fill="#999"><path></path></g><g class="bar vertical" fill="#999"><path></path></g><g class="bar vertical" fill="#999"><path></path></g><g class="bar vertical" fill="#999"><path></path></g><g class="bar vertical" fill="#999"><path></path></g><g class="bar vertical" fill="#999"><path></path></g><g class="bar vertical" fill="#999"><path></path></g><g class="bar vertical" fill="#999"><path></path></g><g class="bar vertical" fill="#999"><path></path></g><g class="bar vertical" fill="#999"><path></path></g><g class="bar vertical" fill="#999"><path></path></g><g class="bar vertical" fill="#999"><path></path></g><g class="bar vertical" fill="#999"><path></path></g><g class="bar vertical" fill="#999"><path></path></g><g class="bar vertical" fill="#999"><path></path></g><g class="bar vertical" fill="#999"><path></path></g><g class="bar vertical" fill="#999"><path></path></g><g class="bar vertical" fill="#999"><path></path></g><g class="bar vertical" fill="#999"><path></path></g><g class="bar vertical" fill="#999"><path></path></g><g class="bar vertical" fill="#999"><path></path></g><g class="bar vertical" fill="#999"><path></path></g><g class="bar vertical" fill="#999"><path></path></g><g class="bar vertical" fill="#999"><path></path></g><g class="bar vertical" fill="#999"><path></path></g><g class="bar vertical" fill="#999"><path></path></g><g class="bar vertical" fill="#999"><path></path></g><g class="bar vertical" fill="#999"><path></path></g><g class="bar vertical" fill="#999"><path></path></g><g class="bar vertical" fill="#999"><path></path></g><g class="bar vertical" fill="#999"><path></path></g><g class="bar vertical" fill="#999"><path></path></g><g class="bar vertical" fill="#999"><path></path></g><g class="bar vertical" fill="#999"><path></path></g><g class="bar vertical" fill="#999"><path></path></g><g class="bar vertical" fill="#999"><path></path></g><g class="bar vertical" fill="#999"><path></path></g><g class="bar vertical" fill="#999"><path></path></g><g class="bar vertical" fill="#999"><path></path></g><g class="bar vertical" fill="#999"><path></path></g><g class="bar vertical" fill="#999"><path></path></g><g class="bar vertical" fill="#999"><path></path></g><g class="bar vertical" fill="#999"><path></path></g><g class="bar vertical" fill="#999"><path></path></g></g><g id="legend-axis" fill="none" font-size="10" font-family="sans-serif" text-anchor="start"><path class="domain" stroke="#000" visibility="hidden"></path><g class="tick"><path stroke="#000"></path><text fill="#000" visibility="false">−5,000</text></g><g class="tick"><path stroke="#000"></path><text fill="#000" visibility="false">5,000</text></g><g class="tick"><path stroke="#000"></path><text fill="#000" visibility="false">0</text></g></g></svg>