<svg viewBox="0 0 822 553" preserveAspectRatio="none"></svg><svg preserveAspectRatio="none" viewBox="0 0 822 72" fill="none" font-size="10" font-family="sans-serif" text-anchor="middle"><path class="domain" stroke="#000"></path><g class="tick" visibility=""><path stroke="#000" visibility="false"></path><text fill="#000">Alabama</text></g><g class="tick" visibility=""><path stroke="#000" visibility="false"></path><text fill="#000">Arizona</text></g><g class="tick" visibility=""><path stroke="#000" visibility="false"></path><text fill="#000">California</text></g><g class="tick" visibility=""><path stroke="#000" visibility="false"></path><text fill="#000">Delaware</text></g><g class="tick" visibility=""><path stroke="#000" visibility="false"></path><text fill="#000">Florida</text></g><g class="tick" visibility=""><path stroke="#000" visibility="false"></path><text fill="#000">Illinois</text></g><g class="tick" visibility=""><path stroke="#000" visibility="false"></path><text fill="#000">Indiana</text></g><g class="tick" visibility=""><path stroke="#000" visibility="false"></path><text fill="#000">Kentucky</text></g><g class="tick" visibility=""><path stroke="#000" visibility="false"></path><text fill="#000">Michigan</text></g><g class="tick" visibility=""><path stroke="#000" visibility="false"></path><text fill="#000">Minnesota</text></g><g class="tick" visibility=""><path stroke="#000" visibility="false"></path><text fill="#000">Nebraska</text></g><g class="tick" visibility=""><path stroke="#000" visibility="false"></path><text fill="#000">New York</text></g><g class="tick" visibility=""><path stroke="#000" visibility="false"></path><text fill="#000">North Carolina</text></g><g class="tick" visibility=""><path stroke="#000" visibility="false"></path><text fill="#000">Oregon</text></g><g class="tick" visibility=""><path stroke="#000" visibility="false"></path><text fill="#000">Pennsylvania</text></g><g class="tick" visibility=""><path stroke="#000" visibility="false"></path><text fill="#000">South Carolina</text></g><g class="tick" visibility=""><path stroke="#000" visibility="false"></path><text fill="#000">Tennessee</text></g><g class="tick" visibility=""><path stroke="#000" visibility="false"></path><text fill="#000">Texas</text></g><g class="tick" visibility=""><path stroke="#000" visibility="false"></path><text fill="#000">Utah</text></g><g class="tick" visibility=""><path stroke="#000" visibility="false"></path><text fill="#000">Virginia</text></g><g class="tick" visibility=""><path stroke="#000" visibility="false"></path><text fill="#000">Washington</text></g><g class="tick" visibility=""><path stroke="#000" visibility="hidden"></path><text fill="#000">Wisconsin</text></g></svg><svg preserveAspectRatio="none" viewBox="-95 0 95 553" fill="none" font-size="10" font-family="sans-serif" text-anchor="end"><path class="domain" stroke="#000"></path><g class="tick" visibility=""><path stroke="#000" visibility="false"></path><text fill="#000">Technology</text></g><g class="tick" visibility=""><path stroke="#000" visibility="false"></path><text fill="#000">Office Supplies</text></g><g class="tick" visibility=""><path stroke="#000" visibility="hidden"></path><text fill="#000">Furniture</text></g></svg><svg><g><g class="bar vertical" fill="#999"><path></path></g><g class="bar vertical" fill="#999"><path></path></g><g class="bar vertical" fill="#999"><path></path></g><g class="bar vertical" fill="#999"><path></path></g><g class="bar vertical" fill="#999"><path></path></g><g class="bar vertical" fill="#999"><path></path></g><g class="bar vertical" fill="#999"><path></path></g><g class="bar vertical" fill="#999"><path></path></g><g class="bar vertical" fill="#999"><path></path></g><g class="bar vertical" fill="#999"><path></path></g><g class="bar vertical" fill="#999"><path></path></g><g class="bar vertical" fill="#999"><path></path></g><g class="bar vertical" fill="#999"><path></path></g><g class="bar vertical" fill="#999"><path></path></g><g class="bar vertical" fill="#999"><path></path></g><g class="bar vertical" fill="#999"><path></path></g><g class="bar vertical" fill="#999"><path></path></g><g class="bar vertical" fill="#999"><path></path></g><g class="bar vertical" fill="#999"><path></path></g><g class="bar vertical" fill="#999"><path></path></g><g class="bar vertical" fill="#999"><path></path></g><g class="bar vertical" fill="#999"><path></path></g><g class="bar vertical" fill="#999"><path></path></g><g class="bar vertical" fill="#999"><path></path></g><g class="bar vertical" fill="#999"><path></path></g><g class="bar vertical" fill="#999"><path></path></g><g class="bar vertical" fill="#999"><path></path></g><g class="bar vertical" fill="#999"><path></path></g><g class="bar vertical" fill="#999"><path></path></g><g class="bar vertical" fill="#999"><path></path></g><g class="bar vertical" fill="#999"><path></path></g><g class="bar vertical" fill="#999"><path></path></g><g class="bar vertical" fill="#999"><path></path></g><g class="bar vertical" fill="#999"><path></path></g><g class="bar vertical" fill="#999"><path></path></g><g class="bar vertical" fill="#999"><path></path></g><g class="bar vertical" fill="#999"><path></path></g><g class="bar vertical" fill="#999"><path></path></g><g class="bar vertical" fill="#999"><path></path></g><g class="bar vertical" fill="#999"><path></path></g><g class="bar vertical" fill="#999"><path></path></g><g class="bar vertical" fill="#999"><path></path></g><g class="bar vertical" fill="#999"><path></path></g><g class="bar vertical" fill="#999"><path></path></g><g class="bar vertical" fill="#999"><path></path></g><g class="bar vertical" fill="#999"><path></path></g><g class="bar vertical" fill="#999"><path></path></g><g class="bar vertical" fill="#999"><path></path></g><g class="bar vertical" fill="#999"><path></path></g><g class="bar vertical" fill="#999"><path></path></g><g class="bar vertical" fill="#999"><path></path></g><g class="bar vertical" fill="#999"><path></path></g><g class="bar vertical" fill="#999"><path></path></g><g class="bar vertical" fill="#999"><path></path></g><g class="bar vertical" fill="#999"><path></path></g><g class="bar vertical" fill="#999"><path></path></g><g class="bar vertical" fill="#999"><path></path></g><g class="bar vertical" fill="#999"><path></path></g><g class="bar vertical" fill="#999"><path></path></g><g class="bar vertical" fill="#999"><path></path></g><g class="bar vertical" fill="#999"><path></path></g><g class="bar vertical" fill="#999"><path></path></g><g class="bar vertical" fill="#999"><path></path></g><g class="bar vertical" fill="#999"><path></path></g><g class="bar vertical" fill="#999"><path></path></g><g class="bar vertical" fill="#999"><path></path></g><g class="bar vertical" fill="#999"><path></path></g><g class="bar vertical" fill="#999"><path></path></g><g class="bar vertical" fill="#999"><path></path></g><g class="bar vertical" fill="#999"><path></path></g><g class="bar vertical" fill="#999"><path></path></g><g class="bar vertical" fill="#999"><path></path></g><g class="bar vertical" fill="#999"><path></path></g><g class="bar vertical" fill="#999"><path></path></g><g class="bar vertical" fill="#999"><path></path></g><g class="bar vertical" fill="#999"><path></path></g><g class="bar vertical" fill="#999"><path></path></g><g class="bar vertical" fill="#999"><path></path></g><g class="bar vertical" fill="#999"><path></path></g><g class="bar vertical" fill="#999"><path></path></g><g class="bar vertical" fill="#999"><path></path></g><g class="bar vertical" fill="#999"><path></path></g><g class="bar vertical" fill="#999"><path></path></g><g class="bar vertical" fill="#999"><path></path></g><g class="bar vertical" fill="#999"><path></path></g><g class="bar vertical" fill="#999"><path></path></g><g class="bar vertical" fill="#999"><path></path></g><g class="bar vertical" fill="#999"><path></path></g><g class="bar vertical" fill="#999"><path></path></g><g class="bar vertical" fill="#999"><path></path></g><g class="bar vertical" fill="#999"><path></path></g><g class="bar vertical" fill="#999"><path></path></g><g class="bar vertical" fill="#999"><path></path></g><g class="bar vertical" fill="#999"><path></path></g><g class="bar vertical" fill="#999"><path></path></g><g class="bar vertical" fill="#999"><path></path></g><g class="bar vertical" fill="#999"><path></path></g><g class="bar vertical" fill="#999"><path></path></g><g class="bar vertical" fill="#999"><path></path></g><g class="bar vertical" fill="#999"><path></path></g><g class="bar vertical" fill="#999"><path></path></g><g class="bar vertical" fill="#999"><path></path></g><g class="bar vertical" fill="#999"><path></path></g><g class="bar vertical" fill="#999"><path></path></g><g class="bar vertical" fill="#999"><path></path></g><g class="bar vertical" fill="#999"><path></path></g><g class="bar vertical" fill="#999"><path></path></g><g class="bar vertical" fill="#999"><path></path></g><g class="bar vertical" fill="#999"><path></path></g><g class="bar vertical" fill="#999"><path></path></g><g class="bar vertical" fill="#999"><path></path></g><g class="bar vertical" fill="#999"><path></path></g><g class="bar vertical" fill="#999"><path></path></g><g class="bar vertical" fill="#999"><path></path></g><g class="bar vertical" fill="#999"><path></path></g><g class="bar vertical" fill="#999"><path></path></g><g class="bar vertical" fill="#999"><path></path></g><g class="bar vertical" fill="#999"><path></path></g><g class="bar vertical" fill="#999"><path></path></g><g class="bar vertical" fill="#999"><path></path></g><g class="bar vertical" fill="#999"><path></path></g><g class="bar vertical" fill="#999"><path></path></g><g class="bar vertical" fill="#999"><path></path></g><g class="bar vertical" fill="#999"><path></path></g><g class="bar vertical" fill="#999"><path></path></g><g class="bar vertical" fill="#999"><path></path></g><g class="bar vertical" fill="#999"><path></path></g><g class="bar vertical" fill="#999"><path></path></g><g class="bar vertical" fill="#999"><path></path></g><g class="bar vertical" fill="#999"><path></path></g><g class="bar vertical" fill="#999"><path></path></g><g class="bar vertical" fill="#999"><path></path></g><g class="bar vertical" fill="#999"><path></path></g><g class="bar vertical" fill="#999"><path></path></g><g class="bar vertical" fill="#999"><path></path></g><g class="bar vertical" fill="#999"><path></path></g><g class="bar vertical" fill="#999"><path></path></g><g class="bar vertical" fill="#999"><path></path></g><g class="bar vertical" fill="#999"><path></path></g><g class="bar vertical" fill="#999"><path></path></g><g class="bar vertical" fill="#999"><path></path></g><g class="bar vertical" fill="#999"><path></path></g><g class="bar vertical" fill="#999"><path></path></g><g class="bar vertical" fill="#999"><path></path></g><g class="bar vertical" fill="#999"><path></path></g><g class="bar vertical" fill="#999"><path></path></g><g class="bar vertical" fill="#999"><path></path></g><g class="bar vertical" fill="#999"><path></path></g><g class="bar vertical" fill="#999"><path></path></g><g class="bar vertical" fill="#999"><path></path></g><g class="bar vertical" fill="#999"><path></path></g><g class="bar vertical" fill="#999"><path></path></g><g class="bar vertical" fill="#999"><path></path></g><g class="bar vertical" fill="#999"><path></path></g><g class="bar vertical" fill="#999"><path></path></g><g class="bar vertical" fill="#999"><path></path></g><g class="bar vertical" fill="#999"><path></path></g><g class="bar vertical" fill="#999"><path></path></g><g class="bar vertical" fill="#999"><path></path></g><g class="bar vertical" fill="#999"><path></path></g><g class="bar vertical" fill="#999"><path></path></g><g class="bar vertical" fill="#999"><path></path></g><g class="bar vertical" fill="#999"><path></path></g><g class="bar vertical" fill="#999"><path></path></g><g class="bar vertical" fill="#999"><path></path></g><g class="bar vertical" fill="#999"><path></path></g><g class="bar vertical" fill="#999"><path></path></g><g class="bar vertical" fill="#999"><path></path></g><g class="bar vertical" fill="#999"><path></path></g><g class="bar vertical" fill="#999"><path></path></g><g class="bar vertical" fill="#999"><path></path></g><g class="bar vertical" fill="#999"><path></path></g><g class="bar vertical" fill="#999"><path></path></g><g class="bar vertical" fill="#999"><path></path></g><g class="bar vertical" fill="#999"><path></path></g><g class="bar vertical" fill="#999"><path></path></g><g class="bar vertical" fill="#999"><path></path></g><g class="bar vertical" fill="#999"><path></path></g><g class="bar vertical" fill="#999"><path></path></g><g class="bar vertical" fill="#999"><path></path></g><g class="bar vertical" fill="#999"><path></path></g><g class="bar vertical" fill="#999"><path></path></g><g class="bar vertical" fill="#999"><path></path></g><g class="bar vertical" fill="#999"><path></path></g><g class="bar vertical" fill="#999"><path></path></g><g class="bar vertical" fill="#999"><path></path></g><g class="bar vertical" fill="#999"><path></path></g><g class="bar vertical" fill="#999"><path></path></g><g class="bar vertical" fill="#999"><path></path></g><g class="bar vertical" fill="#999"><path></path></g><g class="bar vertical" fill="#999"><path></path></g><g class="bar vertical" fill="#999"><path></path></g><g class="bar vertical" fill="#999"><path></path></g><g class="bar vertical" fill="#999"><path></path></g><g class="bar vertical" fill="#999"><path></path></g><g class="bar vertical" fill="#999"><path></path></g><g class="bar vertical" fill="#999"><path></path></g><g class="bar vertical" fill="#999"><path></path></g><g class="bar vertical" fill="#999"><path></path></g><g class="bar vertical" fill="#999"><path></path></g></g><g id="legend-axis" fill="none" font-size="10" font-family="sans-serif" text-anchor="start"><path class="domain" stroke="#000" visibility="hidden"></path><g class="tick"><path stroke="#000"></path><text fill="#000" visibility="false">−3,500</text></g><g class="tick"><path stroke="#000"></path><text fill="#000" visibility="false">3,500</text></g><g class="tick"><path stroke="#000"></path><text fill="#000" visibility="false">0</text></g></g></svg>