<perspective-workspace side="left">
                
                
            <perspective-viewer name="Table 1" table="superstore" slot="PERSPECTIVE_GENERATED_ID_0" class="workspace-detail-widget" theme="Pro Light"><perspective-viewer-datagrid style="position: absolute; inset: 0px; opacity: 1;"><regular-table tabindex="0"> <table cellspacing="0"> <thead></thead> <tbody></tbody> </table> </regular-table></perspective-viewer-datagrid><perspective-viewer-datagrid-toolbar slot="plugin-settings"></perspective-viewer-datagrid-toolbar></perspective-viewer><perspective-viewer name="Table 2" table="superstore" slot="PERSPECTIVE_GENERATED_ID_1" class="workspace-detail-widget" theme="Pro Light"><perspective-viewer-datagrid class="edit-mode-allowed" style="position: absolute; inset: 0px; opacity: 1;"><regular-table tabindex="0"> <table cellspacing="0"> <thead><tr><th class="psp-menu-enabled psp-header-leaf psp-align-right" style="min-width: 53.2109px;"><span>Row ID</span><span class="rt-column-resize"></span></th><th class="psp-menu-enabled psp-header-leaf psp-align-left" style="min-width: 110.82px;"><span>Order ID</span><span class="rt-column-resize"></span></th><th class="psp-menu-enabled psp-header-leaf psp-align-left" style="min-width: 82.0156px;"><span>Order Date</span><span class="rt-column-resize"></span></th><th class="psp-menu-enabled psp-header-leaf psp-align-left" style="min-width: 74.8125px;"><span>Ship Date</span><span class="rt-column-resize"></span></th><th class="psp-menu-enabled psp-header-leaf psp-align-left" style="min-width: 110.82px;"><span>Ship Mode</span><span class="rt-column-resize"></span></th><th class="psp-menu-enabled psp-header-leaf psp-align-left" style="min-width: 89.2188px;"><span>Customer ID</span><span class="rt-column-resize"></span></th><th class="psp-menu-enabled psp-header-leaf psp-align-left" style="min-width: 139.625px;"><span>Customer Name</span><span class="rt-column-resize"></span></th><th class="psp-menu-enabled psp-header-leaf psp-align-left" style="min-width: 89.2188px;"><span>Segment</span><span class="rt-column-resize"></span></th><th class="psp-menu-enabled psp-header-leaf psp-align-left" style="min-width: 103.617px;"><span>Country</span><span class="rt-column-resize"></span></th><th class="psp-menu-enabled psp-header-leaf psp-align-left" style="min-width: 118.023px;"><span>City</span><span class="rt-column-resize"></span></th><th class="psp-menu-enabled psp-header-leaf psp-align-left" style="min-width: 110.82px;"><span>State</span><span class="rt-column-resize"></span></th><th class="psp-menu-enabled psp-header-leaf psp-align-right" style="min-width: 89.2188px;"><span>Postal Code</span><span class="rt-column-resize"></span></th><th class="psp-menu-enabled psp-header-leaf psp-align-left" style="min-width: 60.4141px;"><span>Region</span><span class="rt-column-resize"></span></th><th class="psp-menu-enabled psp-header-leaf psp-align-left" style="min-width: 119.023px;"><span>Product ID</span><span class="rt-column-resize"></span></th></tr></thead> <tbody><tr><td class="psp-align-right" style="color: rgb(51, 141, 205);">1</td><td class="psp-align-left">CA-2016-152156</td><td class="psp-align-left">11/8/16</td><td class="psp-align-left">11/11/16</td><td class="psp-align-left">Second Class</td><td class="psp-align-left">CG-12520</td><td class="psp-align-left">Claire Gute</td><td class="psp-align-left">Consumer</td><td class="psp-align-left">United States</td><td class="psp-align-left">Henderson</td><td class="psp-align-left">Kentucky</td><td class="psp-align-right" style="color: rgb(51, 141, 205);">42,420.00</td><td class="psp-align-left">South</td><td class="psp-align-left">FUR-BO-10001798</td></tr><tr><td class="psp-align-right" style="color: rgb(51, 141, 205);">2</td><td class="psp-align-left">CA-2016-152156</td><td class="psp-align-left">11/8/16</td><td class="psp-align-left">11/11/16</td><td class="psp-align-left">Second Class</td><td class="psp-align-left">CG-12520</td><td class="psp-align-left">Claire Gute</td><td class="psp-align-left">Consumer</td><td class="psp-align-left">United States</td><td class="psp-align-left">Henderson</td><td class="psp-align-left">Kentucky</td><td class="psp-align-right" style="color: rgb(51, 141, 205);">42,420.00</td><td class="psp-align-left">South</td><td class="psp-align-left">FUR-CH-10000454</td></tr><tr><td class="psp-align-right" style="color: rgb(51, 141, 205);">3</td><td class="psp-align-left">CA-2016-138688</td><td class="psp-align-left">6/12/16</td><td class="psp-align-left">6/16/16</td><td class="psp-align-left">Second Class</td><td class="psp-align-left">DV-13045</td><td class="psp-align-left">Darrin Van Huff</td><td class="psp-align-left">Corporate</td><td class="psp-align-left">United States</td><td class="psp-align-left">Los Angeles</td><td class="psp-align-left">California</td><td class="psp-align-right" style="color: rgb(51, 141, 205);">90,036.00</td><td class="psp-align-left">West</td><td class="psp-align-left">OFF-LA-10000240</td></tr><tr><td class="psp-align-right" style="color: rgb(51, 141, 205);">4</td><td class="psp-align-left">US-2015-108966</td><td class="psp-align-left">10/11/15</td><td class="psp-align-left">10/18/15</td><td class="psp-align-left">Standard Class</td><td class="psp-align-left">SO-20335</td><td class="psp-align-left">Sean O'Donnell</td><td class="psp-align-left">Consumer</td><td class="psp-align-left">United States</td><td class="psp-align-left">Fort Lauderdale</td><td class="psp-align-left">Florida</td><td class="psp-align-right" style="color: rgb(51, 141, 205);">33,311.00</td><td class="psp-align-left">South</td><td class="psp-align-left">FUR-TA-10000577</td></tr><tr><td class="psp-align-right" style="color: rgb(51, 141, 205);">5</td><td class="psp-align-left">US-2015-108966</td><td class="psp-align-left">10/11/15</td><td class="psp-align-left">10/18/15</td><td class="psp-align-left">Standard Class</td><td class="psp-align-left">SO-20335</td><td class="psp-align-left">Sean O'Donnell</td><td class="psp-align-left">Consumer</td><td class="psp-align-left">United States</td><td class="psp-align-left">Fort Lauderdale</td><td class="psp-align-left">Florida</td><td class="psp-align-right" style="color: rgb(51, 141, 205);">33,311.00</td><td class="psp-align-left">South</td><td class="psp-align-left">OFF-ST-10000760</td></tr><tr><td class="psp-align-right" style="color: rgb(51, 141, 205);">6</td><td class="psp-align-left">CA-2014-115812</td><td class="psp-align-left">6/9/14</td><td class="psp-align-left">6/14/14</td><td class="psp-align-left">Standard Class</td><td class="psp-align-left">BH-11710</td><td class="psp-align-left">Brosina Hoffman</td><td class="psp-align-left">Consumer</td><td class="psp-align-left">United States</td><td class="psp-align-left">Los Angeles</td><td class="psp-align-left">California</td><td class="psp-align-right" style="color: rgb(51, 141, 205);">90,032.00</td><td class="psp-align-left">West</td><td class="psp-align-left">FUR-FU-10001487</td></tr><tr><td class="psp-align-right" style="color: rgb(51, 141, 205);">7</td><td class="psp-align-left">CA-2014-115812</td><td class="psp-align-left">6/9/14</td><td class="psp-align-left">6/14/14</td><td class="psp-align-left">Standard Class</td><td class="psp-align-left">BH-11710</td><td class="psp-align-left">Brosina Hoffman</td><td class="psp-align-left">Consumer</td><td class="psp-align-left">United States</td><td class="psp-align-left">Los Angeles</td><td class="psp-align-left">California</td><td class="psp-align-right" style="color: rgb(51, 141, 205);">90,032.00</td><td class="psp-align-left">West</td><td class="psp-align-left">OFF-AR-10002833</td></tr><tr><td class="psp-align-right" style="color: rgb(51, 141, 205);">8</td><td class="psp-align-left">CA-2014-115812</td><td class="psp-align-left">6/9/14</td><td class="psp-align-left">6/14/14</td><td class="psp-align-left">Standard Class</td><td class="psp-align-left">BH-11710</td><td class="psp-align-left">Brosina Hoffman</td><td class="psp-align-left">Consumer</td><td class="psp-align-left">United States</td><td class="psp-align-left">Los Angeles</td><td class="psp-align-left">California</td><td class="psp-align-right" style="color: rgb(51, 141, 205);">90,032.00</td><td class="psp-align-left">West</td><td class="psp-align-left">TEC-PH-10002275</td></tr><tr><td class="psp-align-right" style="color: rgb(51, 141, 205);">9</td><td class="psp-align-left">CA-2014-115812</td><td class="psp-align-left">6/9/14</td><td class="psp-align-left">6/14/14</td><td class="psp-align-left">Standard Class</td><td class="psp-align-left">BH-11710</td><td class="psp-align-left">Brosina Hoffman</td><td class="psp-align-left">Consumer</td><td class="psp-align-left">United States</td><td class="psp-align-left">Los Angeles</td><td class="psp-align-left">California</td><td class="psp-align-right" style="color: rgb(51, 141, 205);">90,032.00</td><td class="psp-align-left">West</td><td class="psp-align-left">OFF-BI-10003910</td></tr><tr><td class="psp-align-right" style="color: rgb(51, 141, 205);">10</td><td class="psp-align-left">CA-2014-115812</td><td class="psp-align-left">6/9/14</td><td class="psp-align-left">6/14/14</td><td class="psp-align-left">Standard Class</td><td class="psp-align-left">BH-11710</td><td class="psp-align-left">Brosina Hoffman</td><td class="psp-align-left">Consumer</td><td class="psp-align-left">United States</td><td class="psp-align-left">Los Angeles</td><td class="psp-align-left">California</td><td class="psp-align-right" style="color: rgb(51, 141, 205);">90,032.00</td><td class="psp-align-left">West</td><td class="psp-align-left">OFF-AP-10002892</td></tr><tr><td class="psp-align-right" style="color: rgb(51, 141, 205);">11</td><td class="psp-align-left">CA-2014-115812</td><td class="psp-align-left">6/9/14</td><td class="psp-align-left">6/14/14</td><td class="psp-align-left">Standard Class</td><td class="psp-align-left">BH-11710</td><td class="psp-align-left">Brosina Hoffman</td><td class="psp-align-left">Consumer</td><td class="psp-align-left">United States</td><td class="psp-align-left">Los Angeles</td><td class="psp-align-left">California</td><td class="psp-align-right" style="color: rgb(51, 141, 205);">90,032.00</td><td class="psp-align-left">West</td><td class="psp-align-left">FUR-TA-10001539</td></tr><tr><td class="psp-align-right" style="color: rgb(51, 141, 205);">12</td><td class="psp-align-left">CA-2014-115812</td><td class="psp-align-left">6/9/14</td><td class="psp-align-left">6/14/14</td><td class="psp-align-left">Standard Class</td><td class="psp-align-left">BH-11710</td><td class="psp-align-left">Brosina Hoffman</td><td class="psp-align-left">Consumer</td><td class="psp-align-left">United States</td><td class="psp-align-left">Los Angeles</td><td class="psp-align-left">California</td><td class="psp-align-right" style="color: rgb(51, 141, 205);">90,032.00</td><td class="psp-align-left">West</td><td class="psp-align-left">TEC-PH-10002033</td></tr><tr><td class="psp-align-right" style="color: rgb(51, 141, 205);">13</td><td class="psp-align-left">CA-2017-114412</td><td class="psp-align-left">4/15/17</td><td class="psp-align-left">4/20/17</td><td class="psp-align-left">Standard Class</td><td class="psp-align-left">AA-10480</td><td class="psp-align-left">Andrew Allen</td><td class="psp-align-left">Consumer</td><td class="psp-align-left">United States</td><td class="psp-align-left">Concord</td><td class="psp-align-left">North Carolina</td><td class="psp-align-right" style="color: rgb(51, 141, 205);">28,027.00</td><td class="psp-align-left">South</td><td class="psp-align-left">OFF-PA-10002365</td></tr><tr><td class="psp-align-right" style="color: rgb(51, 141, 205);">14</td><td class="psp-align-left">CA-2016-161389</td><td class="psp-align-left">12/5/16</td><td class="psp-align-left">12/10/16</td><td class="psp-align-left">Standard Class</td><td class="psp-align-left">IM-15070</td><td class="psp-align-left">Irene Maddox</td><td class="psp-align-left">Consumer</td><td class="psp-align-left">United States</td><td class="psp-align-left">Seattle</td><td class="psp-align-left">Washington</td><td class="psp-align-right" style="color: rgb(51, 141, 205);">98,103.00</td><td class="psp-align-left">West</td><td class="psp-align-left">OFF-BI-10003656</td></tr><tr><td class="psp-align-right" style="color: rgb(51, 141, 205);">15</td><td class="psp-align-left">US-2015-118983</td><td class="psp-align-left">11/22/15</td><td class="psp-align-left">11/26/15</td><td class="psp-align-left">Standard Class</td><td class="psp-align-left">HP-14815</td><td class="psp-align-left">Harold Pawlan</td><td class="psp-align-left">Home Office</td><td class="psp-align-left">United States</td><td class="psp-align-left">Fort Worth</td><td class="psp-align-left">Texas</td><td class="psp-align-right" style="color: rgb(51, 141, 205);">76,106.00</td><td class="psp-align-left">Central</td><td class="psp-align-left">OFF-AP-10002311</td></tr><tr><td class="psp-align-right" style="color: rgb(51, 141, 205);">16</td><td class="psp-align-left">US-2015-118983</td><td class="psp-align-left">11/22/15</td><td class="psp-align-left">11/26/15</td><td class="psp-align-left">Standard Class</td><td class="psp-align-left">HP-14815</td><td class="psp-align-left">Harold Pawlan</td><td class="psp-align-left">Home Office</td><td class="psp-align-left">United States</td><td class="psp-align-left">Fort Worth</td><td class="psp-align-left">Texas</td><td class="psp-align-right" style="color: rgb(51, 141, 205);">76,106.00</td><td class="psp-align-left">Central</td><td class="psp-align-left">OFF-BI-10000756</td></tr><tr><td class="psp-align-right" style="color: rgb(51, 141, 205);">17</td><td class="psp-align-left">CA-2014-105893</td><td class="psp-align-left">11/11/14</td><td class="psp-align-left">11/18/14</td><td class="psp-align-left">Standard Class</td><td class="psp-align-left">PK-19075</td><td class="psp-align-left">Pete Kriz</td><td class="psp-align-left">Consumer</td><td class="psp-align-left">United States</td><td class="psp-align-left">Madison</td><td class="psp-align-left">Wisconsin</td><td class="psp-align-right" style="color: rgb(51, 141, 205);">53,711.00</td><td class="psp-align-left">Central</td><td class="psp-align-left">OFF-ST-10004186</td></tr><tr><td class="psp-align-right" style="color: rgb(51, 141, 205);">18</td><td class="psp-align-left">CA-2014-167164</td><td class="psp-align-left">5/13/14</td><td class="psp-align-left">5/15/14</td><td class="psp-align-left">Second Class</td><td class="psp-align-left">AG-10270</td><td class="psp-align-left">Alejandro Grove</td><td class="psp-align-left">Consumer</td><td class="psp-align-left">United States</td><td class="psp-align-left">West Jordan</td><td class="psp-align-left">Utah</td><td class="psp-align-right" style="color: rgb(51, 141, 205);">84,084.00</td><td class="psp-align-left">West</td><td class="psp-align-left">OFF-ST-10000107</td></tr><tr><td class="psp-align-right" style="color: rgb(51, 141, 205);">19</td><td class="psp-align-left">CA-2014-143336</td><td class="psp-align-left">8/27/14</td><td class="psp-align-left">9/1/14</td><td class="psp-align-left">Second Class</td><td class="psp-align-left">ZD-21925</td><td class="psp-align-left">Zuschuss Donatelli</td><td class="psp-align-left">Consumer</td><td class="psp-align-left">United States</td><td class="psp-align-left">San Francisco</td><td class="psp-align-left">California</td><td class="psp-align-right" style="color: rgb(51, 141, 205);">94,109.00</td><td class="psp-align-left">West</td><td class="psp-align-left">OFF-AR-10003056</td></tr><tr><td class="psp-align-right" style="color: rgb(51, 141, 205);">20</td><td class="psp-align-left">CA-2014-143336</td><td class="psp-align-left">8/27/14</td><td class="psp-align-left">9/1/14</td><td class="psp-align-left">Second Class</td><td class="psp-align-left">ZD-21925</td><td class="psp-align-left">Zuschuss Donatelli</td><td class="psp-align-left">Consumer</td><td class="psp-align-left">United States</td><td class="psp-align-left">San Francisco</td><td class="psp-align-left">California</td><td class="psp-align-right" style="color: rgb(51, 141, 205);">94,109.00</td><td class="psp-align-left">West</td><td class="psp-align-left">TEC-PH-10001949</td></tr><tr><td class="psp-align-right" style="color: rgb(51, 141, 205);">21</td><td class="psp-align-left">CA-2014-143336</td><td class="psp-align-left">8/27/14</td><td class="psp-align-left">9/1/14</td><td class="psp-align-left">Second Class</td><td class="psp-align-left">ZD-21925</td><td class="psp-align-left">Zuschuss Donatelli</td><td class="psp-align-left">Consumer</td><td class="psp-align-left">United States</td><td class="psp-align-left">San Francisco</td><td class="psp-align-left">California</td><td class="psp-align-right" style="color: rgb(51, 141, 205);">94,109.00</td><td class="psp-align-left">West</td><td class="psp-align-left">OFF-BI-10002215</td></tr><tr><td class="psp-align-right" style="color: rgb(51, 141, 205);">22</td><td class="psp-align-left">CA-2016-137330</td><td class="psp-align-left">12/9/16</td><td class="psp-align-left">12/13/16</td><td class="psp-align-left">Standard Class</td><td class="psp-align-left">KB-16585</td><td class="psp-align-left">Ken Black</td><td class="psp-align-left">Corporate</td><td class="psp-align-left">United States</td><td class="psp-align-left">Fremont</td><td class="psp-align-left">Nebraska</td><td class="psp-align-right" style="color: rgb(51, 141, 205);">68,025.00</td><td class="psp-align-left">Central</td><td class="psp-align-left">OFF-AR-10000246</td></tr><tr><td class="psp-align-right" style="color: rgb(51, 141, 205);">23</td><td class="psp-align-left">CA-2016-137330</td><td class="psp-align-left">12/9/16</td><td class="psp-align-left">12/13/16</td><td class="psp-align-left">Standard Class</td><td class="psp-align-left">KB-16585</td><td class="psp-align-left">Ken Black</td><td class="psp-align-left">Corporate</td><td class="psp-align-left">United States</td><td class="psp-align-left">Fremont</td><td class="psp-align-left">Nebraska</td><td class="psp-align-right" style="color: rgb(51, 141, 205);">68,025.00</td><td class="psp-align-left">Central</td><td class="psp-align-left">OFF-AP-10001492</td></tr><tr><td class="psp-align-right" style="color: rgb(51, 141, 205);">24</td><td class="psp-align-left">US-2017-156909</td><td class="psp-align-left">7/16/17</td><td class="psp-align-left">7/18/17</td><td class="psp-align-left">Second Class</td><td class="psp-align-left">SF-20065</td><td class="psp-align-left">Sandra Flanagan</td><td class="psp-align-left">Consumer</td><td class="psp-align-left">United States</td><td class="psp-align-left">Philadelphia</td><td class="psp-align-left">Pennsylvania</td><td class="psp-align-right" style="color: rgb(51, 141, 205);">19,140.00</td><td class="psp-align-left">East</td><td class="psp-align-left">FUR-CH-10002774</td></tr><tr><td class="psp-align-right" style="color: rgb(51, 141, 205);">25</td><td class="psp-align-left">CA-2015-106320</td><td class="psp-align-left">9/25/15</td><td class="psp-align-left">9/30/15</td><td class="psp-align-left">Standard Class</td><td class="psp-align-left">EB-13870</td><td class="psp-align-left">Emily Burns</td><td class="psp-align-left">Consumer</td><td class="psp-align-left">United States</td><td class="psp-align-left">Orem</td><td class="psp-align-left">Utah</td><td class="psp-align-right" style="color: rgb(51, 141, 205);">84,057.00</td><td class="psp-align-left">West</td><td class="psp-align-left">FUR-TA-10000577</td></tr><tr><td class="psp-align-right" style="color: rgb(51, 141, 205);">26</td><td class="psp-align-left">CA-2016-121755</td><td class="psp-align-left">1/16/16</td><td class="psp-align-left">1/20/16</td><td class="psp-align-left">Second Class</td><td class="psp-align-left">EH-13945</td><td class="psp-align-left">Eric Hoffmann</td><td class="psp-align-left">Consumer</td><td class="psp-align-left">United States</td><td class="psp-align-left">Los Angeles</td><td class="psp-align-left">California</td><td class="psp-align-right" style="color: rgb(51, 141, 205);">90,049.00</td><td class="psp-align-left">West</td><td class="psp-align-left">OFF-BI-10001634</td></tr><tr><td class="psp-align-right" style="color: rgb(51, 141, 205);">27</td><td class="psp-align-left">CA-2016-121755</td><td class="psp-align-left">1/16/16</td><td class="psp-align-left">1/20/16</td><td class="psp-align-left">Second Class</td><td class="psp-align-left">EH-13945</td><td class="psp-align-left">Eric Hoffmann</td><td class="psp-align-left">Consumer</td><td class="psp-align-left">United States</td><td class="psp-align-left">Los Angeles</td><td class="psp-align-left">California</td><td class="psp-align-right" style="color: rgb(51, 141, 205);">90,049.00</td><td class="psp-align-left">West</td><td class="psp-align-left">TEC-AC-10003027</td></tr><tr><td class="psp-align-right" style="color: rgb(51, 141, 205);">28</td><td class="psp-align-left">US-2015-150630</td><td class="psp-align-left">9/17/15</td><td class="psp-align-left">9/21/15</td><td class="psp-align-left">Standard Class</td><td class="psp-align-left">TB-21520</td><td class="psp-align-left">Tracy Blumstein</td><td class="psp-align-left">Consumer</td><td class="psp-align-left">United States</td><td class="psp-align-left">Philadelphia</td><td class="psp-align-left">Pennsylvania</td><td class="psp-align-right" style="color: rgb(51, 141, 205);">19,140.00</td><td class="psp-align-left">East</td><td class="psp-align-left">FUR-BO-10004834</td></tr><tr><td class="psp-align-right" style="color: rgb(51, 141, 205);">29</td><td class="psp-align-left">US-2015-150630</td><td class="psp-align-left">9/17/15</td><td class="psp-align-left">9/21/15</td><td class="psp-align-left">Standard Class</td><td class="psp-align-left">TB-21520</td><td class="psp-align-left">Tracy Blumstein</td><td class="psp-align-left">Consumer</td><td class="psp-align-left">United States</td><td class="psp-align-left">Philadelphia</td><td class="psp-align-left">Pennsylvania</td><td class="psp-align-right" style="color: rgb(51, 141, 205);">19,140.00</td><td class="psp-align-left">East</td><td class="psp-align-left">OFF-BI-10000474</td></tr></tbody> </table> </regular-table></perspective-viewer-datagrid><perspective-viewer-datagrid-toolbar slot="plugin-settings"></perspective-viewer-datagrid-toolbar></perspective-viewer></perspective-workspace>