<svg><g class="treemap"><g><rect class="treerect leafnode" style="x: -0.5; y: 0px; width: 0px; height: 127.388px; fill: rgba(31, 119, 180, 0.8);"></rect><text></text></g><g><rect class="treerect leafnode" style="x: 0px; y: 0px; width: 298px; height: 127.388px; fill: rgba(240, 240, 240, 0.8);"></rect><text>Pennsylvania</text></g><g><rect class="treerect leafnode" style="x: -0.5; y: 130.388; width: 0px; height: 178.612px; fill: rgba(31, 119, 180, 0.8);"></rect><text></text></g><g><rect class="treerect leafnode" style="x: 0px; y: 130.388; width: 298px; height: 178.612px; fill: rgba(240, 240, 240, 0.8);"></rect><text>Texas</text></g><g><rect class="treerect leafnode" style="x: 299.805; y: 130.388; width: 0px; height: 178.612px; fill: rgba(31, 119, 180, 0.8);"></rect><text></text></g><g><rect class="treerect leafnode" style="x: 299.805; y: 309.5; width: 0px; height: 0px; fill: rgba(31, 119, 180, 0.8);"></rect><text></text></g><g><rect class="treerect leafnode" style="x: 300.305; y: 309.5; width: 0px; height: 0px; fill: rgba(31, 119, 180, 0.8);"></rect><text></text></g><g><rect class="treerect leafnode" style="x: 299.805; y: 310.5; width: 0px; height: 0px; fill: rgba(31, 119, 180, 0.8);"></rect><text></text></g><g><rect class="treerect leafnode" style="x: 299.805; y: 311; width: 0px; height: 0px; fill: rgba(31, 119, 180, 0.8);"></rect><text></text></g><g><rect class="treerect leafnode" style="x: 300.305; y: 311; width: 0px; height: 0px; fill: rgba(31, 119, 180, 0.8);"></rect><text></text></g><g><rect class="treerect branchnode" style="x: 0px; y: 0px; width: 298px; height: 127.388px; fill: transparent;"></rect><text>East</text></g><g><rect class="treerect branchnode" style="x: 0px; y: 130.388; width: 298px; height: 178.612px; fill: transparent;"></rect><text>Central</text></g><g><rect class="treerect branchnode" style="x: 299.805; y: 130.388; width: 0px; height: 178.612px; fill: transparent;"></rect><text></text></g><g><rect class="treerect branchnode" style="x: 299.805; y: 310.5; width: 0px; height: 0px; fill: transparent;"></rect><text></text></g><g><rect class="treerect rootnode" style="x: 0px; y: 0px; width: 298px; height: 309px; fill: transparent;"></rect><text>root</text></g></g></svg><svg><g class="treemap"><g><rect class="treerect leafnode" style="x: 0px; y: -1.5; width: 298px; height: 0px; fill: rgba(31, 119, 180, 0.8);"></rect><text></text></g><g><rect class="treerect leafnode" style="x: 298.805; y: -1.5; width: 0px; height: 0px; fill: rgba(31, 119, 180, 0.8);"></rect><text></text></g><g><rect class="treerect leafnode" style="x: 299.805; y: -1.5; width: 0px; height: 0px; fill: rgba(31, 119, 180, 0.8);"></rect><text></text></g><g><rect class="treerect leafnode" style="x: 299.805; y: -1; width: 0px; height: 0px; fill: rgba(31, 119, 180, 0.8);"></rect><text></text></g><g><rect class="treerect leafnode" style="x: -0.5; y: 0px; width: 0px; height: 7.26667px; fill: rgba(31, 119, 180, 0.8);"></rect><text></text></g><g><rect class="treerect leafnode" style="x: 0px; y: 0px; width: 298px; height: 7.26667px; fill: rgba(240, 240, 240, 0.8);"></rect><text>Kentucky</text></g><g><rect class="treerect leafnode" style="x: 0px; y: 8.26667; width: 298px; height: 300.733px; fill: rgba(240, 240, 240, 0.8);"></rect><text>Tennessee</text></g><g><rect class="treerect leafnode" style="x: 0px; y: 310.5; width: 298px; height: 0px; fill: rgba(31, 119, 180, 0.8);"></rect><text></text></g><g><rect class="treerect leafnode" style="x: 298.805; y: 310.5; width: 0px; height: 0px; fill: rgba(31, 119, 180, 0.8);"></rect><text></text></g><g><rect class="treerect leafnode" style="x: 298.805; y: 311; width: 0px; height: 0px; fill: rgba(31, 119, 180, 0.8);"></rect><text></text></g><g><rect class="treerect branchnode" style="x: 0px; y: -1.5; width: 298px; height: 0px; fill: transparent;"></rect><text></text></g><g><rect class="treerect branchnode" style="x: 299.805; y: -1.5; width: 0px; height: 0px; fill: transparent;"></rect><text></text></g><g><rect class="treerect branchnode" style="x: 0px; y: 0px; width: 298px; height: 309px; fill: transparent;"></rect><text>South</text></g><g><rect class="treerect branchnode" style="x: 0px; y: 310.5; width: 298px; height: 0px; fill: transparent;"></rect><text></text></g><g><rect class="treerect rootnode" style="x: 0px; y: 0px; width: 298px; height: 309px; fill: transparent;"></rect><text>root</text></g></g></svg><svg><g class="treemap"><g><rect class="treerect leafnode" style="x: -1.5; y: 0px; width: 0px; height: 28.2px; fill: rgba(31, 119, 180, 0.8);"></rect><text></text></g><g><rect class="treerect leafnode" style="x: -1.5; y: 28.7; width: 0px; height: 0px; fill: rgba(31, 119, 180, 0.8);"></rect><text></text></g><g><rect class="treerect leafnode" style="x: -1.5; y: 29.7; width: 0px; height: 0px; fill: rgba(31, 119, 180, 0.8);"></rect><text></text></g><g><rect class="treerect leafnode" style="x: -1.5; y: 30.2; width: 0px; height: 0px; fill: rgba(31, 119, 180, 0.8);"></rect><text></text></g><g><rect class="treerect leafnode" style="x: 0px; y: 0px; width: 298px; height: 28.2px; fill: rgba(240, 240, 240, 0.8);"></rect><text>Florida</text></g><g><rect class="treerect leafnode" style="x: 298.805; y: 0px; width: 0px; height: 28.2px; fill: rgba(31, 119, 180, 0.8);"></rect><text></text></g><g><rect class="treerect leafnode" style="x: 298.805; y: 28.7; width: 0px; height: 0px; fill: rgba(31, 119, 180, 0.8);"></rect><text></text></g><g><rect class="treerect leafnode" style="x: 0px; y: 30.7; width: 207px; height: 0px; fill: rgba(31, 119, 180, 0.8);"></rect><text></text></g><g><rect class="treerect leafnode" style="x: 0px; y: 31.2; width: 207px; height: 277.8px; fill: rgba(240, 240, 240, 0.8);"></rect><text>Utah</text></g><g><rect class="treerect leafnode" style="x: 207.85; y: 31.2; width: 90px; height: 277.8px; fill: rgba(240, 240, 240, 0.8);"></rect><text>California</text></g><g><rect class="treerect branchnode" style="x: -1.5; y: 0px; width: 0px; height: 28.2px; fill: transparent;"></rect><text></text></g><g><rect class="treerect branchnode" style="x: -1.5; y: 29.7; width: 0px; height: 0px; fill: transparent;"></rect><text></text></g><g><rect class="treerect branchnode" style="x: 0px; y: 0px; width: 298px; height: 28.2px; fill: transparent;"></rect><text>South</text></g><g><rect class="treerect branchnode" style="x: 0px; y: 31.2; width: 298px; height: 277.8px; fill: transparent;"></rect><text>West</text></g><g><rect class="treerect rootnode" style="x: 0px; y: 0px; width: 298px; height: 309px; fill: transparent;"></rect><text>root</text></g></g></svg><svg><g class="treemap"><g><rect class="treerect leafnode" style="x: 0px; y: -1.5; width: 298px; height: 0px; fill: rgba(31, 119, 180, 0.8);"></rect><text></text></g><g><rect class="treerect leafnode" style="x: 298.805; y: -1.5; width: 0px; height: 0px; fill: rgba(31, 119, 180, 0.8);"></rect><text></text></g><g><rect class="treerect leafnode" style="x: 299.805; y: -1.5; width: 0px; height: 0px; fill: rgba(31, 119, 180, 0.8);"></rect><text></text></g><g><rect class="treerect leafnode" style="x: 299.805; y: -1; width: 0px; height: 0px; fill: rgba(31, 119, 180, 0.8);"></rect><text></text></g><g><rect class="treerect leafnode" style="x: 299.805; y: -1.5; width: 0px; height: 0px; fill: rgba(31, 119, 180, 0.8);"></rect><text></text></g><g><rect class="treerect leafnode" style="x: 299.805; y: -1; width: 0px; height: 0px; fill: rgba(31, 119, 180, 0.8);"></rect><text></text></g><g><rect class="treerect leafnode" style="x: 300.305; y: -1; width: 0px; height: 0px; fill: rgba(31, 119, 180, 0.8);"></rect><text></text></g><g><rect class="treerect leafnode" style="x: 0px; y: 0px; width: 298px; height: 309px; fill: rgba(240, 240, 240, 0.8);"></rect><text>Arizona</text></g><g><rect class="treerect leafnode" style="x: 0px; y: 309.5; width: 298px; height: 0px; fill: rgba(31, 119, 180, 0.8);"></rect><text></text></g><g><rect class="treerect leafnode" style="x: 298.805; y: 309.5; width: 0px; height: 0px; fill: rgba(31, 119, 180, 0.8);"></rect><text></text></g><g><rect class="treerect branchnode" style="x: 0px; y: -1.5; width: 298px; height: 0px; fill: transparent;"></rect><text></text></g><g><rect class="treerect branchnode" style="x: 299.805; y: -1.5; width: 0px; height: 0px; fill: transparent;"></rect><text></text></g><g><rect class="treerect branchnode" style="x: 299.805; y: -1.5; width: 0px; height: 0px; fill: transparent;"></rect><text></text></g><g><rect class="treerect branchnode" style="x: 0px; y: 0px; width: 298px; height: 309px; fill: transparent;"></rect><text>West</text></g><g><rect class="treerect rootnode" style="x: 0px; y: 0px; width: 298px; height: 309px; fill: transparent;"></rect><text>root</text></g></g></svg><svg><g class="treemap"><g><rect class="treerect leafnode" style="x: 0px; y: -1.5; width: 298px; height: 0px; fill: rgba(31, 119, 180, 0.8);"></rect><text></text></g><g><rect class="treerect leafnode" style="x: 298.805; y: -1.5; width: 0px; height: 0px; fill: rgba(31, 119, 180, 0.8);"></rect><text></text></g><g><rect class="treerect leafnode" style="x: 0px; y: 0px; width: 298px; height: 309px; fill: rgba(240, 240, 240, 0.8);"></rect><text>Wisconsin</text></g><g><rect class="treerect leafnode" style="x: 0px; y: 309.5; width: 298px; height: 0px; fill: rgba(31, 119, 180, 0.8);"></rect><text></text></g><g><rect class="treerect leafnode" style="x: 0px; y: 310.5; width: 298px; height: 0px; fill: rgba(31, 119, 180, 0.8);"></rect><text></text></g><g><rect class="treerect leafnode" style="x: 298.805; y: 310.5; width: 0px; height: 0px; fill: rgba(31, 119, 180, 0.8);"></rect><text></text></g><g><rect class="treerect leafnode" style="x: 298.805; y: 311; width: 0px; height: 0px; fill: rgba(31, 119, 180, 0.8);"></rect><text></text></g><g><rect class="treerect leafnode" style="x: 299.805; y: 310.5; width: 0px; height: 0px; fill: rgba(31, 119, 180, 0.8);"></rect><text></text></g><g><rect class="treerect leafnode" style="x: 299.805; y: 311; width: 0px; height: 0px; fill: rgba(31, 119, 180, 0.8);"></rect><text></text></g><g><rect class="treerect leafnode" style="x: 300.305; y: 311; width: 0px; height: 0px; fill: rgba(31, 119, 180, 0.8);"></rect><text></text></g><g><rect class="treerect branchnode" style="x: 0px; y: -1.5; width: 298px; height: 0px; fill: transparent;"></rect><text></text></g><g><rect class="treerect branchnode" style="x: 0px; y: 0px; width: 298px; height: 309px; fill: transparent;"></rect><text>Central</text></g><g><rect class="treerect branchnode" style="x: 0px; y: 310.5; width: 298px; height: 0px; fill: transparent;"></rect><text></text></g><g><rect class="treerect branchnode" style="x: 299.805; y: 310.5; width: 0px; height: 0px; fill: transparent;"></rect><text></text></g><g><rect class="treerect rootnode" style="x: 0px; y: 0px; width: 298px; height: 309px; fill: transparent;"></rect><text>root</text></g></g></svg><svg><g class="treemap"><g><rect class="treerect leafnode" style="x: 0px; y: 0px; width: 298px; height: 151.595px; fill: rgba(240, 240, 240, 0.8);"></rect><text>New York</text></g><g><rect class="treerect leafnode" style="x: 298.805; y: 0px; width: 0px; height: 151.595px; fill: rgba(31, 119, 180, 0.8);"></rect><text></text></g><g><rect class="treerect leafnode" style="x: -0.5; y: 154.595; width: 0px; height: 154.405px; fill: rgba(31, 119, 180, 0.8);"></rect><text></text></g><g><rect class="treerect leafnode" style="x: 0px; y: 154.595; width: 191px; height: 154.405px; fill: rgba(240, 240, 240, 0.8);"></rect><text>Texas</text></g><g><rect class="treerect leafnode" style="x: 193.696; y: 153.095; width: 105px; height: 0px; fill: rgba(31, 119, 180, 0.8);"></rect><text></text></g><g><rect class="treerect leafnode" style="x: 298.805; y: 153.095; width: 0px; height: 0px; fill: rgba(31, 119, 180, 0.8);"></rect><text></text></g><g><rect class="treerect leafnode" style="x: 298.805; y: 153.595; width: 0px; height: 0px; fill: rgba(31, 119, 180, 0.8);"></rect><text></text></g><g><rect class="treerect leafnode" style="x: 193.696; y: 154.095; width: 105px; height: 0px; fill: rgba(31, 119, 180, 0.8);"></rect><text></text></g><g><rect class="treerect leafnode" style="x: 298.805; y: 154.095; width: 0px; height: 0px; fill: rgba(31, 119, 180, 0.8);"></rect><text></text></g><g><rect class="treerect leafnode" style="x: 193.696; y: 154.595; width: 105px; height: 154.405px; fill: rgba(26, 35, 126, 0.8);"></rect><text>California</text></g><g><rect class="treerect branchnode" style="x: 0px; y: 0px; width: 298px; height: 151.595px; fill: transparent;"></rect><text>East</text></g><g><rect class="treerect branchnode" style="x: 0px; y: 154.595; width: 191px; height: 154.405px; fill: transparent;"></rect><text>Central</text></g><g><rect class="treerect branchnode" style="x: 193.696; y: 153.095; width: 105px; height: 0px; fill: transparent;"></rect><text></text></g><g><rect class="treerect branchnode" style="x: 193.696; y: 154.595; width: 105px; height: 154.405px; fill: transparent;"></rect><text>West</text></g><g><rect class="treerect rootnode" style="x: 0px; y: 0px; width: 298px; height: 309px; fill: transparent;"></rect><text>root</text></g></g></svg><svg><g><g class="bar vertical" fill="#999"><path></path></g><g class="bar vertical" fill="#999"><path></path></g><g class="bar vertical" fill="#999"><path></path></g><g class="bar vertical" fill="#999"><path></path></g><g class="bar vertical" fill="#999"><path></path></g><g class="bar vertical" fill="#999"><path></path></g><g class="bar vertical" fill="#999"><path></path></g><g class="bar vertical" fill="#999"><path></path></g><g class="bar vertical" fill="#999"><path></path></g><g class="bar vertical" fill="#999"><path></path></g><g class="bar vertical" fill="#999"><path></path></g><g class="bar vertical" fill="#999"><path></path></g><g class="bar vertical" fill="#999"><path></path></g><g class="bar vertical" fill="#999"><path></path></g><g class="bar vertical" fill="#999"><path></path></g><g class="bar vertical" fill="#999"><path></path></g><g class="bar vertical" fill="#999"><path></path></g><g class="bar vertical" fill="#999"><path></path></g><g class="bar vertical" fill="#999"><path></path></g><g class="bar vertical" fill="#999"><path></path></g><g class="bar vertical" fill="#999"><path></path></g><g class="bar vertical" fill="#999"><path></path></g><g class="bar vertical" fill="#999"><path></path></g><g class="bar vertical" fill="#999"><path></path></g><g class="bar vertical" fill="#999"><path></path></g><g class="bar vertical" fill="#999"><path></path></g><g class="bar vertical" fill="#999"><path></path></g><g class="bar vertical" fill="#999"><path></path></g><g class="bar vertical" fill="#999"><path></path></g><g class="bar vertical" fill="#999"><path></path></g><g class="bar vertical" fill="#999"><path></path></g><g class="bar vertical" fill="#999"><path></path></g><g class="bar vertical" fill="#999"><path></path></g><g class="bar vertical" fill="#999"><path></path></g><g class="bar vertical" fill="#999"><path></path></g><g class="bar vertical" fill="#999"><path></path></g><g class="bar vertical" fill="#999"><path></path></g><g class="bar vertical" fill="#999"><path></path></g><g class="bar vertical" fill="#999"><path></path></g><g class="bar vertical" fill="#999"><path></path></g><g class="bar vertical" fill="#999"><path></path></g><g class="bar vertical" fill="#999"><path></path></g><g class="bar vertical" fill="#999"><path></path></g><g class="bar vertical" fill="#999"><path></path></g><g class="bar vertical" fill="#999"><path></path></g><g class="bar vertical" fill="#999"><path></path></g><g class="bar vertical" fill="#999"><path></path></g><g class="bar vertical" fill="#999"><path></path></g><g class="bar vertical" fill="#999"><path></path></g><g class="bar vertical" fill="#999"><path></path></g><g class="bar vertical" fill="#999"><path></path></g><g class="bar vertical" fill="#999"><path></path></g><g class="bar vertical" fill="#999"><path></path></g><g class="bar vertical" fill="#999"><path></path></g><g class="bar vertical" fill="#999"><path></path></g><g class="bar vertical" fill="#999"><path></path></g><g class="bar vertical" fill="#999"><path></path></g><g class="bar vertical" fill="#999"><path></path></g><g class="bar vertical" fill="#999"><path></path></g><g class="bar vertical" fill="#999"><path></path></g><g class="bar vertical" fill="#999"><path></path></g><g class="bar vertical" fill="#999"><path></path></g><g class="bar vertical" fill="#999"><path></path></g><g class="bar vertical" fill="#999"><path></path></g><g class="bar vertical" fill="#999"><path></path></g><g class="bar vertical" fill="#999"><path></path></g><g class="bar vertical" fill="#999"><path></path></g><g class="bar vertical" fill="#999"><path></path></g><g class="bar vertical" fill="#999"><path></path></g><g class="bar vertical" fill="#999"><path></path></g><g class="bar vertical" fill="#999"><path></path></g><g class="bar vertical" fill="#999"><path></path></g><g class="bar vertical" fill="#999"><path></path></g><g class="bar vertical" fill="#999"><path></path></g><g class="bar vertical" fill="#999"><path></path></g><g class="bar vertical" fill="#999"><path></path></g><g class="bar vertical" fill="#999"><path></path></g><g class="bar vertical" fill="#999"><path></path></g><g class="bar vertical" fill="#999"><path></path></g><g class="bar vertical" fill="#999"><path></path></g><g class="bar vertical" fill="#999"><path></path></g><g class="bar vertical" fill="#999"><path></path></g><g class="bar vertical" fill="#999"><path></path></g><g class="bar vertical" fill="#999"><path></path></g><g class="bar vertical" fill="#999"><path></path></g><g class="bar vertical" fill="#999"><path></path></g><g class="bar vertical" fill="#999"><path></path></g><g class="bar vertical" fill="#999"><path></path></g><g class="bar vertical" fill="#999"><path></path></g><g class="bar vertical" fill="#999"><path></path></g><g class="bar vertical" fill="#999"><path></path></g><g class="bar vertical" fill="#999"><path></path></g><g class="bar vertical" fill="#999"><path></path></g><g class="bar vertical" fill="#999"><path></path></g><g class="bar vertical" fill="#999"><path></path></g><g class="bar vertical" fill="#999"><path></path></g><g class="bar vertical" fill="#999"><path></path></g><g class="bar vertical" fill="#999"><path></path></g><g class="bar vertical" fill="#999"><path></path></g><g class="bar vertical" fill="#999"><path></path></g><g class="bar vertical" fill="#999"><path></path></g><g class="bar vertical" fill="#999"><path></path></g><g class="bar vertical" fill="#999"><path></path></g><g class="bar vertical" fill="#999"><path></path></g><g class="bar vertical" fill="#999"><path></path></g><g class="bar vertical" fill="#999"><path></path></g><g class="bar vertical" fill="#999"><path></path></g><g class="bar vertical" fill="#999"><path></path></g><g class="bar vertical" fill="#999"><path></path></g><g class="bar vertical" fill="#999"><path></path></g><g class="bar vertical" fill="#999"><path></path></g><g class="bar vertical" fill="#999"><path></path></g><g class="bar vertical" fill="#999"><path></path></g><g class="bar vertical" fill="#999"><path></path></g><g class="bar vertical" fill="#999"><path></path></g><g class="bar vertical" fill="#999"><path></path></g><g class="bar vertical" fill="#999"><path></path></g><g class="bar vertical" fill="#999"><path></path></g><g class="bar vertical" fill="#999"><path></path></g><g class="bar vertical" fill="#999"><path></path></g><g class="bar vertical" fill="#999"><path></path></g><g class="bar vertical" fill="#999"><path></path></g><g class="bar vertical" fill="#999"><path></path></g><g class="bar vertical" fill="#999"><path></path></g><g class="bar vertical" fill="#999"><path></path></g><g class="bar vertical" fill="#999"><path></path></g><g class="bar vertical" fill="#999"><path></path></g><g class="bar vertical" fill="#999"><path></path></g><g class="bar vertical" fill="#999"><path></path></g><g class="bar vertical" fill="#999"><path></path></g><g class="bar vertical" fill="#999"><path></path></g><g class="bar vertical" fill="#999"><path></path></g><g class="bar vertical" fill="#999"><path></path></g><g class="bar vertical" fill="#999"><path></path></g><g class="bar vertical" fill="#999"><path></path></g><g class="bar vertical" fill="#999"><path></path></g><g class="bar vertical" fill="#999"><path></path></g><g class="bar vertical" fill="#999"><path></path></g><g class="bar vertical" fill="#999"><path></path></g><g class="bar vertical" fill="#999"><path></path></g><g class="bar vertical" fill="#999"><path></path></g><g class="bar vertical" fill="#999"><path></path></g><g class="bar vertical" fill="#999"><path></path></g><g class="bar vertical" fill="#999"><path></path></g><g class="bar vertical" fill="#999"><path></path></g><g class="bar vertical" fill="#999"><path></path></g><g class="bar vertical" fill="#999"><path></path></g><g class="bar vertical" fill="#999"><path></path></g><g class="bar vertical" fill="#999"><path></path></g><g class="bar vertical" fill="#999"><path></path></g><g class="bar vertical" fill="#999"><path></path></g><g class="bar vertical" fill="#999"><path></path></g><g class="bar vertical" fill="#999"><path></path></g><g class="bar vertical" fill="#999"><path></path></g><g class="bar vertical" fill="#999"><path></path></g><g class="bar vertical" fill="#999"><path></path></g><g class="bar vertical" fill="#999"><path></path></g><g class="bar vertical" fill="#999"><path></path></g><g class="bar vertical" fill="#999"><path></path></g><g class="bar vertical" fill="#999"><path></path></g><g class="bar vertical" fill="#999"><path></path></g><g class="bar vertical" fill="#999"><path></path></g><g class="bar vertical" fill="#999"><path></path></g><g class="bar vertical" fill="#999"><path></path></g><g class="bar vertical" fill="#999"><path></path></g><g class="bar vertical" fill="#999"><path></path></g><g class="bar vertical" fill="#999"><path></path></g><g class="bar vertical" fill="#999"><path></path></g><g class="bar vertical" fill="#999"><path></path></g><g class="bar vertical" fill="#999"><path></path></g><g class="bar vertical" fill="#999"><path></path></g><g class="bar vertical" fill="#999"><path></path></g><g class="bar vertical" fill="#999"><path></path></g><g class="bar vertical" fill="#999"><path></path></g><g class="bar vertical" fill="#999"><path></path></g><g class="bar vertical" fill="#999"><path></path></g><g class="bar vertical" fill="#999"><path></path></g><g class="bar vertical" fill="#999"><path></path></g><g class="bar vertical" fill="#999"><path></path></g><g class="bar vertical" fill="#999"><path></path></g><g class="bar vertical" fill="#999"><path></path></g><g class="bar vertical" fill="#999"><path></path></g><g class="bar vertical" fill="#999"><path></path></g><g class="bar vertical" fill="#999"><path></path></g><g class="bar vertical" fill="#999"><path></path></g><g class="bar vertical" fill="#999"><path></path></g><g class="bar vertical" fill="#999"><path></path></g><g class="bar vertical" fill="#999"><path></path></g><g class="bar vertical" fill="#999"><path></path></g><g class="bar vertical" fill="#999"><path></path></g><g class="bar vertical" fill="#999"><path></path></g><g class="bar vertical" fill="#999"><path></path></g><g class="bar vertical" fill="#999"><path></path></g><g class="bar vertical" fill="#999"><path></path></g><g class="bar vertical" fill="#999"><path></path></g><g class="bar vertical" fill="#999"><path></path></g><g class="bar vertical" fill="#999"><path></path></g><g class="bar vertical" fill="#999"><path></path></g><g class="bar vertical" fill="#999"><path></path></g><g class="bar vertical" fill="#999"><path></path></g></g><g id="legend-axis" fill="none" font-size="10" font-family="sans-serif" text-anchor="start"><path class="domain" stroke="#000" visibility="hidden"></path><g class="tick"><path stroke="#000"></path><text fill="#000" visibility="false">1</text></g><g class="tick"><path stroke="#000"></path><text fill="#000" visibility="false">2</text></g><g class="tick"><path stroke="#000"></path><text fill="#000" visibility="false">2</text></g></g></svg>