<svg><g class="treemap"><g><rect class="treerect leafnode" style="x: 0px; y: 0px; width: 289px; height: 289.141px; fill: rgba(240, 240, 240, 0.8);"></rect><text>Texas</text></g><g><rect class="treerect leafnode" style="x: 0px; y: 290.641; width: 289px; height: 0px; fill: rgba(31, 119, 180, 0.8);"></rect><text></text></g><g><rect class="treerect branchnode" style="x: 0px; y: 0px; width: 289px; height: 289.141px; fill: transparent;"></rect><text>Central</text></g><g><rect class="treerect branchnode" style="x: 0px; y: 290.641; width: 289px; height: 0px; fill: transparent;"></rect><text></text></g><g><rect class="treerect rootnode" style="x: 0px; y: 0px; width: 289px; height: 289.141px; fill: transparent;"></rect><text>root</text></g></g></svg><svg><g class="treemap"><g><rect class="treerect leafnode" style="x: 0px; y: 0px; width: 289px; height: 289.141px; fill: rgba(240, 240, 240, 0.8);"></rect><text>Texas</text></g><g><rect class="treerect leafnode" style="x: 0px; y: 290.641; width: 289px; height: 0px; fill: rgba(31, 119, 180, 0.8);"></rect><text></text></g><g><rect class="treerect branchnode" style="x: 0px; y: 0px; width: 289px; height: 289.141px; fill: transparent;"></rect><text>Central</text></g><g><rect class="treerect branchnode" style="x: 0px; y: 290.641; width: 289px; height: 0px; fill: transparent;"></rect><text></text></g><g><rect class="treerect rootnode" style="x: 0px; y: 0px; width: 289px; height: 289.141px; fill: transparent;"></rect><text>root</text></g></g></svg><svg><g class="treemap"><g><rect class="treerect leafnode" style="x: 0px; y: 0px; width: 289px; height: 209.767px; fill: rgba(66, 179, 213, 0.8);"></rect><text>Texas</text></g><g><rect class="treerect leafnode" style="x: 0px; y: 212.767; width: 289px; height: 76.3741px; fill: rgba(162, 215, 205, 0.8);"></rect><text>California</text></g><g><rect class="treerect branchnode" style="x: 0px; y: 0px; width: 289px; height: 209.767px; fill: transparent;"></rect><text>Central</text></g><g><rect class="treerect branchnode" style="x: 0px; y: 212.767; width: 289px; height: 76.3741px; fill: transparent;"></rect><text>West</text></g><g><rect class="treerect rootnode" style="x: 0px; y: 0px; width: 289px; height: 289.141px; fill: transparent;"></rect><text>root</text></g></g></svg><svg><g class="treemap"><g><rect class="treerect leafnode" style="x: 0px; y: -1.5; width: 289px; height: 0px; fill: rgba(31, 119, 180, 0.8);"></rect><text></text></g><g><rect class="treerect leafnode" style="x: 0px; y: 0px; width: 289px; height: 289.141px; fill: rgba(240, 240, 240, 0.8);"></rect><text>California</text></g><g><rect class="treerect branchnode" style="x: 0px; y: -1.5; width: 289px; height: 0px; fill: transparent;"></rect><text></text></g><g><rect class="treerect branchnode" style="x: 0px; y: 0px; width: 289px; height: 289.141px; fill: transparent;"></rect><text>West</text></g><g><rect class="treerect rootnode" style="x: 0px; y: 0px; width: 289px; height: 289.141px; fill: transparent;"></rect><text>root</text></g></g></svg><svg><g class="treemap"><g><rect class="treerect leafnode" style="x: 0px; y: 0px; width: 289px; height: 172.284px; fill: rgba(240, 240, 240, 0.8);"></rect><text>Texas</text></g><g><rect class="treerect leafnode" style="x: 0px; y: 175.284; width: 289px; height: 113.856px; fill: rgba(240, 240, 240, 0.8);"></rect><text>California</text></g><g><rect class="treerect branchnode" style="x: 0px; y: 0px; width: 289px; height: 172.284px; fill: transparent;"></rect><text>Central</text></g><g><rect class="treerect branchnode" style="x: 0px; y: 175.284; width: 289px; height: 113.856px; fill: transparent;"></rect><text>West</text></g><g><rect class="treerect rootnode" style="x: 0px; y: 0px; width: 289px; height: 289.141px; fill: transparent;"></rect><text>root</text></g></g></svg><svg><g class="treemap"><g><rect class="treerect leafnode" style="x: 0px; y: -1.5; width: 289px; height: 0px; fill: rgba(31, 119, 180, 0.8);"></rect><text></text></g><g><rect class="treerect leafnode" style="x: 0px; y: 0px; width: 289px; height: 289.141px; fill: rgba(46, 107, 170, 0.8);"></rect><text>California</text></g><g><rect class="treerect branchnode" style="x: 0px; y: -1.5; width: 289px; height: 0px; fill: transparent;"></rect><text></text></g><g><rect class="treerect branchnode" style="x: 0px; y: 0px; width: 289px; height: 289.141px; fill: transparent;"></rect><text>West</text></g><g><rect class="treerect rootnode" style="x: 0px; y: 0px; width: 289px; height: 289.141px; fill: transparent;"></rect><text>root</text></g></g></svg><svg><g class="treemap"><g><rect class="treerect leafnode" style="x: 0px; y: 0px; width: 289px; height: 83.6998px; fill: rgba(162, 215, 205, 0.8);"></rect><text>Texas</text></g><g><rect class="treerect leafnode" style="x: 0px; y: 86.6998; width: 289px; height: 202.441px; fill: rgba(26, 35, 126, 0.8);"></rect><text>California</text></g><g><rect class="treerect branchnode" style="x: 0px; y: 0px; width: 289px; height: 83.6998px; fill: transparent;"></rect><text>Central</text></g><g><rect class="treerect branchnode" style="x: 0px; y: 86.6998; width: 289px; height: 202.441px; fill: transparent;"></rect><text>West</text></g><g><rect class="treerect rootnode" style="x: 0px; y: 0px; width: 289px; height: 289.141px; fill: transparent;"></rect><text>root</text></g></g></svg><svg><g class="treemap"><g><rect class="treerect leafnode" style="x: 0px; y: 0px; width: 289px; height: 289.141px; fill: rgba(240, 240, 240, 0.8);"></rect><text>Texas</text></g><g><rect class="treerect leafnode" style="x: 0px; y: 290.641; width: 289px; height: 0px; fill: rgba(31, 119, 180, 0.8);"></rect><text></text></g><g><rect class="treerect branchnode" style="x: 0px; y: 0px; width: 289px; height: 289.141px; fill: transparent;"></rect><text>Central</text></g><g><rect class="treerect branchnode" style="x: 0px; y: 290.641; width: 289px; height: 0px; fill: transparent;"></rect><text></text></g><g><rect class="treerect rootnode" style="x: 0px; y: 0px; width: 289px; height: 289.141px; fill: transparent;"></rect><text>root</text></g></g></svg><svg><g class="treemap"><g><rect class="treerect leafnode" style="x: 0px; y: -1.5; width: 289px; height: 0px; fill: rgba(31, 119, 180, 0.8);"></rect><text></text></g><g><rect class="treerect leafnode" style="x: 0px; y: 0px; width: 289px; height: 289.141px; fill: rgba(240, 240, 240, 0.8);"></rect><text>California</text></g><g><rect class="treerect branchnode" style="x: 0px; y: -1.5; width: 289px; height: 0px; fill: transparent;"></rect><text></text></g><g><rect class="treerect branchnode" style="x: 0px; y: 0px; width: 289px; height: 289.141px; fill: transparent;"></rect><text>West</text></g><g><rect class="treerect rootnode" style="x: 0px; y: 0px; width: 289px; height: 289.141px; fill: transparent;"></rect><text>root</text></g></g></svg><svg><g class="treemap"><g><rect class="treerect leafnode" style="x: 0px; y: 0px; width: 289px; height: 50.2548px; fill: rgba(240, 240, 240, 0.8);"></rect><text>Texas</text></g><g><rect class="treerect leafnode" style="x: 0px; y: 53.2548; width: 289px; height: 235.886px; fill: rgba(162, 215, 205, 0.8);"></rect><text>California</text></g><g><rect class="treerect branchnode" style="x: 0px; y: 0px; width: 289px; height: 50.2548px; fill: transparent;"></rect><text>Central</text></g><g><rect class="treerect branchnode" style="x: 0px; y: 53.2548; width: 289px; height: 235.886px; fill: transparent;"></rect><text>West</text></g><g><rect class="treerect rootnode" style="x: 0px; y: 0px; width: 289px; height: 289.141px; fill: transparent;"></rect><text>root</text></g></g></svg><svg><g class="treemap"><g><rect class="treerect leafnode" style="x: 0px; y: 0px; width: 289px; height: 163.51px; fill: rgba(162, 215, 205, 0.8);"></rect><text>Texas</text></g><g><rect class="treerect leafnode" style="x: 0px; y: 166.51; width: 289px; height: 122.63px; fill: rgba(162, 215, 205, 0.8);"></rect><text>California</text></g><g><rect class="treerect branchnode" style="x: 0px; y: 0px; width: 289px; height: 163.51px; fill: transparent;"></rect><text>Central</text></g><g><rect class="treerect branchnode" style="x: 0px; y: 166.51; width: 289px; height: 122.63px; fill: transparent;"></rect><text>West</text></g><g><rect class="treerect rootnode" style="x: 0px; y: 0px; width: 289px; height: 289.141px; fill: transparent;"></rect><text>root</text></g></g></svg><svg><g class="treemap"><g><rect class="treerect leafnode" style="x: 0px; y: -1.5; width: 289px; height: 0px; fill: rgba(31, 119, 180, 0.8);"></rect><text></text></g><g><rect class="treerect leafnode" style="x: 0px; y: 0px; width: 289px; height: 289.141px; fill: rgba(162, 215, 205, 0.8);"></rect><text>California</text></g><g><rect class="treerect branchnode" style="x: 0px; y: -1.5; width: 289px; height: 0px; fill: transparent;"></rect><text></text></g><g><rect class="treerect branchnode" style="x: 0px; y: 0px; width: 289px; height: 289.141px; fill: transparent;"></rect><text>West</text></g><g><rect class="treerect rootnode" style="x: 0px; y: 0px; width: 289px; height: 289.141px; fill: transparent;"></rect><text>root</text></g></g></svg><svg><g class="treemap"><g><rect class="treerect leafnode" style="x: 0px; y: 0px; width: 289px; height: 105.148px; fill: rgba(162, 215, 205, 0.8);"></rect><text>Texas</text></g><g><rect class="treerect leafnode" style="x: 0px; y: 108.148; width: 289px; height: 180.992px; fill: rgba(46, 107, 170, 0.8);"></rect><text>California</text></g><g><rect class="treerect branchnode" style="x: 0px; y: 0px; width: 289px; height: 105.148px; fill: transparent;"></rect><text>Central</text></g><g><rect class="treerect branchnode" style="x: 0px; y: 108.148; width: 289px; height: 180.992px; fill: transparent;"></rect><text>West</text></g><g><rect class="treerect rootnode" style="x: 0px; y: 0px; width: 289px; height: 289.141px; fill: transparent;"></rect><text>root</text></g></g></svg><svg><g><g class="bar vertical" fill="#999"><path></path></g><g class="bar vertical" fill="#999"><path></path></g><g class="bar vertical" fill="#999"><path></path></g><g class="bar vertical" fill="#999"><path></path></g><g class="bar vertical" fill="#999"><path></path></g><g class="bar vertical" fill="#999"><path></path></g><g class="bar vertical" fill="#999"><path></path></g><g class="bar vertical" fill="#999"><path></path></g><g class="bar vertical" fill="#999"><path></path></g><g class="bar vertical" fill="#999"><path></path></g><g class="bar vertical" fill="#999"><path></path></g><g class="bar vertical" fill="#999"><path></path></g><g class="bar vertical" fill="#999"><path></path></g><g class="bar vertical" fill="#999"><path></path></g><g class="bar vertical" fill="#999"><path></path></g><g class="bar vertical" fill="#999"><path></path></g><g class="bar vertical" fill="#999"><path></path></g><g class="bar vertical" fill="#999"><path></path></g><g class="bar vertical" fill="#999"><path></path></g><g class="bar vertical" fill="#999"><path></path></g><g class="bar vertical" fill="#999"><path></path></g><g class="bar vertical" fill="#999"><path></path></g><g class="bar vertical" fill="#999"><path></path></g><g class="bar vertical" fill="#999"><path></path></g><g class="bar vertical" fill="#999"><path></path></g><g class="bar vertical" fill="#999"><path></path></g><g class="bar vertical" fill="#999"><path></path></g><g class="bar vertical" fill="#999"><path></path></g><g class="bar vertical" fill="#999"><path></path></g><g class="bar vertical" fill="#999"><path></path></g><g class="bar vertical" fill="#999"><path></path></g><g class="bar vertical" fill="#999"><path></path></g><g class="bar vertical" fill="#999"><path></path></g><g class="bar vertical" fill="#999"><path></path></g><g class="bar vertical" fill="#999"><path></path></g><g class="bar vertical" fill="#999"><path></path></g><g class="bar vertical" fill="#999"><path></path></g><g class="bar vertical" fill="#999"><path></path></g><g class="bar vertical" fill="#999"><path></path></g><g class="bar vertical" fill="#999"><path></path></g><g class="bar vertical" fill="#999"><path></path></g><g class="bar vertical" fill="#999"><path></path></g><g class="bar vertical" fill="#999"><path></path></g><g class="bar vertical" fill="#999"><path></path></g><g class="bar vertical" fill="#999"><path></path></g><g class="bar vertical" fill="#999"><path></path></g><g class="bar vertical" fill="#999"><path></path></g><g class="bar vertical" fill="#999"><path></path></g><g class="bar vertical" fill="#999"><path></path></g><g class="bar vertical" fill="#999"><path></path></g><g class="bar vertical" fill="#999"><path></path></g><g class="bar vertical" fill="#999"><path></path></g><g class="bar vertical" fill="#999"><path></path></g><g class="bar vertical" fill="#999"><path></path></g><g class="bar vertical" fill="#999"><path></path></g><g class="bar vertical" fill="#999"><path></path></g><g class="bar vertical" fill="#999"><path></path></g><g class="bar vertical" fill="#999"><path></path></g><g class="bar vertical" fill="#999"><path></path></g><g class="bar vertical" fill="#999"><path></path></g><g class="bar vertical" fill="#999"><path></path></g><g class="bar vertical" fill="#999"><path></path></g><g class="bar vertical" fill="#999"><path></path></g><g class="bar vertical" fill="#999"><path></path></g><g class="bar vertical" fill="#999"><path></path></g><g class="bar vertical" fill="#999"><path></path></g><g class="bar vertical" fill="#999"><path></path></g><g class="bar vertical" fill="#999"><path></path></g><g class="bar vertical" fill="#999"><path></path></g><g class="bar vertical" fill="#999"><path></path></g><g class="bar vertical" fill="#999"><path></path></g><g class="bar vertical" fill="#999"><path></path></g><g class="bar vertical" fill="#999"><path></path></g><g class="bar vertical" fill="#999"><path></path></g><g class="bar vertical" fill="#999"><path></path></g><g class="bar vertical" fill="#999"><path></path></g><g class="bar vertical" fill="#999"><path></path></g><g class="bar vertical" fill="#999"><path></path></g><g class="bar vertical" fill="#999"><path></path></g><g class="bar vertical" fill="#999"><path></path></g><g class="bar vertical" fill="#999"><path></path></g><g class="bar vertical" fill="#999"><path></path></g><g class="bar vertical" fill="#999"><path></path></g><g class="bar vertical" fill="#999"><path></path></g><g class="bar vertical" fill="#999"><path></path></g><g class="bar vertical" fill="#999"><path></path></g><g class="bar vertical" fill="#999"><path></path></g><g class="bar vertical" fill="#999"><path></path></g><g class="bar vertical" fill="#999"><path></path></g><g class="bar vertical" fill="#999"><path></path></g><g class="bar vertical" fill="#999"><path></path></g><g class="bar vertical" fill="#999"><path></path></g><g class="bar vertical" fill="#999"><path></path></g><g class="bar vertical" fill="#999"><path></path></g><g class="bar vertical" fill="#999"><path></path></g><g class="bar vertical" fill="#999"><path></path></g><g class="bar vertical" fill="#999"><path></path></g><g class="bar vertical" fill="#999"><path></path></g><g class="bar vertical" fill="#999"><path></path></g><g class="bar vertical" fill="#999"><path></path></g><g class="bar vertical" fill="#999"><path></path></g><g class="bar vertical" fill="#999"><path></path></g><g class="bar vertical" fill="#999"><path></path></g><g class="bar vertical" fill="#999"><path></path></g><g class="bar vertical" fill="#999"><path></path></g><g class="bar vertical" fill="#999"><path></path></g><g class="bar vertical" fill="#999"><path></path></g><g class="bar vertical" fill="#999"><path></path></g><g class="bar vertical" fill="#999"><path></path></g><g class="bar vertical" fill="#999"><path></path></g><g class="bar vertical" fill="#999"><path></path></g><g class="bar vertical" fill="#999"><path></path></g><g class="bar vertical" fill="#999"><path></path></g><g class="bar vertical" fill="#999"><path></path></g><g class="bar vertical" fill="#999"><path></path></g><g class="bar vertical" fill="#999"><path></path></g><g class="bar vertical" fill="#999"><path></path></g><g class="bar vertical" fill="#999"><path></path></g><g class="bar vertical" fill="#999"><path></path></g><g class="bar vertical" fill="#999"><path></path></g><g class="bar vertical" fill="#999"><path></path></g><g class="bar vertical" fill="#999"><path></path></g><g class="bar vertical" fill="#999"><path></path></g><g class="bar vertical" fill="#999"><path></path></g><g class="bar vertical" fill="#999"><path></path></g><g class="bar vertical" fill="#999"><path></path></g><g class="bar vertical" fill="#999"><path></path></g><g class="bar vertical" fill="#999"><path></path></g><g class="bar vertical" fill="#999"><path></path></g><g class="bar vertical" fill="#999"><path></path></g><g class="bar vertical" fill="#999"><path></path></g><g class="bar vertical" fill="#999"><path></path></g><g class="bar vertical" fill="#999"><path></path></g><g class="bar vertical" fill="#999"><path></path></g><g class="bar vertical" fill="#999"><path></path></g><g class="bar vertical" fill="#999"><path></path></g><g class="bar vertical" fill="#999"><path></path></g><g class="bar vertical" fill="#999"><path></path></g><g class="bar vertical" fill="#999"><path></path></g><g class="bar vertical" fill="#999"><path></path></g><g class="bar vertical" fill="#999"><path></path></g><g class="bar vertical" fill="#999"><path></path></g><g class="bar vertical" fill="#999"><path></path></g><g class="bar vertical" fill="#999"><path></path></g><g class="bar vertical" fill="#999"><path></path></g><g class="bar vertical" fill="#999"><path></path></g><g class="bar vertical" fill="#999"><path></path></g><g class="bar vertical" fill="#999"><path></path></g><g class="bar vertical" fill="#999"><path></path></g><g class="bar vertical" fill="#999"><path></path></g><g class="bar vertical" fill="#999"><path></path></g><g class="bar vertical" fill="#999"><path></path></g><g class="bar vertical" fill="#999"><path></path></g><g class="bar vertical" fill="#999"><path></path></g><g class="bar vertical" fill="#999"><path></path></g><g class="bar vertical" fill="#999"><path></path></g><g class="bar vertical" fill="#999"><path></path></g><g class="bar vertical" fill="#999"><path></path></g><g class="bar vertical" fill="#999"><path></path></g><g class="bar vertical" fill="#999"><path></path></g><g class="bar vertical" fill="#999"><path></path></g><g class="bar vertical" fill="#999"><path></path></g><g class="bar vertical" fill="#999"><path></path></g><g class="bar vertical" fill="#999"><path></path></g><g class="bar vertical" fill="#999"><path></path></g><g class="bar vertical" fill="#999"><path></path></g><g class="bar vertical" fill="#999"><path></path></g><g class="bar vertical" fill="#999"><path></path></g><g class="bar vertical" fill="#999"><path></path></g><g class="bar vertical" fill="#999"><path></path></g><g class="bar vertical" fill="#999"><path></path></g><g class="bar vertical" fill="#999"><path></path></g><g class="bar vertical" fill="#999"><path></path></g><g class="bar vertical" fill="#999"><path></path></g><g class="bar vertical" fill="#999"><path></path></g><g class="bar vertical" fill="#999"><path></path></g><g class="bar vertical" fill="#999"><path></path></g><g class="bar vertical" fill="#999"><path></path></g><g class="bar vertical" fill="#999"><path></path></g><g class="bar vertical" fill="#999"><path></path></g><g class="bar vertical" fill="#999"><path></path></g><g class="bar vertical" fill="#999"><path></path></g><g class="bar vertical" fill="#999"><path></path></g><g class="bar vertical" fill="#999"><path></path></g><g class="bar vertical" fill="#999"><path></path></g><g class="bar vertical" fill="#999"><path></path></g><g class="bar vertical" fill="#999"><path></path></g><g class="bar vertical" fill="#999"><path></path></g><g class="bar vertical" fill="#999"><path></path></g><g class="bar vertical" fill="#999"><path></path></g><g class="bar vertical" fill="#999"><path></path></g><g class="bar vertical" fill="#999"><path></path></g><g class="bar vertical" fill="#999"><path></path></g><g class="bar vertical" fill="#999"><path></path></g><g class="bar vertical" fill="#999"><path></path></g><g class="bar vertical" fill="#999"><path></path></g><g class="bar vertical" fill="#999"><path></path></g><g class="bar vertical" fill="#999"><path></path></g><g class="bar vertical" fill="#999"><path></path></g><g class="bar vertical" fill="#999"><path></path></g></g><g id="legend-axis" fill="none" font-size="10" font-family="sans-serif" text-anchor="start"><path class="domain" stroke="#000" visibility="hidden"></path><g class="tick"><path stroke="#000"></path><text fill="#000" visibility="false">1</text></g><g class="tick"><path stroke="#000"></path><text fill="#000" visibility="false">5</text></g><g class="tick"><path stroke="#000"></path><text fill="#000" visibility="false">3</text></g></g></svg>