<svg><g class="treemap"><g><rect class="treerect leafnode" style="x: 0px; y: 0px; width: 120.5px; height: 260.729px; fill: rgba(77, 52, 47, 0.8);"></rect><text>Bookcases</text></g><g><rect class="treerect leafnode" style="x: 121.5; y: 0px; width: 176.805px; height: 260.729px; fill: rgba(230, 238, 219, 0.8);"></rect><text>Chairs</text></g><g><rect class="treerect leafnode" style="x: 0px; y: 261.729; width: 298.305px; height: 284.051px; fill: rgba(243, 239, 209, 0.8);"></rect><text>Furnishings</text></g><g><rect class="treerect leafnode" style="x: 0px; y: 546.78; width: 298.305px; height: 83.2197px; fill: rgba(243, 239, 208, 0.8);"></rect><text>Tables</text></g><g><rect class="treerect leafnode" style="x: 0px; y: 631.5; width: 298.305px; height: 0px; fill: rgba(31, 119, 180, 0.8);"></rect><text></text></g><g><rect class="treerect leafnode" style="x: 298.805; y: 631.5; width: 0px; height: 0px; fill: rgba(31, 119, 180, 0.8);"></rect><text></text></g><g><rect class="treerect leafnode" style="x: 298.805; y: 632; width: 0px; height: 0px; fill: rgba(31, 119, 180, 0.8);"></rect><text></text></g><g><rect class="treerect leafnode" style="x: 298.805; y: 632; width: 0px; height: 0px; fill: rgba(31, 119, 180, 0.8);"></rect><text></text></g><g><rect class="treerect leafnode" style="x: 298.805; y: 632; width: 0px; height: 0px; fill: rgba(31, 119, 180, 0.8);"></rect><text></text></g><g><rect class="treerect leafnode" style="x: 298.805; y: 632; width: 0px; height: 0px; fill: rgba(31, 119, 180, 0.8);"></rect><text></text></g><g><rect class="treerect leafnode" style="x: 298.805; y: 632; width: 0px; height: 0px; fill: rgba(31, 119, 180, 0.8);"></rect><text></text></g><g><rect class="treerect leafnode" style="x: 298.805; y: 632; width: 0px; height: 0px; fill: rgba(31, 119, 180, 0.8);"></rect><text></text></g><g><rect class="treerect leafnode" style="x: 299.805; y: 631.5; width: 0px; height: 0px; fill: rgba(31, 119, 180, 0.8);"></rect><text></text></g><g><rect class="treerect leafnode" style="x: 299.805; y: 632; width: 0px; height: 0px; fill: rgba(31, 119, 180, 0.8);"></rect><text></text></g><g><rect class="treerect branchnode" style="x: 0px; y: 0px; width: 298.305px; height: 630px; fill: transparent;"></rect><text>Furniture</text></g><g><rect class="treerect branchnode" style="x: 0px; y: 631.5; width: 298.305px; height: 0px; fill: transparent;"></rect><text></text></g><g><rect class="treerect branchnode" style="x: 299.805; y: 631.5; width: 0px; height: 0px; fill: transparent;"></rect><text></text></g><g><rect class="treerect rootnode" style="x: 0px; y: 0px; width: 298.305px; height: 630px; fill: transparent;"></rect><text>root</text></g></g></svg><svg><g class="treemap"><g><rect class="treerect leafnode" style="x: 0px; y: -1.5; width: 298.305px; height: 0px; fill: rgba(31, 119, 180, 0.8);"></rect><text></text></g><g><rect class="treerect leafnode" style="x: 298.805; y: -1.5; width: 0px; height: 0px; fill: rgba(31, 119, 180, 0.8);"></rect><text></text></g><g><rect class="treerect leafnode" style="x: 298.805; y: -1; width: 0px; height: 0px; fill: rgba(31, 119, 180, 0.8);"></rect><text></text></g><g><rect class="treerect leafnode" style="x: 298.805; y: -1; width: 0px; height: 0px; fill: rgba(31, 119, 180, 0.8);"></rect><text></text></g><g><rect class="treerect leafnode" style="x: 0px; y: 0px; width: 170.031px; height: 98.2584px; fill: rgba(240, 240, 239, 0.8);"></rect><text>Appliances</text></g><g><rect class="treerect leafnode" style="x: 171.031; y: 0px; width: 127.273px; height: 98.2584px; fill: rgba(228, 238, 217, 0.8);"></rect><text>Art</text></g><g><rect class="treerect leafnode" style="x: 0px; y: 99.2584; width: 298.305px; height: 374.764px; fill: rgba(222, 237, 204, 0.8);"></rect><text>Binders</text></g><g><rect class="treerect leafnode" style="x: 0px; y: 475.022; width: 135.048px; height: 92.5865px; fill: rgba(232, 239, 224, 0.8);"></rect><text>Envelopes</text></g><g><rect class="treerect leafnode" style="x: -0.5; y: 568.609; width: 0px; height: 61.391px; fill: rgba(240, 240, 239, 0.8);"></rect><text></text></g><g><rect class="treerect leafnode" style="x: -0.5; y: 630.5; width: 0px; height: 0px; fill: rgba(236, 239, 233, 0.8);"></rect><text></text></g><g><rect class="treerect leafnode" style="x: 0px; y: 568.609; width: 135.048px; height: 61.391px; fill: rgba(227, 238, 214, 0.8);"></rect><text>Paper</text></g><g><rect class="treerect leafnode" style="x: 136.048; y: 475.022; width: 162.257px; height: 154.978px; fill: rgba(236, 239, 231, 0.8);"></rect><text>Storage</text></g><g><rect class="treerect leafnode" style="x: 0px; y: 631.5; width: 298.305px; height: 0px; fill: rgba(31, 119, 180, 0.8);"></rect><text></text></g><g><rect class="treerect leafnode" style="x: 298.805; y: 631.5; width: 0px; height: 0px; fill: rgba(31, 119, 180, 0.8);"></rect><text></text></g><g><rect class="treerect branchnode" style="x: 0px; y: -1.5; width: 298.305px; height: 0px; fill: transparent;"></rect><text></text></g><g><rect class="treerect branchnode" style="x: 0px; y: 0px; width: 298.305px; height: 630px; fill: transparent;"></rect><text>Office Supplies</text></g><g><rect class="treerect branchnode" style="x: 0px; y: 631.5; width: 298.305px; height: 0px; fill: transparent;"></rect><text></text></g><g><rect class="treerect rootnode" style="x: 0px; y: 0px; width: 298.305px; height: 630px; fill: transparent;"></rect><text>root</text></g></g></svg><svg><g class="treemap"><g><rect class="treerect leafnode" style="x: 0px; y: -1.5; width: 298.305px; height: 0px; fill: rgba(31, 119, 180, 0.8);"></rect><text></text></g><g><rect class="treerect leafnode" style="x: 298.805; y: -1.5; width: 0px; height: 0px; fill: rgba(31, 119, 180, 0.8);"></rect><text></text></g><g><rect class="treerect leafnode" style="x: 298.805; y: -1; width: 0px; height: 0px; fill: rgba(31, 119, 180, 0.8);"></rect><text></text></g><g><rect class="treerect leafnode" style="x: 298.805; y: -1; width: 0px; height: 0px; fill: rgba(31, 119, 180, 0.8);"></rect><text></text></g><g><rect class="treerect leafnode" style="x: 299.805; y: -1.5; width: 0px; height: 0px; fill: rgba(31, 119, 180, 0.8);"></rect><text></text></g><g><rect class="treerect leafnode" style="x: 299.805; y: -1; width: 0px; height: 0px; fill: rgba(31, 119, 180, 0.8);"></rect><text></text></g><g><rect class="treerect leafnode" style="x: 300.305; y: -1; width: 0px; height: 0px; fill: rgba(31, 119, 180, 0.8);"></rect><text></text></g><g><rect class="treerect leafnode" style="x: 300.305; y: -1; width: 0px; height: 0px; fill: rgba(31, 119, 180, 0.8);"></rect><text></text></g><g><rect class="treerect leafnode" style="x: 300.305; y: -1; width: 0px; height: 0px; fill: rgba(31, 119, 180, 0.8);"></rect><text></text></g><g><rect class="treerect leafnode" style="x: 300.305; y: -1; width: 0px; height: 0px; fill: rgba(31, 119, 180, 0.8);"></rect><text></text></g><g><rect class="treerect leafnode" style="x: 300.305; y: -1; width: 0px; height: 0px; fill: rgba(31, 119, 180, 0.8);"></rect><text></text></g><g><rect class="treerect leafnode" style="x: 300.305; y: -1; width: 0px; height: 0px; fill: rgba(31, 119, 180, 0.8);"></rect><text></text></g><g><rect class="treerect leafnode" style="x: 0px; y: -0.5; width: 298.305px; height: 0px; fill: rgba(236, 239, 232, 0.8);"></rect><text></text></g><g><rect class="treerect leafnode" style="x: 0px; y: 0px; width: 298.305px; height: 630px; fill: rgba(61, 159, 201, 0.8);"></rect><text>Phones</text></g><g><rect class="treerect branchnode" style="x: 0px; y: -1.5; width: 298.305px; height: 0px; fill: transparent;"></rect><text></text></g><g><rect class="treerect branchnode" style="x: 299.805; y: -1.5; width: 0px; height: 0px; fill: transparent;"></rect><text></text></g><g><rect class="treerect branchnode" style="x: 0px; y: 0px; width: 298.305px; height: 630px; fill: transparent;"></rect><text>Technology</text></g><g><rect class="treerect rootnode" style="x: 0px; y: 0px; width: 298.305px; height: 630px; fill: transparent;"></rect><text>root</text></g></g></svg><svg><g><g class="bar vertical" fill="#999"><path></path></g><g class="bar vertical" fill="#999"><path></path></g><g class="bar vertical" fill="#999"><path></path></g><g class="bar vertical" fill="#999"><path></path></g><g class="bar vertical" fill="#999"><path></path></g><g class="bar vertical" fill="#999"><path></path></g><g class="bar vertical" fill="#999"><path></path></g><g class="bar vertical" fill="#999"><path></path></g><g class="bar vertical" fill="#999"><path></path></g><g class="bar vertical" fill="#999"><path></path></g><g class="bar vertical" fill="#999"><path></path></g><g class="bar vertical" fill="#999"><path></path></g><g class="bar vertical" fill="#999"><path></path></g><g class="bar vertical" fill="#999"><path></path></g><g class="bar vertical" fill="#999"><path></path></g><g class="bar vertical" fill="#999"><path></path></g><g class="bar vertical" fill="#999"><path></path></g><g class="bar vertical" fill="#999"><path></path></g><g class="bar vertical" fill="#999"><path></path></g><g class="bar vertical" fill="#999"><path></path></g><g class="bar vertical" fill="#999"><path></path></g><g class="bar vertical" fill="#999"><path></path></g><g class="bar vertical" fill="#999"><path></path></g><g class="bar vertical" fill="#999"><path></path></g><g class="bar vertical" fill="#999"><path></path></g><g class="bar vertical" fill="#999"><path></path></g><g class="bar vertical" fill="#999"><path></path></g><g class="bar vertical" fill="#999"><path></path></g><g class="bar vertical" fill="#999"><path></path></g><g class="bar vertical" fill="#999"><path></path></g><g class="bar vertical" fill="#999"><path></path></g><g class="bar vertical" fill="#999"><path></path></g><g class="bar vertical" fill="#999"><path></path></g><g class="bar vertical" fill="#999"><path></path></g><g class="bar vertical" fill="#999"><path></path></g><g class="bar vertical" fill="#999"><path></path></g><g class="bar vertical" fill="#999"><path></path></g><g class="bar vertical" fill="#999"><path></path></g><g class="bar vertical" fill="#999"><path></path></g><g class="bar vertical" fill="#999"><path></path></g><g class="bar vertical" fill="#999"><path></path></g><g class="bar vertical" fill="#999"><path></path></g><g class="bar vertical" fill="#999"><path></path></g><g class="bar vertical" fill="#999"><path></path></g><g class="bar vertical" fill="#999"><path></path></g><g class="bar vertical" fill="#999"><path></path></g><g class="bar vertical" fill="#999"><path></path></g><g class="bar vertical" fill="#999"><path></path></g><g class="bar vertical" fill="#999"><path></path></g><g class="bar vertical" fill="#999"><path></path></g><g class="bar vertical" fill="#999"><path></path></g><g class="bar vertical" fill="#999"><path></path></g><g class="bar vertical" fill="#999"><path></path></g><g class="bar vertical" fill="#999"><path></path></g><g class="bar vertical" fill="#999"><path></path></g><g class="bar vertical" fill="#999"><path></path></g><g class="bar vertical" fill="#999"><path></path></g><g class="bar vertical" fill="#999"><path></path></g><g class="bar vertical" fill="#999"><path></path></g><g class="bar vertical" fill="#999"><path></path></g><g class="bar vertical" fill="#999"><path></path></g><g class="bar vertical" fill="#999"><path></path></g><g class="bar vertical" fill="#999"><path></path></g><g class="bar vertical" fill="#999"><path></path></g><g class="bar vertical" fill="#999"><path></path></g><g class="bar vertical" fill="#999"><path></path></g><g class="bar vertical" fill="#999"><path></path></g><g class="bar vertical" fill="#999"><path></path></g><g class="bar vertical" fill="#999"><path></path></g><g class="bar vertical" fill="#999"><path></path></g><g class="bar vertical" fill="#999"><path></path></g><g class="bar vertical" fill="#999"><path></path></g><g class="bar vertical" fill="#999"><path></path></g><g class="bar vertical" fill="#999"><path></path></g><g class="bar vertical" fill="#999"><path></path></g><g class="bar vertical" fill="#999"><path></path></g><g class="bar vertical" fill="#999"><path></path></g><g class="bar vertical" fill="#999"><path></path></g><g class="bar vertical" fill="#999"><path></path></g><g class="bar vertical" fill="#999"><path></path></g><g class="bar vertical" fill="#999"><path></path></g><g class="bar vertical" fill="#999"><path></path></g><g class="bar vertical" fill="#999"><path></path></g><g class="bar vertical" fill="#999"><path></path></g><g class="bar vertical" fill="#999"><path></path></g><g class="bar vertical" fill="#999"><path></path></g><g class="bar vertical" fill="#999"><path></path></g><g class="bar vertical" fill="#999"><path></path></g><g class="bar vertical" fill="#999"><path></path></g><g class="bar vertical" fill="#999"><path></path></g><g class="bar vertical" fill="#999"><path></path></g><g class="bar vertical" fill="#999"><path></path></g><g class="bar vertical" fill="#999"><path></path></g><g class="bar vertical" fill="#999"><path></path></g><g class="bar vertical" fill="#999"><path></path></g><g class="bar vertical" fill="#999"><path></path></g><g class="bar vertical" fill="#999"><path></path></g><g class="bar vertical" fill="#999"><path></path></g><g class="bar vertical" fill="#999"><path></path></g><g class="bar vertical" fill="#999"><path></path></g><g class="bar vertical" fill="#999"><path></path></g><g class="bar vertical" fill="#999"><path></path></g><g class="bar vertical" fill="#999"><path></path></g><g class="bar vertical" fill="#999"><path></path></g><g class="bar vertical" fill="#999"><path></path></g><g class="bar vertical" fill="#999"><path></path></g><g class="bar vertical" fill="#999"><path></path></g><g class="bar vertical" fill="#999"><path></path></g><g class="bar vertical" fill="#999"><path></path></g><g class="bar vertical" fill="#999"><path></path></g><g class="bar vertical" fill="#999"><path></path></g><g class="bar vertical" fill="#999"><path></path></g><g class="bar vertical" fill="#999"><path></path></g><g class="bar vertical" fill="#999"><path></path></g><g class="bar vertical" fill="#999"><path></path></g><g class="bar vertical" fill="#999"><path></path></g><g class="bar vertical" fill="#999"><path></path></g><g class="bar vertical" fill="#999"><path></path></g><g class="bar vertical" fill="#999"><path></path></g><g class="bar vertical" fill="#999"><path></path></g><g class="bar vertical" fill="#999"><path></path></g><g class="bar vertical" fill="#999"><path></path></g><g class="bar vertical" fill="#999"><path></path></g><g class="bar vertical" fill="#999"><path></path></g><g class="bar vertical" fill="#999"><path></path></g><g class="bar vertical" fill="#999"><path></path></g><g class="bar vertical" fill="#999"><path></path></g><g class="bar vertical" fill="#999"><path></path></g><g class="bar vertical" fill="#999"><path></path></g><g class="bar vertical" fill="#999"><path></path></g><g class="bar vertical" fill="#999"><path></path></g><g class="bar vertical" fill="#999"><path></path></g><g class="bar vertical" fill="#999"><path></path></g><g class="bar vertical" fill="#999"><path></path></g><g class="bar vertical" fill="#999"><path></path></g><g class="bar vertical" fill="#999"><path></path></g><g class="bar vertical" fill="#999"><path></path></g><g class="bar vertical" fill="#999"><path></path></g><g class="bar vertical" fill="#999"><path></path></g><g class="bar vertical" fill="#999"><path></path></g><g class="bar vertical" fill="#999"><path></path></g><g class="bar vertical" fill="#999"><path></path></g><g class="bar vertical" fill="#999"><path></path></g><g class="bar vertical" fill="#999"><path></path></g><g class="bar vertical" fill="#999"><path></path></g><g class="bar vertical" fill="#999"><path></path></g><g class="bar vertical" fill="#999"><path></path></g><g class="bar vertical" fill="#999"><path></path></g><g class="bar vertical" fill="#999"><path></path></g><g class="bar vertical" fill="#999"><path></path></g><g class="bar vertical" fill="#999"><path></path></g><g class="bar vertical" fill="#999"><path></path></g><g class="bar vertical" fill="#999"><path></path></g><g class="bar vertical" fill="#999"><path></path></g><g class="bar vertical" fill="#999"><path></path></g><g class="bar vertical" fill="#999"><path></path></g><g class="bar vertical" fill="#999"><path></path></g><g class="bar vertical" fill="#999"><path></path></g><g class="bar vertical" fill="#999"><path></path></g><g class="bar vertical" fill="#999"><path></path></g><g class="bar vertical" fill="#999"><path></path></g><g class="bar vertical" fill="#999"><path></path></g><g class="bar vertical" fill="#999"><path></path></g><g class="bar vertical" fill="#999"><path></path></g><g class="bar vertical" fill="#999"><path></path></g><g class="bar vertical" fill="#999"><path></path></g><g class="bar vertical" fill="#999"><path></path></g><g class="bar vertical" fill="#999"><path></path></g><g class="bar vertical" fill="#999"><path></path></g><g class="bar vertical" fill="#999"><path></path></g><g class="bar vertical" fill="#999"><path></path></g><g class="bar vertical" fill="#999"><path></path></g><g class="bar vertical" fill="#999"><path></path></g><g class="bar vertical" fill="#999"><path></path></g><g class="bar vertical" fill="#999"><path></path></g><g class="bar vertical" fill="#999"><path></path></g><g class="bar vertical" fill="#999"><path></path></g><g class="bar vertical" fill="#999"><path></path></g><g class="bar vertical" fill="#999"><path></path></g><g class="bar vertical" fill="#999"><path></path></g><g class="bar vertical" fill="#999"><path></path></g><g class="bar vertical" fill="#999"><path></path></g><g class="bar vertical" fill="#999"><path></path></g><g class="bar vertical" fill="#999"><path></path></g><g class="bar vertical" fill="#999"><path></path></g><g class="bar vertical" fill="#999"><path></path></g><g class="bar vertical" fill="#999"><path></path></g><g class="bar vertical" fill="#999"><path></path></g><g class="bar vertical" fill="#999"><path></path></g><g class="bar vertical" fill="#999"><path></path></g><g class="bar vertical" fill="#999"><path></path></g><g class="bar vertical" fill="#999"><path></path></g><g class="bar vertical" fill="#999"><path></path></g><g class="bar vertical" fill="#999"><path></path></g><g class="bar vertical" fill="#999"><path></path></g><g class="bar vertical" fill="#999"><path></path></g><g class="bar vertical" fill="#999"><path></path></g><g class="bar vertical" fill="#999"><path></path></g><g class="bar vertical" fill="#999"><path></path></g><g class="bar vertical" fill="#999"><path></path></g></g><g id="legend-axis" fill="none" font-size="10" font-family="sans-serif" text-anchor="start"><path class="domain" stroke="#000" visibility="hidden"></path><g class="tick"><path stroke="#000"></path><text fill="#000" visibility="false">−2,000</text></g><g class="tick"><path stroke="#000"></path><text fill="#000" visibility="false">2,000</text></g><g class="tick"><path stroke="#000"></path><text fill="#000" visibility="false">0</text></g></g></svg>