<pre id="content"><span class="comment">// New Column 1</span><br> </pre>